126
126
. . . . . . . . . . . . . . . . . . . . . . . . . . & . . . . . . . . . . . . . . . . . . . . . . . . . . . . . . . . . . . . . . . . . . . . $ # # . . . . . . . . . . . . . # # # # # # # # # # . . . . . . . . . . . . . . . . . . . . # # # # # $ # # . 
 . . . . . . . . . . . . . . . . . . . . . . . . . . . . . . . . & . . . . . . . . . . . . . . . . . . . . . . . . . . . . . . . . . . . . . # # # . . . . . . . . . . . . . # # # # # # # # # # # . . . . . . . . . . . . . . . . . . . # # # # # # # # # . 
. . . . . . . . . . . . . . . . . . . . . . . . . . . . . . & . . . . . . . . . . . . . . . . . . . . . . . . . . . . . . . . . . . . . . . # # # & . . . . . . . . . . . # # # # # # # # # . . # . . . . . . . . . . . . . . . . . . # # # # # # # # # # . 
 . . . . . . . . . . . . . . . . . . . . . . . . . . . . . . . . . . . . . . . . . . . . . . . . . . . . . . . . . . . . . . . . . . . . . # # # . . . . . . . . . . . . . # # # # # # # # . . . # . . . . . . . . . . . . . . . # $ # # # # # # # # # # . . 
. . . . . . . . . . . . . . . . . . . . . . . . . . . . . . . . . . . . . . . . . . . . . . . . . . . . . . . . . . . . . . . . . . . # $ # # i . . . . . . . . . . . . . # # # # # # # # # . . # # . . . . . . . . . . . # # # # # # # # # # # # # # # # . 
 . . . . . . . . . & . . . . . . . . . . . . . . . . . . . . . . . . . . . . . . . . . . . . . . . . . . . . . . . . . . . . . . . . $ # # . . i i . . . . . . . . . . # # # # # # # # # # $ # # # # . . . . . . # $ # # # # # # # # $ # . . . # # # # # # . 
. . . . . . . . . b . . . . . . . . . . . . . . . . . . . . . . . . . . . . . . . . & . . . . . . . . . . . . . . . . . . . . # # # # # # . i i i i . . . . . . . . . . # # # # # # # # # # # # # # . . . . . . # # # # # $ # # # # . . . . . . . # # # # . 
 . . . . . . . b b b b . . . . . . . . . . . . . . . & . . . . . . . . . . . . . . . . & . . . . . . . . . . . . . . . . . . # # # # # # # . . i i . . . . . . . . . . . # $ # # # # # # # # # # $ . . . . . . # . . $ $ . . . . # . . . . . . . . # # # . . 
. . . . . b b b . . . . . . . . . . . . . . . . . . . . . . . . . . . . . . . . # . . . . . . . . . . . . . . . . . . . . . . # # # # # # . . . i . . . . . . . . . . . # . . # $ # $ # # # # # $ . . . . . . . . . . . . . . . . . . . . . . . . # # # . . 
 . . . . . . b b . . . . . . . . . . . . . . . . . . . . . . . . . . . . . . . . # # . . . . . . . . . . . . . . . . . . . . . 2 # # # # . . . . . . . . . . . . . . . . . . . # . . # # # # # # # . . . . . . . . . . . . . . . . . . . . . . . . . # # . . 
. . . . . . & & . . . . . . . . . . . . . . . . . . . . . . . . . . . . . . . . . # . . . . . . . . . . . . . . . . . . . . . # # # # # . . . . . . . . . . . . . . . . . . . # . . . $ # # # # # # . . . . . . . . . . . . . . . . . . . . . . . . . # # . 
 . . . . . . . . . . . . . . . . . . . . . . . . . . . . . # # . . . . . . . . . # . . . . . . . . . . . . . . . . . . . . . # # # # $ . . . . . . . . . . . . . . . . . . . # $ . . & $ # # # # # # . . . . . . . . . . . . . . . . . . . . . . . . . # # . 
. . . . . . . . . . . . . . . . . . . . . . . . . . . . . # # # . . . . . . . . # . . . . . . . . . . . . # $ . . . . . . . . . # # # # . . . . . . . . . . . . . . . . . # # # # . . # # # # # # # $ . . . . . . . . . . . . . . . . . . . . . . . . . # # 
 . . . . . . . . . . . . . . . . . . . . . . . . . . . . . $ # # . . . . . . . . # a . . . . . . . . . . . # # . . . . . . . . . # # # # . . . . . . . . . . . . . . . . . # # # # # # # # # # # # # # . . . . . . . . . . . . . . . . . . . . . . . . # $ # 
. . . . . . . . . . . . . . . . . . . . . . . g . . . . . . # # # . . . . . . . . a . a a . . . . . . . . . # # # . . . . . . . & # # # # . . . . . . . . . . . . . . . . $ # # # # # # # # # # # # . . . . . . . . . . . . . . . . . . . . . . . . . . # . 
 . . . . . . . . . . . . . . . . . . . . . g g . . . . . . . # # # . . . . . . . a a a a a . . . . . . . . . # # . . . # # . . . . # # # $ . . . . . . . . . . . . . . . . # # # # # # # # # # # # . . . . . . . . . . . . . . . . . . . . . . . . . . . . . 
. . . . . . . . . . . . . . . . . . . . . g g . . . . . . . . # # # . . # # . . . $ a # . . . . . . . . . . # # . . . . # # . . . . # # # . . . . . . . . . . . . . . . . # # # # # # # # # # # # . . & . . . . . . . . . . . . . . . . . . . . . . . . . . 
 . . . . . . . . . . . . . . . . . . . . . g g . . . . . . . . # # # # # # $ # # # # # # . . . . . . . . # # # $ . . . # # # . . . # # # . & . . . . . . . . . . . . . . # # # # # # # # # # # # . . . . . . . . . . . . . . . . . . . . . . . . . . . . . . 
. . . . . . . . . . . . . . . . . . . . g . . . . . . . . . . # # # # # # # # # $ # # # . . . . . . . . . # # # # # $ # # # # # 8 # # # # . . . . . . . . . . . . . # # # # # # # # # # # # # # # . . . . . . . . . . . . . . . . . . . . . . . . . . . . . 
 . . . . . . . . . . . . . . . . . . . . g . . . . . . . . . # # # # # # # # . . . . . . . . . . . . . . # # # # # # # # # # # # # # # # . . . . . . . . . . . . . # # # # # # # # # # # # # # # . . . . . . . . . . . . . & . . . . . . . . . . . . . . . . 
. . . . . . . . . . . . . . . . . . . . g . . . . . . . . . . . # # . . . # . . . . . . . . . . . . . . . # # # # # # # # # # # # # . . & . . . . . . . . . . . . . $ # # # # # # # # # # # # # # . . . . . . . . . . . . . . . . . . . . . . . . . . . . . 
 . . . . . . . . . . . . . . . . . . . . . . . . . . . . . . & . # . . . . . . . . . . . . . . . . . . . . . . # # # # # # # # # $ . . . . . . . . . . . . . . . . . $ # # # # # # $ $ # # # # # # . . . . . . . . . . . . . . . . . . . . . . . . . . . . . 
. . . . . . . . . & . . . . . . . . . . . . . . . & . . . . . . . . . . . . . . . . . # # # # # # # . . . . . . # # # . . # # . . # . . . . . . . . . . # # . . . . # # # $ # . . # . . # # # # # . . . . . . . . . . . . . . . . . . . . . . . . . . . . . 
 . . & . . . . . . . . . . . . . . . . . . . . . . . . . . . . . . . . . . . . . . . # # # . . . # $ . . . . . . # # . . . . . . . # . . . . . . . . . # 2 # # $ # # 7 # # . . . . . . . $ # # # . . . . . . . . . . . . . . . . . . . . . . . . . . . . . . 
. . . . . . . . . . . . . . . . & . . . . . . . . . . . . . . . . . . . . . . . . . . # # . . . . # . . . . . . . . . . # # . . . # . . . . . . . . . # # # # # # # # # . . . . . . . . . # # # . . . . . . . . . . . . . . . . . . . . . . . & . . . . . . 
 . . . . . . . . . . . . . . . . . . . . . . . . . . . . . . . . & . . . . . . . . . . . . . . . # $ . . . . . . . . . # # # . . # $ . . . . . . . . $ # # # # # # # # . . . . . . . . . . . # # . . . . . . . . . . . . . . . . . . . . . . . . . . . . . . 
. . . . . . . . . . . . . . . . . . . . . . . . . . . . . . . . . . . . . . . . . . . . . . . . . # # . . . . . . . # # # . & . # # $ . . . . . . . . . # # # # # # . . . . . . . . . . . . . # # . . . . . . . . . . . . . . . . . . . . . . . . . . . . . 
 . . . . . . . . . . . . . . . . . . . . . . . . . . . . . . . . . . . . . . . . . . . . . . . . # # $ # . . . . . . # $ . . . . $ $ . . . . . . . . . . . # . . # . . . . . . . . . . . . . . # . . . . . . . . . . . . . . . . . . . . . . . . . . . . . . 
. . . . . . . . . . . . . . . . . . . . . . . . . . . . . . . . . . . . . . . . . . . . . . . . # # # # $ . . . . . # # # . . . . . . . . . . . . . . . . . . . . . . . . . . . . . . . . . . . . . . . . . . . . . . . . . . . . . . . . . . . . . . . . . 
 . . . . . . . . . . . . . . . . . . . . . . . . . . . . . . . . . . . . . . . . . . . . . . . # # # # # # $ . . . # # # # # . . . . . . . . . . . . . . . . . . . . . . . . . . . . . . . . . . . . . . . . . . . . . . . . . . . . . . . . . . . . . . . . 
. & . . . . . . . . . . . . . . . . . . . . . . . . . . . . . . . . . . . . . . . . . . . . . # # # # # # # # # # # # # # # . . . . . . . . . . . . . . . . . . . . . . . . . . . . . . . . . . . . . . . . . . . . . . . . . . . . . . . . . . . . . . . . 
 . . . . . . . . . . . . . . . . . . . . . . . . . . . . . . . . . . . . . . . . . . . . . . . # # # # # # # # # # # # # # # . . . . . . . . . . . . . . . . . . . . . . . . . . . . . . . . . . . . . . . . . . . . . . . . . . . . . . . . . . . . . . . . 
. . . . . . . . . . . . . . . . . . . . . . . . . . . . . . . . . . . . . . . . . . . . . . . . # # $ # # # # # # # # # # # . . . . . . . . . . . . . . . . . . . . . . . . . . . . . . . . & . . . . . . . . . . . . . . . . . . . . . . . . . . . . . . . 
 . . . . . . . . . . . . . . . . . . . . . . . . . . . . . . . . . . . . . . . . . . . . . . . # # . . . # # # # # # # . . . . . . . . . . . . . . . . & . . . . . . . . . . . . . . . . . . . . & . . . . . . . . . . # # # # # $ # . . . . . . . . . . . . 
. . . . . . . . . . . . . . . . . . . . . . . . . . . . . . . . . . . . . . . . . . . . . . . $ # . . . . # # # # # # . . . . . . . . . . . . . . . . . . . . . . . . . . . . . . . . . . . . . . . . . . . . . # # # # # # # # # # # . . . . . . . . . . . 
 . . . . . . . . . j j j . . . . . . . . . . . . . . . . . . . . . . . . . . . . . . . . . . # # . . . . . . # # # # # . . . . . . . . . . . . . . . . . . . . . . . . . . . . . . . . . . . . . . . . . . . # # # # # # # # # # # # # # . . . . . . . . . . 
. & . . . . . . . j j j . . . . . . . . . . . . . . . . . . . . . . . & . . . . . . . . . . . $ # . . . . . . # # # # . . . . . . . . . . . . . . . . . . . . . . . . . . . . . . . . . . . . . . . . . . . . # # # # # # # # # # # # # # # # . . . . . . . 
 . . . . . . . . . j j . . . . . . . . . . . . . . . . . . . . . . . . . . . . . . . . . . . . . . . . . . & . # # # . . . . . & . . . . . . . . . . . . . . . . . . . . . . . . . . . . . . . . . . . . . . # # # # # # # # # # # # # # # # # . . . . . . . 
. . . . . . . j j . . . . . . . . . . . . # # . . . . . . . . . . . . . . . . . . . . . . . . & . . . . . . . # # # . . . . . . . . . . . . . . . . . . . . . . . . . . . . . . . . . . . . . . . . . . . # # # # # # # # # # # . . . # # # # . . . . . . . 
 . . . . . . . . . . . . . . . . . . . # # # # . . . . . & . . . . . . . . . . . . . . . . . . . . . . . . . . . # # . . . . . . . . . . . . . . . . . . . . . . . . . . . . . . . . & . . . . . . . . . # # # # # # # # # # . . . . . # # # # . . . . . . . 
. . . . . . . . . . . . . . . . . . . # # # # $ # . . . . . . . . . . . . . . . . . . . . . . . . . . . . . . . . . . . . . . . . . . . . . . . . . . . . . . . . . . . . . . . . . . . . . . . . . . . # # # # # . . . . . . . . . . . # $ $ . . . . . . . 
 . . . . . . . . . . . . . . . . . . . # # # # # # . . . . . . . . . . . . . . . . . . . . . . . . . . . . . . . . . . . . . . . . . . . . . . . . . . . . . . . . . . . . . . . . & . . . . . . . . . . . $ $ # . . . . . . . . . . . . . . . . . . . . . . 
. . . . . . . . . . . . . . . . . . . # # # # # $ # $ . . . . . . . . . . . . . . . . . . . . . . . . . . . . . . . . . . . . . . . . . . . . . . . . . . . . . . . . . . . . . . . . . . . . . # # # . . . . # # . . . . . . . . . . . . . . . . . . . . . 
 . . . . . . . . . . . . . . . . # # # # # . . . $ # . . . . . . . . . . . . . . . . . . . . . . . . . . . . . . . . . . . . . . . . . . . . . . . . . . & . . . . . . . . . . . . . . . . . # # # # # . . . . . . . . . . . . . . . . . . . . . . . . . . . 
. . . . . . . . . . . . . . . . . $ # # # . . . . # . . . . . . . . . . . . . . . . . . . . . . . . . . . . . . . . . . . . . . . . . . . . . . . . . . . . . . . . . . . . . . . . . . . . # # # # # # . . . . . . . . . . . . . . . . . . . . . . . . . . 
 . . . . . . . . . . . . . . . . # . . # . . . . # # . . . . . . . . . . . . . . . . . . . . . . . . . . . . . . . . . . . . . . . . . . . . & . . . . . . . . . . . . . . . . . . . . . . # # # # # # # # . . . . . . . . . . . . . . . . & . . . . . . . . 
. . . . . . . . . . . . . . . . # . . . . . . . . # # . . . . . . . . . . . . . . . . . . . . . . . . . . . . . . . # # . . . . . . . . . . . . . . . . . . . . . . . . . . . . . . . . . . # # # # # # # # . . . . . . . . . . . . . . . . . . . . . . . . 
 . . . . . . . . . . . . . . . # # . . . . . . . . . . . . . . . . . . . . . . . . . . . . . . . . . . . . . . . # $ # # & . . . . . . . . . . . . . . . . . . . . . . . . . . . . . . . . . # # # # # # # # # . . . . . . . . . . . . . . . . . & . . . . . 
. . . . . . . . . . . . . # # # # . . . . . . . . . . . . . . . & . . . . . . . . . . . . . . . . . . . . . . . # # # # # # . . . . . . . . . . . . . . . . . . . . . . . . . . . . . . . . # # # # # # # # # . . . . . . . . . . . . . . . . . . . . . . . 
 . . . . . . . . . . . # # # # # $ . . . . . . . . . . . . . . . . . . . . . . . . . . . . . . . . . . . . . # $ # # # # # # . . . . . . . . . . . . . . . . . . . . . . . . . . . . . . . . # # # # # # # # # . . . . . . . . . . . . . . . . . . . . . . . 
. . . . . . . . . . . . # # # # $ . . . . . . . . . . . . . . . . . . . . . . . . . . . . . . . . . . . . . $ # # # # # # # . . . . # # # . . . . . . . . . . . . . . . . . . . . . . . . . . # # # # # # # # . . . . . . . . . . . . . . . . . # . . . . . 
 . . . . . . . . . . . # $ # # # . . . . . . . . . . . . . . . . . # # . . . . . . . . . . . . . . . . . . . # # # # # $ . . . . . # # $ . . . . . . . . . . . . . . . . . . . . . . . . . . . $ . . . . . . . . . . . . . . . . . . . # # . . # # # . . . . 
. . . . . . . . . . . # # # # # . . . . . . . . . . . . . . . . . # # # # . . . . . . . . . . . . . . . . . . # # # # . . . . . . . $ # # . . . . . . . . . . . . . . . . . . . . . . . . . . . . . . . . . . . . . . . . . . . . . . # # # # # # # . . . . 
 . . . . . . . . . . # # # # # . . . . . . . . . . . . . . . . . $ # # # . . . . . . . . . . . . . . . . . . . . . . . . . . . . . # # # # # # # # # . . . . . . . . . . . . . . . . . . . & . . . . . . . . . . . . . . . . . . # # # # # # # # # # . . . . 
. . . . . . . . . . . # # # # . . . . . . . . . . . . . . . . $ # # # # # . . . . . . . . . . . . . . # . . . . . . . . . . . # # # # # # # # # # # # . . . # . . . . . . . . . . . . . . . . . . . . . . . . . . . . . . e . . # # # # # # # # # # # . . . 
 . . . . . . . . & . # # # # . . . . . . . . . . . . . . . . # # # # # # # # # . . . . . . . . . . # # $ # . . . . . . . . . . # # # # # # # # # # # # # $ # . . . . . . . . . . . . . . . . . . . . . . . . . . . . . . e e . e . # . . $ # # # # # # # . & 
. . . . . . . . $ # # # # # . . . . . . . . . . . . . . . . $ # # # # # # # # . . . . . . . . . $ # # $ # . . . . . . . . . . # # # # # # # # # # # # # # # . . . . . . . . . . . . . . . . . . . . . . . . . . . . . . . . e e e . . & . # # # # # # # $ . 
 . . . . . . . # # # # # # . . . . . . . . . . . . . . . . # # # # # # # # # # . . . . . . . . # # # # # . . . . . . . . . . # # # # # # # # # # # # # # # . . . . . . . . . . . . . . . . . . . . . . . . . . . . . . . . . . e . . . . . $ # # # # # # # . 
. . . . . . . . # # # # . . . . . . . . . . . . . . . # # # # # # # # # # # # # . . . . . . # # # # # # . . . . . . . . . . # # . . . . . . # # # # # # # . . . . . . . . . . . . . . . . . . . . . . . . . . . . . . . . . . . e e . . . # # # # # # # . . 
 . . . . . . . . # # # . . . . . . . . . . . . . . . # # # # # # # # # # # # # . . . . . . . . # # # # # . . . . . . . . . . . . . . . . . . $ # # . . . . . . . . . . . . . . . . . . . . . . . . . . . . . . . . . . . . . . . . . . . . # # # # # # . . . 
. . . . . . . . . . # . . . . . . . . . . . . . . # # # # # # # # # $ $ # # # $ . . . . . . . . # # # . . . . . . . . . . . . . . . . . . . $ # # & . . . . . . . . . . . . & . . . . . . . . . . . . . . . . . . . . . . . . . . . . & . $ # . . . . . . . 
 . . . . . . . . . . . . . . . . . . . . . . . . . . . . . $ $ # . . . . . # # . . . & . . . . . # # . . . . . . . . . . . . . . . . . . . . # $ . . . . . . . . . . . . . . . . . & . . . . . . . . . . . . . . . . . . . . . . . . . . . . . . . . . . . . 
. . . . . . . . . . . . . . . . . . . . . . . . . . . & . . . . . . . . . . # # . . . . . . . . . $ . . . . . . . . . . . . . . . . . . . . . # # . . . . . . . . . . . . . . . . . . & . . . . . . . . . . . . . . . . . . . . . . . . . . . . . . . . . . 
 . . . . . . . . . . . . . . . . . . . . . . . . . . . . . . . . . . . . . # # # . . . . . . . . . . . . . . . . . . . . . . . . . . . . . . . . . . . . . . . . . . . . . . . . . . . . . . . . . . . . . . . . . . . . . . . . . . . . . . . . . . . . . . 
. . . . . . . . . . . . . . . . . . . . . . . . . . . . . . . . . . . . . . $ # . . . . . . . . . . . . . . . . . . . . . . . . . . . . . . . . . . . . . . . . . . . . . . . . . . . . . . . . . . . . . . . . . . . . . . . . . . . . . . . . . . . . . . 
 . . . . . . . . . . . . . . . . . . . . . . . . . . . . . . . . . . . . . . . . . . . . . . . . . . . . . . . . . . . . . . . . . . . . . . . . . . . . . . . . . . . . . . . . . . . . . . . . . . . . . . . . . . . . . . . . . . . . . . . . . . . . . . 
. . . . . . . . . . . . . . . . . . . . . . . . . . . . . . . . . & . . . . . . . . . . . . . . . . . . . . . . . . . . . . . . . . . . . . . . . . . . . . . . . . . . . . . . . . . . . . . . . . . . . . . . . . . . . . . . . . . . . . . . . . . & . . 
 . . . . . . . . . . . . . . . . . . . . . . . . . . . . . . . . . . . . . . & . . . . . . . . . . . . . . . . . . . . & . . & . . . . . . . . . . . . . . . . . . . . . . . . . . . . . . . . . . . . . . . . . . . . . . . . . . . . . . . . . . . . . . . 
. . . . . . . & . . . . . . . . . . . . . . . . . . . . . . . . . . . . . . . . . . . . . . . . . . . . . . . . . . . . . . . . . . . . . . . . . . . . . . . . . . . . . . . . . . . . . . . . . . . . . . . . . . . . . . . . . . . . . . . . . . . . . . 
 . . . . . . . . . . . . . . . . . . . . . . . . . . . . . . . . . . . . . . . . . . . . . . . . . . . . . . . . . . . . . . & . . . . . . . . . . . . . . . . . . . . . . . . . . . . . . . . . . . . . . . . . . . . . . . . . . . . . . . . . . . . . . . 
. . . . . $ . . . . . . . . . . . . . . . . . . . . . . & . . . . . . . . . . . . . . . . . . . . . . . . . . . . . . . . . . . . . . . . . . . . . . . . . . . . . . . . . . . . . . . . . . . . . . . . . . . . . . . . . . . . . . . . . . . . . . . . . 
 . . . . # # # . . . . . . . . . . . . . . . . . . . . . . . . . . . . . . . . . . . . . . . . . . . . . . . . . . . . . . . . . . . . . . . . . . . . . . . . . . . . . . . . . . . . . . . . . . . . . . . . . . . . . . . . . . . . . . . . . . . . . . . 
. . . . # # # # . . . . . . . . . . . . . . . . . . . . . . . . . . . . . . . . . . . . . . . . & . . . . . . . . . . . . . . . . . . . . . . . . . . . . . . . . . . . . . . . . . . . . . . . $ . . . . . . . . . . . . . . . . . . . . . . . . . . . . . 
 . # # # # # # # # . . . . . . . . . . . . . . . . . . . . . . . . . . . . . . . . . . . . . . . . . . . . . . . . . . . . . . . . . . . . . . . . . . . . . . . . . . . . . . . . . . . . . # # $ # . . . . . . . . . . . . . . . . . . . . . . . . . . . . 
$ # # # # # # # # . . . . . . . . . . . . . . . . . . . . . . . . . . . . . . . . . . . . . . . . . . . . . . . . . . . . . . . . . . . . . . . . . . . . . . . . . . . . . . . . . . # # # # # # # # . . . . . . . . . . . . . . . . . . . . . . . . . . . 
 # # # # # # # # . . . . . . . . . . . . . . . . . & . . . . . . . . . . . . & . . . . . . . . . . . . . . . . . . . . . . . . . . . . . . . . . . . . . . . . . . . . . . . . . # # # # # # . . # # # # # # # # . . . . . . . . . . . . . . . . . . . . . . 
. # # # # # . . . . . . . . . . . . . . . . . . . . . . . . . . . . . . . . . . . . . . . . . . . . . . . . . . . . . . . . . . . . . . . . . . . . . . . . . . . . . . . . . . . # # # # # . . . # # # # # # # # . . . . . . . . . . . . . . # # # . . . . 
 . # # # . . . . . . . . . . . . . . . . . . . . . . . . . . . . . . . . . . . c . . . . . . . . . . . . . . . . . . . . . . . . . . . . . . . . . . . . . . . . . . . . . . . . . # # # # . . . . # # # # # # # . . . . . . . . . . . . . . . # # # . . . . 
. # # # . . . . . . . . . . . . . . . & . . . . . . . . . . . . . . . . . . . c c c c c . . . . . . . . . & . . . . . . . . . . . . . . . . . . . . . . . . . . . . . . . . . . . . # # # . . . . . # # # # # # . . . . . . . . . . . . . . . . # $ . . . . 
 # # # . . . . . . . . . . . . . . . # . . . . . . . . . . . . . . . . . . . . c . . . . c c . . . . . . . . . . . . . . . . . . . . . . . . . . . . . . . . . . . . . . . . . . . . . # . . . . . . . # # # # # . . . . . . . . . . . . . . . . # . . . . # 
# # # # . . . . . . . . . . . . . $ # # # . . . . . . . . . . . . . . . . . . . . . . . . . c . . . . . . . . . . . . . . . . . . . . . . . . . . . . . . . . . . . . . . . . . . . . . . . . . . . . . . . . # # # # . . . . . . . . . . . . . . $ . . . . 
 # # # $ . . . . . . . . . . . . # # # # # . . . . . . . . . . . . . . . . . . . . . . . . . . . . . . . . . . . . . . . . . . . . . . . . . . . . . . . . . . . . . . . . . . . . . . . . . . . . . . . . . . # # # . . . . . . . . . . . . . . # # . . . # 
# # # # . . . . . . . . . . . . . # # # # . . . . . . . . . . . . . . . . . . . . . . . . . . . . . . . . . . . . . . . . . . . . . . . . . . . . . . . . . . . . . . . . . . . . . . . . . . . . . . . & . . . # # # . . . . . . . . . . . . . # # # # # # 
 # . . . . . . . . . . . . . . . . # # # . . . . . . . . . . . . . . . . . . . . . . . . . . . . . . . . . . . . . . . . . . . . . . . . . . . . . . . . . . . . . . . . . . . . . . . . . . . . . . . . . . . . # # # . . . . . . . . . . . . . # # # # # # 
. . . . . . . . . . . . . . . . . $ # # . . . . . . . . . . . . . . . . . . . . . . . . . . . . . . . . . . . . . . . . . . . . . . . . . . . . . . . . . . . . . . . . . . . . . . . . . . . . . . . . . . . . . # # . . . . . . . . . . . . . # # # # # # 
 . . . . . . . . . . . . . . . # # # . . . . . . . . . . . . . . . . . . . . . . . . . . . . . . . . . . . . . . . . . . . . . . . . . . . . . . . . & . . . . . . . . . . . . . . . . . . . . . . . . . . . . . # # # . . . . . . . . . . . . . . . . . . . 
. . & . . . . . . $ # . . . . . # # . . . . . . . . . . . . . . . . . . . . . . . . . . . . . . . . . . . . . . . . . . . . . . . . . . . . . . . . . . . . . . . . . . . . . . . . . . . & . . . . . . . . . . # # # # # & . . . . . . . . . . . . . . . . 
 . . . . . . . . # 3 . . . . . # . . . . . . . . . . . . . . . . . . . . . . . . . . . . . . . & . . . . . . . . . . . . . . . . . . . . . . . . . . . . . . . . . . . . . . . . . . . . . . . . . . . . . . . . . # # # . . . . . . . . . . . . . . . . . . 
. . . . . . . . . # . . . . . # . . . . . . . . . . . . . . . . . . . . . . . . . . . . . . . . . . . . . . . . . . . . . . . . . . . . . . . . . . . . . . . . . . . . . . . . . . . . . . . . . . & . . . . . . . . # . . . . . . . . . . . . . . . . . . 
 . . . . . . . . # # . . . # # # . . . . . . . . . . . . . . . . . . . . . . . . . . . . . . . . . . . . . . . . . . . . . . . . . . . . . . . . . . . . . . . . . . . . . . . . . . . . . . . . . . . . . . . . . . . . . . . . . . . . . . . . . . . . . . 
. . . . . . . . $ # $ # # $ # # # . . . . . . . . . . . . . . . . . . . . . . . . . . . . . . . . . . . . . . . . . . . . . . . . . . . . . . . . . . . . . . & . . . . . . . . . . . . . . . . . . . . . . . . . . . . . . . . . . . . . . . . . . . . . . 
 . . . . . . # # # # # # # # # . . . . . . . . . . . . . . . . . . . . . . . . . . . . . . . . . . . . . . . . . . . . . . . . . . . . . . . . . . . . . . . . . . . . . . . . . . . . . . . . . . . . . . # # . . . . . . . . . . . . . . . . . . . . . . . 
& . . . . . . # # # # # # . . . . . . . . . . . . . . . . . . . . . . . . . . . . . . . . . . . . . . . . . . . . . . . . . . . . . . . . . . . . . . . . . . . . . . . . . . . . . . . . . . . . . . . . # # # # . . . . . . . . . . . . . . . . . . . . . 
 . . . . . . # # # # # # . . . . . . . . . . . . . . . . . . . . . . . . . . . . . . . . . . . . . . . . . . . . . . . . . . . . . . . . . . . . . . . . . . . . . . . . . . . . . . & . . . . . . . . . . # # # # # # # . . . . . . . . . . . . . . . . . . 
. . . . . . # # # # # # # . . . . . . . . . . . . . . . . . . . . . . . . . . . . . & . . . . . . . . . . . . . . . . . . . . . . . . . . . & . . . . . . . . . . . . . . . . . . . . . . . . . . . . . . . # # # # # # # # # . . . . . . . . . . . . . . . 
 . . . . . . # # # # # # . . . . . . . . . . . . . . . . . . . . . . . . . . . . . . . . . . . . . . . . . . . . & . . . . . . . . . . . . . . . . . . . . . . . . . . . . . . . . . . . . . . . . . . . . . . # # # # # # # # . . . . . . . . . . . . . . . 
. . . . . . # # $ . . # . . . . . . . . . . . . . . . . . . . . . . . . . . . . . . . . . . . . . . . . . . . . . . . . . . . . . . . . . . . . . . . . . . . . . . . . . . . . . . . . . . . . . . . . . . . . . # # # # # # . . . . . . . . . . . . . . . 
 . . . . . $ # # . . . . . . . . . . . . . . . . . . . . . . . . . . . . . . . . . . . h . . . . . . . . . . . . . . & . . . . . . . . . . . . . . . . . . . . . . d . . . . . . . . . . . . . . . . . . . . . . . . . . . . . . . . . . . . . . . . . . . . 
. . . . . # # $ . . . . . . . . . . . . . . . . . . . . . . . . . . & . . . . . . . h h h . . . . . . . . . . . . . . . . . . . . . . . . . . . . . . . . . . d . d d d . . . . . . . . . . . . . . . . . . . . . . . . . . . . . . . . . . . . . . . . . . 
 . . . . $ # # . . . . . . . . . . . . . . . . . . . . . . . . . . . . . . . . . . . . h . . . . . . . . . . . . . . . . . . . . . . . . . . . . . . . . . . . d d . d . . . . . . . . . . . . . . . . . . . . & . . . . . . . . . . . . . . . . . . . . . . 
. . . . . $ # # . . . . . . . . . . . . . . . . & . . . . . . . . . . . . . # # # . h h . . . . . . . . . . . . . . . . . . . . . . . . . . . . . . . . . . . d . . . . . . . . . . . . # # . . . . . . . . . . . . . . . . . . . . . . . . . . . . . . . . 
 . . . . . . # . . . . . . . . . . . . . . . . . . . . . . . . . . . . . # # # # # # h h . & . . . . . . & . . . . . . . . . . . . . . . . . . . . . . . . . . d . . . . . . . . . . . . # # # . . . . . . . . . . . . . . . . . . . . . . . . . . . . . . . 
. . . . . . . . . . . . . . . . . . . . . . . . . . . . . & . . . . . . # # # # # # $ h . . . . . . . . . . . . . . . . . . . . . . . . . . . . . . . . . . . . . . . . . . . . . . . . # # # . . . . . . . . . . & . . . . . . . . . . . . . . . . . . . . 
 . . . . . . . . . . . . . . . . . . . . . . . . . . . . . . . . . . . # # # # # # # # . . . . . . . . . . . . . . . . . . . . . . . . . . . . . . . . . . . . . . . . . . . . . . . . . # # # . . . . . . . . . . . . . . . . . . . . . . . . . . . . . . . 
. . . . . . . . . . . . . . . . . . . . . . & . . . . . . . . . . . . # # # # # # # # . . . . . . . . . . . . . . . . . . . . . . . . . . . . . . . . . . . . . . . . . . . . . . . . . # # # # . . . . . . . . . . . . . . . . . . . . . . . . . . . . . . 
 . . . . . . . . . . . . . . . . . . . . . . . . . . . . . . . . . . # # # # # # # . . . . . . . . . . . . . . . . . . . . . . . . . . . . . . . . . . . . . . . . . . . . . . . . . . . # # # # # . . . . . . . . . . . . . . . . . . . . . . . . . . . . . 
. . . . . . . . . . & . . . . . . . . . . . . . . . . . . . . . . . # # # # # # . . . . . . . . . . . . . . . . . . . . . . . . . . . . . . . . . . . . . . . . . . . & . . . . . . . . . $ # # # . . . . . . . . . . . . . . . . . . . . . . . . . . . . . 
 . . . . . . . . . . . . . . . . . . . . . . . . . . . . . . . . . . # # # # # . . . . . . . . . . . . . . . . . . . . . . . . . . . . . . . . . . . . . . . . . . . . . . . . . . . . . . # # $ . . . . . . . . . . . . . . . . . . . . . . . . . . . . . . 
. . . . . . . . . . . . . . . . . . . . . . . . . . . . . . . . . . # # # # # . . . . . . . . . . . . . . . . . . . . . . . . . . . . . . . . . . . . . . . . . . . . . . . . . . . . . . . # # # . . . . . . . . . . . . . . . . . . . . . . . . . . . . . 
 . . . . . . . . . & . . . . . . . . . . . . . . . . . . . . . . . # # # # # # . . . . . . . . . . . . . . . . . . . . . . . . . . . . . . . . . . . . . . . . . . . . . . . . . . . . . . . $ # # . . . . . . & . . . . . . . . . . . . . . . . . . . . . . 
. . . . . . . . . . . . . . . . . . . . . . . . . . . . . . . . . $ # # # # # . . . . . . . . . . . . . . . . . . . . . . . . . . . . . . . . . . . . . . . . . . . . . . . . . . . . . . . . . # $ . . . . . . . . . . . . . . . . . . . . . . . . . . . . 
 . . . . . . . . . . . . . . . . . . . . . . . . . . . . . . . . . # # # # # . . . . . . . . . . . . . . . . . . . . . . . . . . . . . . . . . . . . . . . . . . . . . . . . . . . . . . . . . . . . . . . . . . . . . . . . . . . . . . . . . . . . . . . . 
. . . . . . . . . . . . . . . . . . . . . . . . . . . . . . . . . # # # # # . . . . . . . . . . . . . . . . # # . . . . . . . . . . . . . . . . . . . . . . . . . . . . . . . . . . . . . . . . . . . . . . . . . . . . . . . . . . . . . . . . . . . . . . 
 . . . . . . . . . . . . . . . . . . . f f f . . . . . . . . & . . # # # # # . . . . . . . . . . . . . . # # # . . . . . . . . . . . . . . . . . . . . . . . . . . . . . . . . . . . . . . . . . . . . . . . . . . . . . . . . . . . . . . . . . . . . . . . 
. . . . . . . . . . . . . . . . . . . f f f . f . . . . . . . . . . # # # # . . . . . . . . . . . . . . . # # $ . . . . . . . . . . . . . . . . . . . . . . . . . . . . . . . . . . . . . . . . . . . . . . . . . . . . . . . . . . . . . . . . . . . . . . 
 . . . . . . . . . . . . . . . . . . . . . . f f f . . . . . . . . . # # # # . . . . . . . . . . . . . . # # # # . . . . . . . . . . . . . . . . . . . . . . . . . . . . . . . . . . . . . . . . . . . . . . . . . . . . . . . . . . . . . . . . . $ . . . . 
. . . . . . . . . . . . . . . . . . . . . . . . . . . . . . . . . . . # # # # # . . . . . . . . . . . . # # # # # . . . . . . . . . . . . . . . . . . . . . . . . . . . . . # # # # # . . . . . . . . . . . . . . . . . . . . . . . . . . . . . . . . . . . 
 . . . . . . . . . . . . . . . . . . . . . . . . . . . . . . . . . . . . $ # # # . . . . . . . . . . . . # # # # # # # # . . . . . . . . . . . . . . . . . & . . . . . . . # # # # # # . . . . . . . . . . . . . . . . . . . . . . . . . . . . . # . # . . . 
. # # . . . . . . . . . . . . . . . . . . . . . . . . . . . . . . . . . . . # # # . . . . . . . . . . . # # # # # # # # . . . . . . . . . . . . & . . . . . . . . . . . . $ # # # # # . . . . . . . . . . . . . . . . . . . . . . . . . . . . . . . # $ . . 
 # # # # . . . . . . . . . . . . . . . . . . . . . . . . . . . . . . . . . . . # . . . . . . . . . . . # # # # # # # # $ . . . . . . . . . . . . . . . . . . . . . . . . . $ # # # # # . . . . . . . . . . . . . . . . . . . . . . . . . . . . . . . . . # $ 
# # # # . . . . . . . . . . . . . . . . . . . . . . . . . . . . . . . . . . . . . . . . . . . . . . . # # # # # # # # # . . . . . . . . . . . . . . . . . . . . . . . . . . # # # . . . . . . . . . . . . . . . . . . . . . . . . . . . # . . . . . . . # # 
 # # # . . . . . . . . . . . . . . . . . . . . . . . . . & . . . . . . . . . . . . . . . . . . . . . . # # # # # # # # . . . . . . . . . . . . . . . . . . . . . . . . . . & # # . . . . . . . . . . . . . . . . . . . . . . . . . . . # # # . . . . . . . # 
# # # . . . . . . . . . . . . . . . . . . . . . . . & . . . . . . . . . . . . . . . . . . & . . . . . . # # # # # # # . . . . . . . . . . . . . . . . . . . . . . . . . . . . # # . . . . # # . . . . . . . . . . . . . . . . . . . . # $ . . . . . . . . . 
 # # # . . . . . . . . . . . . . . . . . . . . . . . . . . . . . . . . . . . . . . . . . . . . . . . . . . . # # # # # . . . . . . . . . . . # . . . . . . . . . . . . . . . # # # $ # # # # # . . . . . . . . . . . . . . . . . . . . . . . # . . . . . . . 
# # . . . . . . . . . . . . . . . . . . . . . . . . . . . . . . . . . . . . . . . . . . . . . . . . . . . . . . $ # # . . . . . . . . . . . # # # # . . . . . . . . . . . . . $ # # # # # # # # . . . . . . . . . . . . . . . . . . . . . . # $ # # . . . . 
 . . . . . . . . . . . . . . . . . . . . . . . . . . . . . . . . . . . . . . . . . . . . . . . . . . . . . . . . # # . . . . . . . . . . . . # # # # . . . . . . . . . . . . . # # # # # # # # # . . . . . . . . . . . . . & . . . . . . . # # # # # . . . . 
