126
126
. . . . . . . . . . . . . . . . n n n . . . . . . . . . . . . . . . . . . . . . . . . . . . . . . . . . . . . . . . . . . . . . . . . . . . . $ # # . . . . . . . . . . . . . # # # # # # # # # $ . . . . . . . . . . . . . . . . . . . . $ # # # # $ $ # . 
 . . . . . . . . . . . . . . . . . n n . . . . . . . . . . . . . . . . . . . . . . . . . . . . . . . . . . . . . . . . . . . . . . . . . . . # # # . . . . . . . . . . . . . # # # # # # # # 1 # # . . . . . . . . . . . . . . . . . . . # # # # # # # # # . 
. . . . . . . . . . . . . . . . . . . . . . . . . . . . . . . . . . . . . . . . . . . . . . . . . . . . . . . . . . . . . . . . . . . . . . # # $ . . . . . . . . . . . . # 7 # # # # # # $ . . # . . . . . . . . . . . . . . . . . . # # # # # # # # # # . 
 . . . . . . . . . . . . . . . . . . . . . . . . . . . . . . . . . . . . . . . . . . . . . . . . . . . . . . . . . . . . . . . . . . . . . # $ # . . . . . . . . . . . . . # # # # # # # # . . . # . . . . . . . . . . . . . . . # $ # # # # # # # # # f f . 
f f f f . . . . . . . . . . . . . . . . . . . . . . . . . . . . . . . . . . . . . . . . . . . . . . . . . . . . . . . . . . . . . . . 5 $ 4 # # . . . . . & . . . . . . . $ # # # # # # # # . . # $ . . . . . . . . . . . $ $ # $ # # # $ 1 $ $ # # # # f f 
 . . . . . . . . . . . . . . . . . . . . . . . . . . . . . . . . . . . . . . . . . . & . . . . . . . . . . . . . . . & . . . . . . . $ # # & . . . . . . . . . . . . . # $ # # # # # # # # $ # 5 # $ . . . . . . # $ # $ $ # # # # # $ # . . . 1 # 2 # # f f 
. . . . . . . . . . . . . . . . . . . . . . . . . . . . . . . . . . . . . . . . . . . . . . . . . . & . . . . . . . . . . . . # # # 7 # $ . . . . . . . . . . . . . . . # # # # # # # # # # # # # # . . . . . . # $ # # # $ # # # # . . . . . . . 7 # # # . 
 . . . . . . . . . . . . . . . . . . . . . . . . . . . . . . . . . . . . . . . . . . . . . . . . . . . . . . . . . . . . . . # $ # # # # # . . . . . . . . . . . . . . . # $ # 7 # # # # # # # # # . . . . . . # . . $ $ . . . . $ . . . . . . . . $ # # . . 
. . . . . . . . . . . . . . . . . . . . . . . . . . . . . . . . . . & . . . . . # . . . . . . . . . . & . . . . . . . . . . . # # # # # $ . . . . . . . . . . . . . . . # . . # $ # $ # # # # # $ . . . . . . . . . . . . . . . . . . . . . . . . $ # # . . 
 . . . . . . . . . . . . . . . . . . . . . . . . . . . . . . . . . e . . . . . . # # . . . . . . . . . . . . . . . . . . . . . $ # # # # . . . . . . . . . . . . . . . . . . . # . . # # # # # # 4 . . . . . . . . . . . . . . . . . . . . . . . . . # $ . . 
. . . . . . . . . . . . . . . . & . . . . . . . . . . . . . . & e e . . . . . . . # & . . . . . . . . . . . . . . . . . . . . # # # # $ . . . . . . . . . . & . . . . . . . . 6 . . . $ # # # # # $ . . . . . . . . . . . . . . . . . . . . . . . . . 7 # . 
 . . . . . . . . . . . . . . . . . . . . . . . . . . . . . # # e e . . . . . . . # . . . . . . . . . . . . . . . . . . . . . # # # # $ . . . . . . . . . . . . . . . . . . . # $ . . & $ # # # # # $ . . . . . . . . . . . . . . . . . . . . . . . j j # # . 
. . . . . . . . . . . . . . . . . . . . . . . . . . . . . $ # e . . . . . . . . # . . . . . . . . . . . . # $ . . . . . . . . . # # # $ . . . . . . . . . . . . . . . . . # # # # . . # # # # # # # $ . . . . . . . . . . . . . . . . . . . . . j j j j # # 
 . . . . . . . . . . . . . . . . . . . . . . . . & . . . . e e e e . . . . . . . $ . . . . . . . . . . . . # # . . . . . . . . . $ $ # # . . . . . . . . . . . . . . . . . $ # # # # # # # # # # # $ # . . . . . . . . . . . . . . . . . . . . . . j . j j # 
. . . . . . . . . . . . . . . . . . . . . . . . . . . . . . 1 # # . . . . . . . . # . . . . . . . . . . . . # # $ . . . . . . . . $ # # $ . . . . . . . . . . . . . . . . $ # # # # # # # # # # # # . . . . . . . . . . . . . . . . . . . . . . . . j . # . 
 . . . . . . . . . . . . . . . . . . . . . . . . . . . . . . # # # . . . . . . . . $ . . . . . . . . . . . . # # . . . $ # . . . . # # # $ . . . . . . . . . . . . . . . . # # # # # # # # # # # # . . . . . . . . . . . . . . . . . . . . . . . . . . . . . 
. . . . . . . . . . . . . . . . . . . . . . . . . . . . . . . # # # . . # # . . . $ # # . . . . . . . . . & # # . . . . # 2 . . . . # # # . . . . . . . . . . . . . . . . 2 # # # # # # # # # # # . . . . . . . . . . . . . . . . . . . . . . . . . . . . . 
 . . . . . . . . . . . . . . . . . . . . . . . . . . . . . . . $ # # # $ # $ $ 5 # # # $ . . . . . . . . # 4 # $ . . . $ # # . . . # # $ . . . & . . . . . . . . . . . . $ # # # # # # # # # # # . . . . . . . . . . . . . . . . . . . . . . . . . . . . . . 
. . . . . . . . . . . . . . . . . . . . . . . . . . . . . . . # # # # # # # # # # # $ # . . . . . . . . . # # # # # $ # # # # # $ # # # 2 . . . . . . . . . . . . . $ $ 8 # # # # # # # # # # $ # . . . . . . . . . . . . . . . . . . . . . . . . . . . . . 
 . . . . & . . . . . . . . . . . . . . . . . . . . . . . . . # # # # # # # # . . . . . . . a . . . . . . $ # # # # # # # # # # # # # # 7 . . . . . . . . . . . . . # $ # # # # # # # # # # # # # . . . . . . . . . . . . . . . . . . . . . . . . . . . . . . 
. . . . . . . . . . . . . . . . . . . . . . . . . & . . . . . . # # . . . # . . . . . . a a a a . . . . . 6 # # # # # # # # # # # # . . . . . . . . . . . . . . . . # # # # # # # # # # # # # # $ . . . . . . . . . . . . . . . . . . . . . . . . . . . . . 
 . . . . . . . . . . . . . . . . . . . . . . . . . . . . . . . . # . . . . . . . . . . . . . . . a a a a . . . # # # # # # # # # $ . . . . . . . . . . . . . . . . . $ # # # # $ # $ $ # # # # # # . . . . . . . . . . . . . . . . . . . . . . . . . . . . . 
. . . . . . . . . . . . . . . . . . . . . . . . . . . . . . . . . . . . . . . . . . . # # 4 $ # # # . . a . . . # # # & . # # . . # . . . . . . . . . . $ # . . . . # # # $ # . . # . . # # # $ # . . . . . . . . . . . . . . . . . . . . . . . . . . . . . 
 . . . . . . . . . g . . . . . . . . . . . . . . . . . . . . . . . . . . . & . . . . # # 2 . . . $ $ . . . . . . $ # . . . . . . . # . . . . . . . . . # # # # $ # $ # # $ . . . . . . . $ # # # . . . . . . . . . . . . . . . . . . . . . . . . . . . . . . 
. . . . . . . . . g g . g . . . . . . . . . . . . . . . . . . . . . . . . . . . . . . # # . . . . # . . . . . . . . . . 7 $ . . . # . . . . . . . . . $ # # # # # # # # . . . . . . . . . # # $ . . . . . . . . . . . . . . . . . . . . . . . . . . . . . . 
 . . . . . . . . . g g g g . . . . . . . . . . . . . . . . . . . . . . . . . . . . . . . . . . . $ $ . . . . . . . . . $ # $ . . # $ . . . . . . . . # $ # # # # # # # . . . . . . . . . . . $ # . . . . . . . . . . . . . . . . . . . . . . . . . . . . . . 
. . . . . . . . . g g . . . . . . . . . . . . . . . . . . . . . . . . & . . . . . . . . . . . . . # # . . & . . . . $ # $ . . . # # $ . . . . . . . . . 4 # $ # # # . . . . . . . . . . . . . # # . . . . . . . . . . . . . . . . . . . . . . . . . . . . . 
 . . . . . . . . . . . . . . . . . . . . . . . . . . . . . . . . . . . . . . . . . . . . . . . . # # $ # . . . . . . $ $ . . . . $ $ . . . . . . . . . . . $ . . # . . . . . . . . . . . . . . # . . . . . . . . . . . . . . . . . . . . . . . . . . . . . . 
. . . . . . . . . . . . . . . . . . . . . . . . . . . . . . . . . . . . . . . . . . . . . . . . # # # # $ . . . . . # # # . . . . . . . . . . . . . . . . . . . . . . . . . . . . . . . . . . . . . . . . . . . . . . . . . . . . . . . . . . . . . . . . . 
 . . . . . . . . . . . . . . . . . . . . . . . . . . . . . . . . . . . . . . . . . . . . . . . $ # # # # $ $ . . . $ # # # $ . . . . . . . . . . . . . . . . . . . . . . . . . . . . . . . . . . . . . . . . . . . . . . . . . . . . . . . . . . . . . . . . 
. . . . . . . . . & . . . . . . . . . . . . . . . . . . . . . . . . . . . . . . . . . . . . . # # # # # # # # # # # # # # # . . . . . . . . . . . . . . . . . . . . . . . . . . . . . . . . . . . . . . . . . . . . . . . . . . . . . . . . . . . . . . . . 
 . . . . . . . . . . . . . . . . . . . . . . . . . . . . . . . . . . . . . . . . . . . . . . . # # # # # # # # # # # # # # # . . . . . . . . . . . . . . . . . . . . . . . . . . . . . . . . . . . . . . . . . . . . . . . . . . . . . . . . . . . . . . . . 
. . . . . . . . . . . . . . . . . . . . . . . . . . . . . . . . . . . . . . . . . . . . . . . . # # $ # # # # # # # # # # # . . . . . . . . . . . . . . . . . . . . . . . . . . . . . . . & . . . . . . . . . . . . . . . . . . . . . . . . . . . . . . . . 
 . . . . . . . . . . . . . . . . . . . . . . . . . . . . . . . . . . . . . . . . . & . . . . . # $ l . . # # # # # # $ . . . . . . . . . . . . . . . . . . . . . . . . . . . . . . . . . . . . . . . . . . . . . . . . # # # $ $ $ # . . . . . . . . . . . . 
. . & . . . . . . . . . . . . . . . . . . . . . . . . . . . . . . . . . . . . . . . . . . . . l l l l . . # # # # # $ . . . . . . . . . . . . . . . . . . . . . . . . . . . . . . . . . . . . . . . . . . . . . # # # # # # # # # # # . . . . . . . . . . . 
 . . . . . . . . . . . . . . . . . . . . . . . . . . . . . . . . . . . . . . . . . . . . . . l l l l l . . . # $ # # $ . . . . . . . . . . . . . . . . . . . . . . . . . . . . . . . . . . . . . . . . . . . # # # # # # # # # # # # # $ . . . . . . . . . . 
. . . . . . . . . . . . . . . . . . . . . . . . . . . . . . . . . . . . . . . . . . . . . . . $ 8 . . . . . . # # # # . . . . . . . . . . . . . . . . . . . . . . . . . . . . . . . . . . . . . . . . . . . . # # # # # # # # # # # # # $ # # . . . . . . . 
 . . . . & . . . . . . . . . . . . . . . . . . . . . . & . . . . . . . . . . . . . . . . . . . . . . . . . . . # # # . . . . . . . . & . . . . . . . . . . . . . . . . & . . . . . . . . . . . . . . . . . . # # # # # # # # # # # $ # # # # $ . . . . . . . 
. . . . . . . . . . . . . . . . . . . . . # $ . . . & . . . . . . . . . . . . . . . . . . . . . . . . . . . . 4 # # . . . . . . . . . . . . . . . . . . . . . . . . . . . . . . . . . . . & . . . . . . . # # # # # # # # $ # $ . . . $ # # $ . . . . . . . 
 . . . . . . . . . . . . . . . . . . . # $ # $ . . . . . . . . . . . . . . . . . . . . . . . . . . . . . . . . . # # . . . . . . . . . . . . . . . . . . . . . . . . . . . . . . . . . . . . . . . . . . # # # # # # # # # # . . . . . # # # # . . . . . . . 
. . . . . . . . . . . . . . . . . . . # # # 4 $ # . . . . . . . . . . . . . . . . . . . . . . . . . . . . . . . . . . . . . . . . . . . . . . . . . . . . . . . . . . . . . . . . . . . . . . . . . . . 5 # # # # . . . . . . . . . . . $ $ $ . . . . . . . 
 . . . . . . . . . . . . . . . . . . . # # # # # 9 . . . . . . . . . . . . . . . . . . . . . . . . . . . . . . . . . . . . . . . . . . . . . . . . . . . . . . . . . . . . . . . . . . . . . . . . . . . . $ $ # . . . . . . . . . . . . . . . . . . . . . . 
. . . . . . . . . . . . . . . . . . . $ # # # # $ $ $ . . . . . . . . . . . . . . . . . . . . . . . . . . . . . . . . . . . . . . . . . . . . . . . . . . . . . . . . . . . . . . . & . . . . . $ # $ . . . . # # . . . . . . . . . . . . . . . . . . . . . 
 . . . . . . . . . . . . . . . . # # $ # # . . . $ # . . . . . . . . . . . . . . . . . . . . . . . . . . . . . . . . . . . . . . . . . . . . . . . . . . . . . . . . . . . . . . . . . . . . # 6 # # # . . . . . . . . . . . . . . . . . . . . . . . . . . . 
. . . . . . . . . . . . . . . . . $ # $ # . . . . # . . . . . . . . . . . . . . . . . . . . . . . . & . . . . . . . . . . . . . . . . . . . . . . . . . . . . . . . . . . . . . . . . . . . # # # # $ # . . . . . . . . . . . . . . . . . . . . . . . . . . 
 . . . . . . . . . . . . . . . . # . . # . . . . # # . . . . . . . . . . . . . . . . . . . . . . . . . . . . . . . . . . . . . . . . . . . . . . . & . . . . . . . . . . . . . . . . . . . # # # # # # # 9 . . . . . . . . . . . . . . . . . . . . . . . . . 
. . & . . . & . . . . . . . . . $ . . . . . . . . 8 $ . . . . . . . . . . . . . . . . . . . . . . . . & . . . . . . # 4 . . . . . . . . . . . . . . . . . . . . . . . . . . . . . . . . . . # # # # # # # # . . . . . . . . . . . . . . . . . . . . . . . . 
 . . . . . . . . . . . . . . . # # . . . . . . . . . . . . . . . . . . . . . . . . . . . . . . . . . . . . . . . 4 $ # # . . . . . . . . . . . . . . . . . . . . . . . . . . . . . . . . . . # # # # # # # # # . . . . . . . . . . . . . . . . . . . . . . . 
. . . . . . . . . . . . . # # # $ . . . . . . . . . . . . . . . . . . . . . . . & . . . . . . . . . . . . . . . # # # # 3 # . . . . . . . . . . . . . . . . . . . . . . . . . . . . . . . . $ # # # # # # # # . . . . . . . . . . . . . . . . . . . . . . . 
 . . . . . . . . . . . # # # # # $ . . . . . . . . . . . . . . . . . . . . . . . . . . . . . . . . . . . . . # $ # # # # # # . . . . . . . . . . . . . . . . . . . . . . . . . . . . . . . . # # # # # # # # # . . . . . . . . . . . . . . . . . . . . . . . 
. . . . . . . . . . . . # # # # $ . . . . . . . . . . . . . . . . . . . . . . . . . . . . . . . . . . . . . $ # # # # # 1 # . . . . $ # $ . . . . . . . & . . . . . . . . . . . . . . . . . . # # $ # $ # 3 # . . . . . . . . . . . . . . . . . # . . . . . 
 . . . . . . . . . . . # $ # # # . . . . . . . . . . . . . . . . . # # . . . . . . . . . . . . . . . . . . . $ # # # # # . . . . . # # $ . . . . . . . . . . . . . . . . . . . . . . . . . . . $ . . . . . . . . . . . . . . . . . . . # # . . # $ # . . . . 
. . . . . . . . . . . # # # # # . . . . . . . . . . . . . . . . . # # # # . . . . . . . . . . . . . . . . . . $ # $ $ . . . . . . . $ # # . . . . . . . . . . . . & . . . . . . . . . . . . . . . & . . . . . . . . . . . . . . . . . $ # $ $ # # # . . . . 
 . . . . . . . . . . # # # # $ . . . . . . . . . . . . . . . . . $ # # # . . . . . . . . . . . . . . . . . . . . . . . . . . . . & # # # # # $ # 5 # . . . . . . . . . . . . . . . . . . . . . . . . . . . . . . . . . . . . . . # # $ # # # # # # # . . . . 
. . . . . . . . . . . # # # 5 . . . . . . . . . . . . . . . . $ # # # # # . . . . . . . . . . . . . . # . . . . . . . . . . . $ # # # # # # # # # # 3 . . . 3 . . . . . . . . . . . . . . . . . . . . . . . . . . . . . . . . . 8 $ $ $ # # # # # # # . . . 
 . . . . . . . . . . 8 # # # . . . . . . . . . . . . . . . . 3 # # # # # # # 1 . . . . . . . . . . $ $ $ # . . . . . . . . . . $ # # # # # # # # # # # # $ 4 . . . . . . . . . . . . . . . . . . . . . . . . . . . . . . . . . . . 2 . . $ $ # # # # # # . . 
. . . . . . . . $ # # # # 4 . . . . . . . . . . . . . . . . $ # # # # # # # 8 . . . . . . . & . $ # # # # . . . . . . . . . . # # # # # # # # # # # # # # # . . . . . . . . . . . . . . . . . . . . . . . . . . . . & . . . . . . . . . . $ # # # # # # $ . 
 . . . . . . . $ # # # 6 # . . . . . . . . . . . . . . . . # 6 # # # # # # # 5 . . . . . . . . # # # # $ . . . . . . . & . . # # # # # # # 7 # # # # # # # . . . . . . . . . . . . . . . . . . . . . . . . . . . . . . . . . . . . . . . . $ # # # # # # # . 
. . . . . . . . $ # # $ . . . . . . . . . . . . . . . 1 $ # # # # # # # # # # # . . . . . . # # # # # $ . . . . . . . . . . # # . . . . . . # # # $ # $ # . . . . . . . . . . . . . . . . . . . . . . . . . . . . . . . . . . . . . . . . $ # # # # # $ . . 
 . . . . . . . . $ $ # . . . . . . . . . . . . . . . # # # # # # # # # # # # # . . . . . . . . # # # # # . . . . . . . . . . . . . . . . . . $ # 2 . . . . . . . . . . . . . . . . . . . . . . . . . . . . . . . . . . . & . . . . . . . . # # # # # 3 . . . 
. . . . . . . . . . # . . . . . . . . . . . . . . # # $ $ # # $ # # $ $ # # # $ . . . . . . . . # # $ . . . . . . . . . . . . . . . . . . . $ # # . . . . . . . . . . . . . . . . . . . . . . . . . . . . . . . . . . . . . . . . . . . . $ # . . . . . . . 
 . . . . . . . . . . . . . . . . . . . . . . . . . . . . . $ $ # . . . . . # # . . . . . . . . . $ # . . . . . . . . . . . . . . . . . . . . # $ . . . . . . . . . . . . . . . . . . . . . . . . . . . . . . . . . . . . . . . . . . . . . . . . . . . . . . 
. . . . . . . . . . . . . . . . . . . . . . . . . . . . . . . . . . . . . . # # . . . . . . & . . $ . . . . . . . . . . . . . . . . . . . . . # # . . . . . . . . . . . . . . . . . . . . . . . . . . . . . . . . . . . . . . . . . . . . . . . . . . . . . 
 . . . . . . . . . . . . . . . . . . . . . . . . . . . . . . . . . . . . . # # # . . . . . . . . . . . . . . . . . . . . . . . . . . . . . . . . . . . . . . . . . . . . . . . . . . . . . . . . . . . . . . . . . . . . . . . . . . . . . . . . . . . . . . 
. . . . . . . . . . . . . . . . . . . . . . . . . . . . . . . . . . . . . . $ # . . . . . . . . . . . . . . . . . . . . . . . . . . . . . . . . . . . . . . . . . . . . . . . . . . . . . . . . . . . . . . & . . . . . . . . . . . . . . . . . . . . . . . 
 . . . . . . . . . . . . . . . . . . . . . . . . . . . . . . . . . . . . . . . . . . . . . . . . . . . . . . . . . . . . . . . . . . . . . . . . . . . . . . . . . . . . . . . . . . . . . . . . . . . . . . . . . . . . . . . . . . . . . . . . . . . . . . 
. . . . . . . . . . . . . . . . & . . . . . . . . . . . . . . . . . . . . . . . . . . . . . . . . . . . . . . . . . . . . . . . . . . . . . . . . . . . . . . . . . . . . . . . . . . . . . . . . . . . . . . . . . . . . . . . . . . . . . . . . . . . . . 
 . . . . . . . . . . . . . . . . . . . . . . . . . . . . . . . d . . . . . . . . . . . . . . . . . . . . . . . . . . . . . . . . . . . . . . . . . . . . . . . . . . . . . . . . . . . . . . . . . . . . . . . . . . . . . . . . . . . . . . . . . . . . . . 
. . . . . . . . . . . . . . . . . . . . . . . . . . . . . . . d d d . d . d . & . . . . . . . . . . . . . . . . . . . . . . . . . . . . . . . . . . . . . . . . . & . . . . . . . . . . . . . . . . . . . . . . . . . . . . . . . . . . . . . . . . . . . . 
 . . . . . . . . . . . . . . . . . . . . . . . . . . . . . . . d . . d d d . . . . . . . . . . . . . . . . . . . . . . . . . . . . . . . . . . . . . . . . . . . . . . . . . . & . . . . . . . . . . . . . . . . . . . . . . . . . . . . . . . . . . . . . . 
. . . . . $ . . . . . . . . . . . . . . . . . . . . . . . . . . . & . . . . . . . . . . . . . . . . . . . . . . . . . . . . . . . . . . . . . . . . . . . . . . . . . . . . . . . . . . . . . . . . . . . . . . . . . . . . . . . . . . . . . . . . . . . . 
 . . . . # # # . . . . . . . . . . . . . . . . . . . . . . . . . . . . . . . . . . . . . . . . . . . . . . . . . . . . . . . . . . . . . . . . . . . . . . . . . . . . . . . . . . . . . . . . . . . . . . . . . . . . . . . . . . . . . . . . . . . . . . . 
. . . . $ # # # . . . . . . . . . . . . . . . . . . . . . . . . . . . . . . . . . . . . . . . . . . . . . . . . . . . . . . . . . . . . . . . . . . . . . . . . . . . . . . . . . . . . . . . . $ . & . . . . . . . . . . . . . . . . . . . . . . . . . . . 
 . # # # # # # # # . . . . . . . . . . . . . . . . . . . . . . . . . . . . . . . . . . . . . . . . . . . . . . . . . . . . . . . . . . . . . & . . . . . . . . . . . . . . . . . . . . . . . # $ $ # . . . . . . . . . . . . . . . . . . . . . . . . . . . . 
$ # # # # # # # # . . . . . . . . . . . . . . . . . . . . . . . . . . . . . . . . . . . . . . . . . . . . . & . . . . . . . . . . . . . . . . . . . . . . . . . . . . . . . . . . . . # # $ $ # # # # . . . . . . . . . . . . . . . . . . . . . . . . . . . 
 # # # # # 4 # # . . . . . . . . . . . . . . . . . . . . . . . . . . . . . . . . . . . . . . . . & . . . . . . . . . . . . . . . . . . . . . . . . . . . . . . . . . . . . . . . # # # # # # . . # # $ $ # # # # . . . . . . . . . . . . . . . . . . . . . . 
. 3 # # $ # . . . . . . . . . & . . . . . . . . . . . . . . . . . . . . . . . . . . . . & . . . . . . . . . . . . . . . . . . . . . . . . . . . . . . . . . . . . . . . . . . . . 6 # # # # . . . # # # # # # $ # . . . . . . . . . . . . . . # # # . . . . 
 . # # # . . . . . . . . . . . . . . . . . . . . . . . . . . . . . . . . . . . . . . . . . . . . . . . . . . . . . . . . . . . . . . . . . . . . . . . . . . . . . . . . . . . . . # # # 9 . . . . # # # # # # # & . . . . . . . . . . . . . . $ # # . . . . 
. # # # . . . . . . . . . . . . . . . . . . . . . . . . . . . . . . . . . . . . . . . . . . . . . . . . . . . . . . . . . . . . . . . . . . . . . . . . . . . . . . . . . . . . . . 5 # # . . . . . # # # # # # . . . . . . . . . . . . . . . . 5 $ . . . . 
 # # # . . . . . . . . . . . . . . . $ . . . . . . . . . . & . . . . . . . . . . . . . . . . . . . . . . . . . . . . . . . . . . . . . . . . . . . . . . . . . . . . . . . . . . . . . # . . . . . . . # # $ # $ . . . . . . . . . . . . . . . . # . . . . # 
# # # # . . . . . . . . . . . . . $ 1 $ $ . . . . . . . . . . . . . . . . . . . . . . . . . . . . . . . . . . . . . . . . . . . . . . . . . . . . . . . . . . . . . . . . . . . . . . . . . . . . . . . . . . # $ # # . . . . . . . . . . . . . . $ . . . . 
 # # # $ . . . . . . . . . . . . # # # # $ . . . & . . . . . . . . . . . . . . . . . . . . . . . . . . . . . . . . . . . . . . . . . . . . & . . . . . . . . . . . . . . . . . . . . . . . . . . . . . . . . . # # $ . . . . . . . . . . . . . . # # . . . $ 
# # # # . . . . . . . . . . . . . # # # # . . . . . . . . . . . . . . . . . . . . . . . . . . . . . . . . . . . . . . . . . . . . . . . . . . . . . . . . . . . . . . . . . . . . . . . . . . . . . . . . . . . # # # . . . . . . . . . . . . . # # # # 2 # 
 # . . . . . . . . . . . . . . . . # # # . . . . . . . . . . . . . . . . . . . . . . . . . . . . . . . . . . . . . . . . . . . . . . . . . . . . . . . . & . . . . . . . . . . . . . . . . . . . . . . . . . . . # # # . . . . . . . . . . . . . # # # # # # 
& . . . . . . . . . . . . . . . . $ # 9 . . . . . . . . . . . . . . . . . . . . . . . . . . . . . . & . . & . . . . . . . . . . . . . . . . . . . . . . . . . . . . . . . . . . . . . . . . . . . . . . . . . . . $ # . . . . . . . . . . . . . # # # $ $ # 
 . . . . . . . . . . & . . . . # 4 4 . . . . . . . . . . . . . m . . . . . . . . . . . . . . . . . . . . . . . . . . . . . . . . . . . . . . . . . . . . . . . . . . . . . . . . . . . . . . . . . . . . . . . . # # # . . . . . . . . . . . . . . . . . . . 
. . . . . . . & . $ # . . . . . # $ . . . . . . . . . . . m . m m . . . . . . . . . . . . . . . . . . . . . . . . . . . . . . . . . . . . . . . . . . . . . . . . . . . . . . . . . . . . . . . . . . . . . . . # # # # # . . . . . . . . . . . . . . . . . 
 . . . . . . . . # # . . . . . 4 . . . . . . . . . . . m m m m . . . . . . . . . . . . . . . . . . . . . . . . . . . . . . . . . . . . . . . . . . . . . . . . . . . . . . . . . . . . . . . . . . . . . . . . . . # $ # . . . . . . . . . . . . & . . . . . 
. . . . . . . . . # . . . . . $ . . . . . . . . . . m . m . . . . . . . . . . . . . . . . . . . . . . . . . . . . . . . . . . . . . . . . . . . . . . . . . . . . . . . . . . . . . . . . . . . . . . . . . . . . . . 2 . . . . . . . . . . . . . . . . . . 
 . . . . . . . . # # . . . # # 6 . . . . . . . . . . . . . . . . . . . . . . . . . . . . . . . . . . . . . . . . . . . . . . . . . . . . . . . . . . . . . . . . . . . . . . . . . . . . . . . . . . . . . . . . . . . . . . . . . . . . . . . . . . . . . . 
. . . . . . . . $ # $ # 3 $ # # # . . . . . . . . . . . . . . . . . . . . . . . . . . . . . . . . . . . . . . . . . . . . . . . . . . . . . . . . . . . . . . . . . . . . . . . . . . & . . . . . . . . . . . . . . . . . . . . . . . . . . . . . . . . . . 
 . . . . . . # $ # # # # # $ # . . . . . . . . . . . . . . . . . . . . . . . . . . . . . . . . . . . . . . . . . . h . . . . . . . . . . . . . . . . . . . . . . . . . . . . . . . . . . . . . . . b . b . # # . . . . . . . . . . . . . . . . . . . . . . . 
. . . . . . . 7 # # # 5 # . . . . . . . . . . . . . . . . . . . . . . . . . . . . . . . . . . . . . . . . . . h h . . . . . . . . . . . . . . . . . . . . . . . . . . . . . . . . . . . . . . . b b b . . $ # $ $ . . . . . . . . . . . . . . . . . . . . . 
 . . . . . . # # # # # $ . . . . . . . . . . . . . . . . . . . . . . . . . . . . . . . . . . . . . . . . . . . h h h h h . . . . . . . . . . . . . . . . . . . . . . . . . . . . . . . . . . . . b b b . . # # # # # # # . . . . . . . . . . . . . . . . . . 
. . . . . . # # # # # # # . . . . . . . . . . . . . . . . . . . . . . . . . . . . . . . . . . . . . . . . . . . h . h . . . . . . . . . . . . . . . . . . . . . . . . . . . . . . . . . . . . b b . . . . . 8 # # # # # # # # . . . . . . . . . . . . . . . 
 . . . . . . # # # 8 # # . . . . . . . . . . . . . . . . . . . . . & . . . . . . . . . . . . . . . . . . . . . . . . . . . . . . . . . . . . . . . & . . . . . . . . . . . . . . . . . . . . . . . . . . . . . # # # # # # # $ . . . . . . . . . . . . . . . 
. . . . . . # 5 $ . . # . . . . . . . . . . . . . . . . c . . . . . . . . . . . . . . . . . . . . . . . . . . . . . . . . . . . . . . . . . . . . . . . . . . . . . . . . . . . . . . . . . . . . . . . . . . . . 4 # # # # # . . . . . . . . . . . . . . . 
 . . . . & $ # # . . . . . . . . . . . . . . . . . . . . c c . . . . . . . . . . . . . . . . . . . . . . . . . . . . . . . . . . . . . . . . . . . . . . . . . . . . . . . . . . . . . . . . . . . . . . . . . . . . . . . . . . . . . . . . . . . . . . . . 
. . . . . # # $ . . . . . . . . . . . . . . . . . . . . c . c c . c . . . . . . . . . . . . . . . . . . . . . . . . . . . . . . . . . k . k . . . . . . . . . . . . . . . . . . . . . . . . . . . . . . . . . . . . . . . . . . . . . . . . . . . . . . . . 
 . . . . $ # # . . . . . . . . . . . . . . . . . . . . . . . . . c c . . . . . . . . . . . . . . . . . . . . . . . . . . . . . . . . k . k . k k . . . . . . . . . . . . . . . . . . . . . & . . . . . . . . . . . . . . . . . . . . . . . . . . . . . . . . 
. . . . . $ # $ . . . . . . . . . . . . . . . . . . . . . . . . c . . . . . # # # . . . . . . . . . . . . . . . . . . . . . . . . . k k . . . . . . . . . . . . . . . . . . . . . . . . $ 6 . . . . . . . . . . . . . . . . & . . . . . . . . . . . . . . . 
 . . . . . . # . . . . . . . . . . . . . . . . . . . . . . . . . . . . . # # # # # # . . . . . . . . . . . . . . . . . . . . . . . . k k . . . . . . . . . . . . . . . . . . . . . . . . $ # 1 . . . . . . . . . . . . . . . . . . . . . . . . . . . . . . . 
. . . . . . . . . . . . . . . . . . . . . . . . . . . . . . . . . . . . # # # # # # $ . . . . . . & . . . . . . & . . . . . . . . . . . . . . . . . . . . . . . . . . . . . . . . . . . # # 9 . . . . . . . . . . . . . . . . . . . . . . . . . . . . . . . 
 . . . . . . . . . . . . . . . . . . . . . . . . . . . . . . . . . . . # # # # # # # # . . . . . . . . . . . . . . . . . . . . . . . . . . . . . . . . . . . . . . . . . . . . . . . . . 1 # 5 . . . . . . . . . . . . . . . . . . . . . . . . . . . . . . . 
. . . . . . . . . . . . . . . & . . . . . . . . . . . . . . . . . . . # # # # # # # # . . . . . . . . . . . . . . . . . . . . . . . . . . . . . . . . . . . . . . . . . . . . . . . . . # # # $ . . . . . . . . . . . . . . . . . . . . . . . . . . . . . . 
 . . . . . . . . . . . . . . . . . . . . . . . . . . . . . . . . . . # # # # # # # . . . . . . . . . . . . . . . . . . . . . . . . . . . . . . . . . . . . . . . . . . . . . . . . . . . # # # # $ . . . . . . . . . . . . . . . . . . . . . . . . . . . . . 
. . . . . . . . . . . . . . . . . . . . . . . . . . . . . . . . . . # # # # # # . . . . . . . . . . . . . . . . . . . . . . . . . . . . . . . . . . . . . . . . . . . . . . . . . . . . & $ # # # . . . . . . . . . . . . . . . . . . . . . . . . . . . . . 
 . . . . . . . . . . . . . . . . . . . . . . . . . . . . . . . . . . # # # # $ . . . . . . . . . . . . . . . . . . . . . . . . . . . . . . . . . . . . . . . . . . . . . . . . . . . . . . $ # $ . . . . . . . . . . . . . . . . . . . . . . . . . . . . . . 
. . . . . . . . . . . . . . . . . . . . . . . . . . . . . . . . . . $ # # # $ . . . . . . . . . . . . . . . . . . . . . . . . . . . . . . . . . . . . . . . . . . . . . . . . . . . . . . . 9 # # . . . . . . . . . . . . . . . . . . . . . . . . . . . . . 
 . . . . . . . . . . . . . . . . . . . . . . . . . . . . . . . . . # $ # # # # . . . . . . . . . . . . . . . . . . . . . . . . . . . . . . . . . . . . . . . . . . . . . . . . . . . . . . . $ # # . . . . . . . . . . . . . . . . . . . . . . . . . . . . . 
. . . . . . . . . . . . . . . . . . . . . . . . . . . . . . . . . $ # # # # # . . . . . . . . . . . . . . . & . . . . . . . . . . . . . . . . . . . . . . . . . . . . . . . . . . . . . . . . . # $ . . . . . . . . . . . . . . . . . . . & . . . . . . . . 
 . . . . . . . . . . . . . . . . . . . . . . . . . . . . . . . . . $ # # # # . . . . . . . . . . . . . . . . . . . . . . . . . . . . . . . . . . . . . . . . . . . . . . . . . . . . . . . . . . . . . . . . . . . . . . . . . . . . . . . . . . . . & . . . 
. . . . . . . . . . . . . . . . . . . . . . . . . . . . . . . . . # # # # # . . . . . . . . . . . . . . . . $ $ . . . . . . . . . . . . . . . . . . . . . . . . . . . . . . . . . . . . . . . . . . . . . . . . . . . . . . . . . . . . . . . . . . . . . . 
 . . . . . . . . . . . . . . . . . . . . . . . . . . . . . . . & . 2 # # # # . . . . . . . . . . . . . . $ # # . . . . . . . . . . . . . . . . . . . & . . . . . . . . . . . . . . . . . . . . . . . & . . . . . . . . . . . . . . . . . . . . . . . . . . . 
. . . . . . . . . . . . . . . . . . . . . . . . . . . . . . . . . . # # # # . . . . . . . . . . . . . . . # # # . . . . . . . . . . . . . . . . . . . . . . . . . . . . . . . . . . . . . . . . . . . . . . . . . . . . . . . . . . . . . . . . . . . . . . 
 . . . . . . . . . . . . . . . . . . . . . . . . . . . . . . . . . . # # # # . . . . . . . . . . . . . . # # # $ . . . . . . . . . . . . . . . . . . . . . . . . . . . . . . . . . . . . . . . . . . . . . . . . . . . . . . . . . . . . . . . . . $ . . . . 
. . . i . . . . . & . . . . . . . . . . . . . . . . . . . . . . . . . # # # # # . . . . . . . . . . . . # # # # # . . & . . . . . . . . . & . . . . . . . . . . . . . . . . # $ # # # . . . . . . . . . . . . . . . . . . . . . . . . . . . . . . . . . . . 
 . . i i . . . & . . . . . . . . . . . . . . . . . . . . . . . . . . . . $ # # # . . . . . . . . . . . . $ # # # $ $ # $ . . . . . . . . . . . . . . . . . . . . . . . . . # # # # # 4 . . . . . . . . . . . . . . . . . . . . . . . . . . . . . # . $ . . . 
. # # . i i . . . . . . . . . . . . . . & . . . . . . . . . . . . . . . . . # # 3 . . . . . . . . . . . 8 # # # # # # # . . . . . . . . . . . . . . . . . . . . . . . . . $ # # # # # . . . . . . . . . . . & . . . . . . . . . . . . . . . . . . . # $ . . 
 # # $ # . i . . . . . . . . . . . . . . . . . . . . . . . . . . . . . . . . . # . . . . . . . . . . . $ $ # # # # # # $ . . . . . . . . . . . . . . . . . . . . . . . . . $ # # # # # . . . . . . . . . . . . . . . . . . . . . . . . . . . . . . . . . # $ 
# # # i . i . . . . . . . . . . . . . . . . . . . . . . . . . . . . . . . . . . . . . . . . . . . . . $ # # # # # # # $ . . . . . . . . . . . . . . . . . . . . . . . . . . # # $ . . . . . . . . . . . . . . & . . . . . . . . . . . . 9 . . . . . . . # # 
 # # i . i . . . . . . . . . . . . . . . . . . . . . . . . . . . . . . . . . . . . . . . . . . . . . . # # # # # # # # . . . . . . . . . . . . . . . . . . . . . . . . . . . # # . . . . . . . . . . . . . . . . . . . . . . . . . . . # # # . . . . . . . # 
# # $ . . . . . . . . . . . . . . . . . . . . . . . . . . . . . . . . . . . . . . . . . . . . . . . . . # # # # # # # . . . . . . . . . . . . . . . . . . . . . . . . . . . . $ # . . . . $ # . . . . . . . . . . . . . . . . . . . . # $ . . . . . . . . . 
 # # # . . . . . . . . . . . . . . . . . . . & . . . . . . . . . . . . . . . . . . . . . . . . . . . . . . . 6 # # # $ . . . . . . . . & . . # . . . . . . . . . . . . & . . # # $ $ # # $ # 5 . . . . . . . . . . . . . . . . . . . . . . . # . . . . . . . 
8 # . . . . . . . . . . . . . . . . . n n . & . . . . . . . . . . . . . . . . . . & . . . . . . . . . . . . . . $ # # . . . . . . . . . . . # 5 # # . . . . . . . . . . . . . $ # # # # # # $ 2 . . . . . . . . . & . . . . . . . . . . . . # $ # # . . . . 
 . . . . . . . . . . . . . . . . . n n n . . . . . . . . . . . . . . . . . . . . . . . . . . . . . . . . . . . . $ $ . . . . . . . . . . . . # # # # . . . . . . . . . . . . . # # # # # # # # # . . . & . . . . . . . . . . . . . . . . . # # # # # . . . . 
