200
200
. . . . . . . . . . . . . . . . . . . . . . . . . . . . . . . . . . . . . . . . . . . . . . . . . . . . . . . . . . . . . . . . . . . . . . . . . . . . . . . . . . . . . . . . . . . . . . . . . . . . . . . . . . . . . . . . . . . . . . . . . . . . . . . . . . . . . . . . . . . . . . . . . . . . . . . . . . . . . . . . . . . . . . . . . . . . . . . . . . . . . . . . . . . . . . . . . . . . . . . . 
 . . . . . . . . . . . . . . . . . . . . . . . . . . . . . . . . . . . . . . . . . . . . . . . . . . . . . . . . . . . . . . . . . . . . . . . . . . . . . . . . . . . . . . . . . . . . . . . . . . . . . . . . . . . . . . . . . . . . . . . . . . . . . . . . . . . . . . . . . . . . . . . . . . . . . . . . . . . . . . . . . . . . . . . . . . . . . . . . . . . . . . . . . . . . . . . . . . . . . . . . 
. . . . . . . . . . . . . . . . . . . . . . . . . . . . . . . . . . . . . . . . . . . . . . . . . . . . . . . . . . . . . . . . . . . . . . . . . . . . . . . . . . . . . . . . . . . . . . . . . . . . . . . . . . . . . . . . . . . . . . . . . . . . . . . . . . . . . . . . . . . . . . . . . . . . . . . . . . . . . . . . . . . . . . . . . . . . . . . . . . . . . . . . . . . . . . . . . . . . . . . . 
 . . . . . . . . . . . . . . . . . . . . . . . . . . . . . . . . . . . . . . . . . . . . . . . . . . . . . . . . . . . . . . . . . . . . . . . . . . . . . . . . . . . . . . . . . . . . . . . . . . . . . . . . . . . . . . . . . . . . . . . . . . . . . . . . . . . . . . . . . . . . . . . . . . . . . . . . . . . . . . . . . . . . . . . . . . . . . . . . . . . . . . . . . . . . . . . . . . . . . . . . 
. . . . . . . . . . . . . . . . . . . . . . . . . . . . . . . . . . . . . . . . . . . . . . . . . . . . . . . . . . . . . . . . . . . . . . . . . . . . . . . . . . . . . . . . . . . . . . . . . . . . . . . . . . . . . . . . . . . . . . . . . . . . . . . . . . . . . . . . . . . . . . . . . . . . . . . . . . . . . . . . . . . . . . . . . . . . . . . . . . . . . . . . . . . . . . . . . . . . . . . . 
 . . . . . . . . . . . . . . . . . . . . . . . . . . . . . . . . . . . . . . . . . . . . . . . . . . . . . . . . . . . . . . . . . . . . . . . . . . . . . . . . . . . . . . . . . . . . . . . . . . . . . . . . . . . . . . . . . . . . . . . . . . . . . . . . . . . . . . . . . . . . . . . . . . . . . . . . . . . . . . . . . . . . . . . . . . . . . . . . . . . . . . . . . . . . . . . . . . . . . . . . 
. . . . . . . . . . . . . . . . . . . . . . . . . . . . . . . . . . . . . . . . . . . . . . . . . . . . . . . . . . . . . . . . . . . . . . . . . . . . . . . . . . . . . . . . . . . . . . . . . . . . . . . . . . . . . . . . . . . . . . . . . . . . . . . . . . . . . . . . . . . . . . . . . . . . . . . . . . . . . . . . . . . . . . . . . . . . . . . . . . . . . . . . . . . . . . . . . . . . . . . . 
 . . . . . . . . . . . . . . . . . . . . . . . . . . . . . . . . . . . . . . . . . . . . . . . . . . . . . . . . . . . . . . . . . . . . . . . . . . . . . . . . . . . . . . . . . . . . . . . . . . . . . . . . . . . . . . . . . . . . . . . . . . . . . . . . . . . . . . . . . . . . . . . . . . . . . . . . . . . . . . . . . . . . . . . . . . . . . . . . . . . . . . . . . . . . . . . . . . . . . . . . 
. . . . . . . . . . . . . . . . . . . . . . . . . . . . . . . . . . . . . . . . . . . . . . . . . . . . . . . . . . . . . . . . . . . . . . . . . . . . . . . . . . . . . . . . . . . . . . . . . . . . . . . . . # # # # # # # # # # # # # # # # # # # # # # # # # # # # # # # # # # # # # # # # # # # # # # # # # # # # # # . . . . . . . . . . . . . . . . . . . . . . . . . . . . . . . . . . . . . . . . . 
 . . . . . . . . . . . . . . . . . . . . . . . . . . . . . . . . . . . . . . . . . . . . . . . . . . . . . . . . . . . . . . . . . . . . . . . . . . . . . . . . . . . . . . . . . . . . . . . . . . . . . . . . . # # # # # # # # # # # # # # # # # # # # # # # # # # # # # # # # # # # # # # # # # # # # # # # # # # # # # # # . . . . . . . . . . . . . . . . . . . . . . . . . . . . . . . . . . . . . . . . 
. . . . . . . . . . . . . . . . . . . . . . . . . . . . . . . . . . . . . . . . . . . . . . . . . . . . . . . . . . . . . . . . . . . . . . . . . . . . . . . . . . . . . . . . . . . . . . . . . . . . . . . . # # # # # # # # # # # # # # # # # # # # # # # # # # # # # # # # # # # # # # # # # # # # # # # # # # # # # # # # . . . . . . . . . . . . . . . . . . . . . . . . . . . . . . . . . . . . . . . . 
 . . . . . . . . . . . . . . . . . . . . . . . . . . . . . . . . . . . . . . . . . . . . . . . . . . . . . . . . . . . . . . . . . . . . . . . . . . . . . . . . . . . . . . . . . . . . . . . . . . . . . . . # # # # # # # # # # # # # # # # # # # # # # # # # # # # # # # # # # # # # # # # # # # # # # # # # # # # # # # # # # . . . . . . . . . . . . . . . . . . . . . . . . . . . . . . . . . . . . . . . 
. . . . . . . . . . . . . . . . . . . . . . . . . . . . . . . . . . . . . . . . . . . . . . . . . . . . . . . . . . . . . . . . . . . . . . . . . . . . . . . . . . . . . . . . . . . . . . . . . . . . . . . # # # # # # # # # # # # # # # # # # # # # # # # # # # # # # # # # # # # # # # # # # # # # # # # # # # # # # # # # # . . . . . . . . . . . . . . . . . . . . . . . . . . . . . . . . . . . . . . . 
 . . . . . . . . . . . . . . . . . . . . . . . . . . . . . . . . . . . . . . . . . . . . . . . . . . . . . . . . . . . . . . . . . . . . . . . . . . . . . . . . . . . . . . . . . . . . . . . . . . . . . . # # . # # # # # # # # # # # # # # # # # # # # # # # # # # # # # # # # # # # # # # # # # # # # # # # # # # # # # # # # # . . . . . . . . . . . . . . . . . . . . . . . . . . . . . . . . . . . . . . 
. . . . . . . . . . . . . . . . . . . . . . . . . . . . . . . . . . . . . . . . . . . . . . . . . . . . . . . . . . . . . . . . . . . . . . . . . . . . . . . . . . . . . . . . . . . . . . . . . . . . . . # # # # # # # # # # # # # # # # # # # # # # # # # # # # # # # # # # # # # # # # # # # # # # # # # # # # # # # # # # # # # . . . . . . . . . . . . . . . . . . . . . . . . . . . . . . . . . . . . . 
 . . . . . . . . . . . . . . . . . . . . . . . . . . . . . . . . . . . . . . . . . . . . . . . . . . . . . . . . . . . . . . . . . . . . . . . . . . . . . . . . . . . . . . . . . . . . . . . . . . . . . # # # # # # # # # # # # # # # # # # # # # # # # # # # # # # # # # # # # # # # # # # # # # # # # # # # # # # # # # # # # # # . . . . . . . . . . . . . . . . . . . . . . . . . . . . . . . . . . . . . 
. . . . . . . . . . . . . . . . . . . . . . . . . . . . . . . . . . . . . . . . . . . . . . . . . . . . . . . . . . . . . . . . . . . . . . . . . . . . . . . . . . . . . . . . . . . . . . . . . . . . . # # # # # # # # # . . . . . . . . . . . . . . . . . . . . . . . . . . . . . . . . . . . . . . . . . . . . # # # # # # # # # # . . . . . . . . . . . . . . . . . . . . . . . . . . . . . . . . . . . . 
 . . . . . . . . . . . . . . . . . . . . . . . . . . . . . . . . . . . . . . . . . . . . . . . . . . . . . . . . . . . . . . . . . . . . . . . . . . . . . . . . . . . . . . . . . . . . . . . . . . . . # # # # # # # # # . . . . . . . . . . . . . . . . . . . . . . . . . . . . . . . . . . . . . . . . . . . . . . # # # # # # # # # . . . . . . . . . . . . . . . . . . . . . . . . . . . . . . . . . . . . 
. . . . . . . . . . . . . . . . . . . . . . . . . . . . . . . . . . . . . . . . . . . . . . . . . . . . . . . . . . . . . . . . . . . . . . . . . . . . . . . . . . . . . . . . . . . . . . . . . . . # # # # # # # # # # . . . . . . . . . . . . . . . . . . . . . . . . . . . . . . . . . . . . . . . . . . . . . . . # # # # # # # # # . . . . . . . . . . . . . . . . . . . . . . . . . . . . . . . . . . . 
 . . . . . . . . . . . . . . . . . . . . . . . . . . . . . . . . . . . . . . . . . . . . . . . . . . . . . . . . . . . . . . . . . . . . . . . . . . . . . . . . . . . . . . . . . . . . . . . . . . . # # # # # # # # # . . . . . . . . . . . . . . . . . . . . . . . . . . . . . . . . . . . . . . . . . . . . . . . . # # # # # # # # # . . . . . . . . . . . . . . . . . . . . . . . . . . . . . . . . . . . 
. . . . . . . . . . . . . . . . . . . . . . . . . . . . . . . . . . . . . . . . . . . . . . . . . . . . . . . . . . . . . . . . . . . . . . . . . . . . . . . . . . . . . . . . . . . . . . . . . . # # # # # # # # # # . . . . . . . . . . . . . . . . . . . . . . . . . . . . . . . . . . . . . . . . . . . . . . . . . # # # # # # # # # . . . . . . . . . . . . . . . . . . . . . . . . . . . . . . . . . . 
 . . . . . . . . . . . . . . . . . . . . . . . . . . . . . . . . . . . . . . . . . . . . . . . . . . . . . . . . . . . . . . . . . . . . . . . . . . . . . . . . . . . . . . . . . . . . . . . . . . # # # # # # # # # . . . . . . . . . . . . . . . . . . . . . . . . . . . . . . . . . . . . . . . . . . . . . . . . . . # # # # # # # # # # . . . . . . . . . . . . . . . . . . . . . . . . . . . . . . . . . 
. . . . . . . . . . . . . . . . . . . . . . . . . . . . . . . . . . . . . . . . . . . . . . . . . . . . . . . . . . . . . . . . . . . . . . . . . . . . . . . . . . . . . . . . . . . . . . . . . # # # # # # # # # . . . . . . . . . . . . . . . . . . . . . . . . . . . . . . . . . . . . . . . . . . . . . . . . . . . . # # # # # # # # # . . . . . . . . . . . . . . . . . . . . . . . . . . . . . . . . . 
 . . . . . . . . . . . . . . . . . . . . . . . . . . . . . . . . . . . . . . . . . . . . . . . . . . . . . . . . . . . . . . . . . . . . . . . . . . . . . . . . . . . . . . . . . . . . . . . . . # # # # # # # # # . . . . . . . . . . . . . . . . . . . . . . . . . . . . . . . . . . . . . . . . . . . . . . . . . . . . . # # # # # # # # # . . . . . . . . . . . . . . . . . . . . . . . . . . . . . . . . 
. . . . . . . . . . . . . . . . . . . . . . . . . . . . . . . . . . . . . . . . . . . . . . . . . . . . . . . . . . . . . . . . . . . . . . . . . . . . . . . . . . . . . . . . . . . . . . . . # # # # # # # # # . . . . . . . . . . . . . . . . . . . . . . . . . . . . . . . . . . . . . . . . . . . . . . . . . . . . . . # # # # # # # # # . . . . . . . . . . . . . . . . . . . . . . . . . . . . . . . . 
 . . . . . . . . . . . . . . . . . . . . . . . . . . . . . . . . . . . . . . . . . . . . . . . . . . . . . . . . . . . . . . . . . . . . . . . . . . . . . . . . . . . . . . . . . . . . . . . # # # # # # # # # # . . . . . . . . . . . . . . . . . . . . . . . . . . . . . . . . . . . . . . . . . . . . . . . . . . . . . . . # # # # # # # # # . . . . . . . . . . . . . . . . . . . . . . . . . . . . . . . 
. . . . . . . . . . . . . . . . . . . . . . . . . . . . . . . . . . . . . . . . . . . . . . . . . . . . . . . . . . . . . . . . . . . . . . . . . . . . . . . . . . . . . . . . . . . . . . . # # # # # # # # # . . . . . . . . . . . . # # # # # # # # # # # # # # # # # # # # # # # # # # # # # # # # . . . . . . . . . . . . # # # # # # # # # # . . . . . . . . . . . . . . . . . . . . . . . . . . . . . . 
 . . . . . . . . . . . . . . . . . . . . . . . . . . . . . . . . . . . . . . . . . . . . . . . . . . . . . . . . . . . . . . . . . . . . . . . . . . . . . . . . . . . . . . . . . . . . . . # # # # # # # # # . . . . . . . . . . . . . # # # # # # # # # # # # # # # # # # # # # # # # # # # # # # # # # . . . . . . . . . . . . # # # # # # # # # . . . . . . . . . . . . . . . . . . . . . . . . . . . . . . 
. . . . . . . . . . . . . . . . . . . . . . . . . . . . . . . . . . . . . . . . . . . . . . . . . . . . . . . . . . . . . . . . . . . . . . . . . . . . . . . . . . . . . . . . . . . . . . # # # # # # # # # . . . . . . . . . . . . # # # # # # # # # # # # # # # # # # # # # # # # # # # # # # # # # # . . . . . . . . . . . . # # # # # # # # # # . . . . . . . . . . . . . . . . . . . . . . . . . . . . . 
 . . . . . . . . . . . . . . . . . . . . . . . . . . . . . . . . . . . . . . . . . . . . . . . . . . . . . . . . . . . . . . . . . . . . . . . . . . . . . . . . . . . . . . . . . . . . . # # # # # # # # # . . . . . . . . . . . . # # # # # # # # # # # # # # # # # # # # # # # # # # # # # # # # # # # # . . . . . . . . . . . . # # # # # # # # # . . . . . . . . . . . . . . . . . . . . . . . . . . . . . 
. . . . . . . . . . . . . . . . . . . . . . . . . . . . . . . . . . . . . . . . . . . . . . . . . . . . . . . . . . . . . . . . . . . . . . . . . . . . . . . . . . . . . . . . . . . . # # # # # # # # # # . . . . . . . . . . . . # # # # # # # # # # # # # # # # # # # # # # # # # # # # # # # # # # # # . . . . . . . . . . . . . # # # # # # # # # . . . . . . . . . . . . . . . . . . . . . . . . . . . . 
 . . . . . . . . . . . . . . . . . . . . . . . . . . . . . . . . . . . . . . . . . . . . . . . . . . . . . . . . . . . . . . . . . . . . . . . . . . . . . . . . . . . . . . . . . . . . # # # # # # # # # . . . . . . . . . . . . # # # # # # # # # # # # # # # # # # # # # # # # # # # # # # # # # # # # # # . . . . . . . . . . . . # # # # # # # # # # . . . . . . . . . . . . . . . . . . . . . . . . . . . 
. . . . . . . . . . . . . . . . . . . . . . . . . . . . . . . . . . . . . . . . . . . . . . . . . . . . . . . . # # # # # # # # # # # # # # # # . . . . . . . . . . . . . . . . . . . # # # # # # # # # # . . . . . . . . . . . . # # # # # # # # # # # # # # # # # # # # # # # # # # # # # # # # # # # # # # # . . . . . . . . . . . . # # # # # # # # # . . . . . . . . . . . . . . . . . . . . . . . . . . . 
 . . . . . . . . . . . . . . . . . . . . . . . . . . . . . . . . . . . . . . . . . . . . . . . . . . . . . . . . . . . . . . . . . . . . . . . # # . . . . . . . . . . . . . . . . . . # # # # # # # # # . . . . . . . . . . . . # # # # # # # # # # # # # # # # # # # # # # # # # # # # # # # # # # # # # # # # . . . . . . . . . . . . # # # # # # # # # # . . . . . . . . . . . . . . . . . . . . . . . . . . 
. . . . . . . . . . . . . . . . . . . . . . . . . . . . . . . . . . . . . . . . . . . . . . . . . . . . . . . . . . . . . . . . . . . . . . . # # . . . . . . . . . . . . . . . . . # # # # # # # # # # . . . . . . . . . . . . # # # # # # # # # # # . . . . . . . . . . . . . . . . . . . # # # # # # # # # # # . . . . . . . . . . . . # # # # # # # # # . . . . . . . . . . . . . . . . . . . . . . . . . . 
 . . . . . . . . . . . . . . . . . . . . . . . . . . . . . . . . . . . . . . . . . . . . . . . . . . . . . . . . . . . . . . . . . . . . . . . . # # . . . . . . . . . . . . . . . . # # # # # # # # # . . . . . . . . . . . . # # # # # # # # # # . . . . . . . . . . . . . . . . . . . . . . . # # # # # # # # # . . . . . . . . . . . . # # # # # # # # # # . . . . . . . . . . . . . . . . . . . . . . . . . 
. . . . . . . . . . . . . . . . . . . . . . . . . . . . . . . . . . . . . . . . . . . . . . . . . . . . . . . . . . . . . . . . . . . . . . . . . # . . . . . . . . . . . . . . . # # # # # # # # # . . . . . . . . . . . . . # # # # # # # # # . . . . . . . . . . . . . . . . . . . . . . . . . # # # # # # # # # . . . . . . . . . . . . # # # # # # # # # . . . . . . . . . . . . . . . . . . . . . . . . . 
 . . . . . . . . . . . . . . . . . . . . . . . . . . . . . . . . . . . . . . . . . . . . . . . . . . . . . . . . . . . . . . . # # # # # . . . . . # # . . . . . . . . . . . . . # # # # # # # # # # . . . . . . . . . . . . # # # # # # # # # . . . . . . . . . . . . . . . . . . . . . . . . . . # # # # # # # # # # . . . . . . . . . . . . . # # # # # # # # . . . . . . . . . . . . . . . . . . . . . . . . 
. . . . . . . . . . . . . . . . . . . . . . . . . . . . . . . . . . . . . . . . . . . . . . . . . . . . . . . . # # # # # # # # # # # # # . . . . . # # . . . . . . . . . . . . # # # # # # # # # . . . . . . . . . . . . # # # # # # # # . . . . . . . . . . . . . . . . . . . . . . . . . . . . . # # # # # # # # # . . . . . . . . . . . . # # # # # # # # # . . . . . . . . . . . . . . . . . . . . . . . . 
 . . . . . . . . . . . . . . . . . . . . . . . . . . . . . . . . . . . . . . . . . . . . . . . . . . . . . . . # # . . . . . . . . . . . # # . . . . # # . . . . . . . . . . . # # # # # # # # # # . . . . . . . . . . . . # # # # # # # # # . . . . . . . . . . . . . . . . . . . . . . . . . . . . # # # # # # # # # # . . . . . . . . . . . . # # # # # # # # # . . . . . . . . . . . . . . . . . . . . . . . 
. . . . . . . . . . . . . . . . . . . . . . . . . . . . . . . . . . . . . . . . . . . . . . . . . . . . . . . # . . . . . . . . . . . . . # . . . . . # # . . . . . . . . . . # # # # # # # # # . . . . . . . . . . . . # # # # # # # # # # . . . . . . . . . . . . . . . . . . . . . . . . . . . . . # # # # # # # # # . . . . . . . . . . . . # # # # # # # # # # . . . . . . . . . . . . . . . . . . . . . . 
 . . . . . . . . . . . . . . . . . . . . . . . . . . . . . . . . . . . . . . . . . . . . . . . . . . . . . . # # . . . . . . . . . . . . . # # . . . . . # . . . . . . . . . # # # # # # # # # # . . . . . . . . . . . . # # # # # # # # # . . . . . . . . . . . . . . . . . . . . . . . . . . . . . . # # # # # # # # # # . . . . . . . . . . . . # # # # # # # # # . . . . . . . . . . . . . . . . . . . . . . 
. . . . . . . . . . . . . . . . . . . . . . . . . . . . . . . . . . . . . . . . . . . . . . . . . . . . . . # . . . . . . . . . . . . . . . # . . . . . # # . . . . . . . . # # # # # # # # # . . . . . . . . . . . . # # # # # # # # # . . . . . . . . . . . . . . . . . . . . . . . . . . . . . . . . # # # # # # # # # . . . . . . . . . . . . # # # # # # # # # # . . . . . . . . . . . . . . . . . . . . . 
 . . . . . . . . . . . . . . . . . . . . . . . . . . . . . . . . . . . . . . . . . . . . . . . . . . . . . # # . . . . # # # # # # # . . . . # # . . . . . # # . . . . . . # # # # # # # # # . . . . . . . . . . . . . # # # # # # # # # . . . . . . . . . . . . . . . . . . . . . . . . . . . . . . . . . # # # # # # # # # . . . . . . . . . . . . # # # # # # # # # . . . . . . . . . . . . . . . . . . . . . 
. . . . . . . . . . . . . . . . . . . . . . . . . . . . . . . . . . . . . . . . . . . . . . . . . . . . # # # . . . . # # # 9 9 9 # . . . . . # # . . . . # # . . . . . . # # # # # # # # # . . . . . . . . . . . . # # # # # # # # # . . . . . . . . . . . . . . . . . . . . . . . . . . . . . . . . . . # # # # # # # # # # . . . . . . . . . . . . # # # # # # # # # . . . . . . . . . . . . . . . . . . . . 
 . . . . . . . . . . . . . . . . . . . . . . . . . . . . . . . . . . . . . . . . . . . . . . . . . . . . # # . . . . # # . . . . 9 # . . . . . # # . . . . . # . . . . . # # # # # # # # # . . . . . . . . . . . . # # # # # # # # # # . . . . . . . . . . . . # # # # # # # # # # # . . . . . . . . . . . . # # # # # # # # # . . . . . . . . . . . . # # # # # # # # # # . . . . . . . . . . . . . . . . . . . 
. . . . . . . . . . . . . . . . . . . . . . . . . . . . . . . . . . . . . . . . . . . . . . . . . . . # # . . . . . # . . . . . 9 # . . . . . # . . . . . # # . . . . # # # # # # # # # # . . . . . . . . . . . . # # # # # # # # # . . . . . . . . . . . . # # # # # # # # # # # # . . . . . . . . . . . . # # # # # # # # # # . . . . . . . . . . . . # # # # # # # # # . . . . . . . . . . . . . . . . . . . 
 . . . . . . . . . . . . . . . . . . . . . . . . . . . . . . . . . . . . . . . . . . . . . . . . . . . # . . . . . # # . . . . . . . . . . . # # . . . . # # . . . . . # # # # # # # # # . . . . . . . . . . . . # # # # # # # # # . . . . . . . . . . . . . # # # # # # # # # # # # # . . . . . . . . . . . . # # # # # # # # # . . . . . . . . . . . . # # # # # # # # # # . . . . . . . . . . . . . . . . . . 
. . . . . . . . . . . . . . . . . . . . . . . . . . . . . . . . . . . . . . . . . . . . . . . . . . # # . . . . . # # . . . . . . . . . . . # . . . . . # . . . . . # # # # # # # # # . . . . . . . . . . . . . # # # # # # # # # . . . . . . . . . . . . # # # # # # # # # # # # # # . . . . . . . . . . . . . # # # # # # # # # . . . . . . . . . . . . # # # # # # # # # . . . . . . . . . . . . . . . . . . 
 . . . . . . . . . . . . . . . . . . . . . . . . . . . . . . . . . . . . . . . . . . . . . . . . . . . # # . . . . . # . . . . . . . . . . # . . . . . # # . . . . . # # # # # # # # # . . . . . . . . . . . . # # # # # # # # # . . . . . . . . . . . . . # # # # # # # # # # # # # # # . . . . . . . . . . . . # # # # # # # # # . . . . . . . . . . . . . # # # # # # # # # . . . . . . . . . . . . . . . . . 
. . . . . . . . . . . . . . . . . . . . . . . . . . . . . . . . . . . . . . . . . . . . . . . . . . . . # . . . . . # # . . . . . . . . # # . . . . . # . . . . . # # # # # # # # # . . . . . . . . . . . . # # # # # # # # # # . . . . . . . . . . . . # # # # # # # # # # # # # # # # . . . . . . . . . . . . . # # # # # # # # # . . . . . . . . . . . . # # # # # # # # # . . . . . . . . . . . . . . . . . 
 . . . . . . . . . . . . . . . . . . . . . . . . . . . . . . . . . . . . . . . . . . . . . . . . . . . . # # . . . . . # # . . . . . . # # . . . . . # # . . . . # # # # # # # # # # . . . . . . . . . . . . # # # # # # # # # . . . . . . . . . . . . # # # # # # # # # # # # # # # # # # . . . . . . . . . . . . # # # # # # # # # . . . . . . . . . . . . . # # # # # # # # # . . . . . . . . . . . . . . . . 
. . . . . . . . . . . . . . . . . . . . . . . . . . . . . . . . . . . . . . . . . . . . . . . . . . . . . # # . . . . # # # # # # # # # # . . . . . # . . . . . # # # # # # # # # . . . . . . . . . . . . # # # # # # # # # # . . . . . . . . . . . . # # # # # # # # # # # # # # # # # # # . . . . . . . . . . . . # # # # # # # # # . . . . . . . . . . . . # # # # # # # # # # . . . . . . . . . . . . . . . 
 . . . . . . . . . . . . . . . . . . . . . . . . . . . . . . . . . . . . . . . . . . . . . . . . . . . . . # # . . . . . . . . . . . . . . . . . . # # . . . . # # # # # # # # # # . . . . . . . . . . . . # # # # # # # # # . . . . . . . . . . . . # # # # # # # # # # # # # # # # # # # . . . . . . . . . . . . . # # # # # # # # # # . . . . . . . . . . . # # # # # # # # # # . . . . . . . . . . . . . . . 
. . . . . . . . . . . . . . . . . . . . . . . . . . . . . . . . . . . . . . . . . . . . . . . . . . . . . . # # . . . . . . . . . . . . . . . . # # . . . . . . # # # # # # # # # . . . . . . . . . . . . # # # # # # # # # # . . . . . . . . . . . . # # # # # # # # # # # # # # # # # # . . . . . . . . . . . . . # # # # # # # # # . . . . . . . . . . . . # # # # # # # # # # . . . . . . . . . . . . . . . 
 . . . . . . . . . . . . . . . . . . . . . . . . . . . . . . . . . . . . . . . . . . . . . . . . . . . . . . . # . . . . . . . . . . . . . . . . # # . . . . . . # # # # # # # # # # . . . . . . . . . . . . # # # # # # # # # . . . . . . . . . . . . # # # # # # # # # # # # # # # # # # . . . . . . . . . . . . # # # # # # # # # # . . . . . . . . . . . . # # # # # # # # # . . . . . . . . . . . . . . . . 
. . . . . . . . . . . . . . . . . . . . . . . . . . . . . . . . . . . . . . . . . . . . . . . . . . . . . . . # # . . . . . . . . . . . . . . # # . . . . . . . . # # # # # # # # # . . . . . . . . . . . . # # # # # # # # # # . . . . . . . . . . . . # # # # # # # # # # # # # # # # . . . . . . . . . . . . . # # # # # # # # # . . . . . . . . . . . . # # # # # # # # # . . . . . . . . . . . . . . . . . 
 . . . . . . . . . . . . . . . . . . . . . . . . . . . . . . . . . . . . . . . . . . . . . . . . . . . . . . . . # # # # # # # # # # # # # # # # # . . . . . . . . # # # # # # # # # # . . . . . . . . . . . . # # # # # # # # # . . . . . . . . . . . . # # # # # # # # # # # # # # # # . . . . . . . . . . . . # # # # # # # # # # . . . . . . . . . . . . # # # # # # # # # . . . . . . . . . . . . . . . . . 
. . . . . . . . . . . . . . . . . . . . . . . . . . . . . . . . . . . . . . . . . . . . . . . . . . . . . . . . # # # # # . . . . . . . . . . . . . . . . . . . . . # # # # # # # # # . . . . . . . . . . . . . # # # # # # # # # . . . . . . . . . . . . # # # # # # # # # # # # # # # . . . . . . . . . . . . # # # # # # # # # . . . . . . . . . . . . # # # # # # # # # . . . . . . . . . . . . . . . . . . 
 . . . . . . . . . . . . . . . . . . . . . . . . . . . . . . . . . . . . . . . . . . . . . . . . . . . . . . . . . . . . . . . . . . . . . . . . . . . . . . . . . . . # # # # # # # # # . . . . . . . . . . . . # # # # # # # # # # . . . . . . . . . . . . # # # # # # # # # # # # # . . . . . . . . . . . . # # # # # # # # # . . . . . . . . . . . . # # # # # # # # # # . . . . . . . . . . . . . . . . . . 
. . . . . . . . . . . . . . . . . . . . . . . . . . . . . . . . . . . . . . . . . . . . . . . . . . . . . . . . . . . . . . . . . . . . . . . . . . . . . . . . . . . # # # # # # # # # # . . . . . . . . . . . . # # # # # # # # # . . . . . . . . . . . . # # # # # # # # # # # # b b . . . . . . . . . . # # # # # # # # # # . . . . . . . . . . . . # # # # # # # # # . . . . . . . . . . . . . . . . . . . 
 . . . . . . . . . . . . . . . . . . . . . . . . . . . . . . . . . . . . . . . . . . . . . . . . . . . . . . . . . . . . . . . . . . . . . . . . . . . . . . . . . . . . # # # # # # # # # . . . . . . . . . . . . # # # # # # # # # # . . . . . . . . . . . . # # # # # # # # # # # b b b . . . . . . . . . # # # # # # # # # . . . . . . . . . . . . # # # # # # # # # # . . . . . . . . . . . . . . . . . . . 
. . . . . . . . . . . . . . . . . . . . . . . . . . . . . . . . . . . . . . . . . . . . . . . . . . . . . . . . . . . . . . . . . . . . . . . . . . . . . . . . . . . . # # # # # # # # # # . . . . . . . . . . . . # # # # # # # # # . . . . . . . . . . . . # # # # # # # # # # b b b b b . . . . . . . # # # # # # # # . . . . . . . . . . . . . . # # # # # # # # # . . . . . . . . . . . . . . . . . . . . 
 . . . . . . . . . . . . . . . . . . . . . . . . . . . . . . # # . . . . . . . . . . . . . . . . . . . . . . . . . . . . . . . . . . . . . . . # # . . . . . . . . . . . . # # # # # # # # # . . . . . . . . . . . . # # # # # # # # # # . . . . . . . . . . . . # # # # # # # # # # # # b b . . . . # # # # # # # # # # # # . . . . . . . . . . . . # # # # # # # # # . . . . . . . . . . . . . . . . . . . . . 
. . . . . . . . . . . . . . . . . . . . . . . . . . . . . . # # # # # # # # # # # # # # # # # # # # # # # # # # # # # # # # # # # # # # # # # # # . . . . . . . . . . . . # # # # # # # # # # . . . . . . . . . . . . # # # # # # # # # . . . . . . . . . . . . # # # # # # # # . # # # # # # # # # # # # # # # # # # # # . . . . . . . . . . . . . # # # # # # # # # . . . . . . . . . . . . . . . . . . . . . 
 . . . . . . . . . . . . . . . . . . . . . . . . . . . . . # # # # # # # # # # # # # # # # # # # # # # # # # # # # # # # # # # # # # # # # # # # # # . . . . . . . . . . . . # # # # # # # # # . . . . . . . . . . . . . # # # # # # # # # . . . . . . . . . . . . # # # # # # # # # # # # # # # # # # # # # # # # # # # # . . . . . . . . . . . . # # # # # # # # . . . . . . . . . . . . . . . . . . . . . . . 
. . . . . . . . . . . . . . . . . . . . . . . . . . . . . # # # # # # # # # # # # # # # # # # # # # # # # # # # # # # # # # # # # # # # # # # # # # # . . . . . . . . . . . . # # # # # # # # # . . . . . . . . . . . . # # # # # # # # # # . . . . . . . . . . . . # # # # # # # # # # # # # # # # # # # # # # # # # # . . . . . . . . . . . . # # # # # # # . # . . . . . . . . . . . . . . . . . . . . . . . 
 . . . . . . . . . . . . . . . . . . . . . . . . . . . . # # # # # # # # # # # # # # # # # # # # # # # # # # # # # # # # # # # # # # # # # # # # # # # . . . . . . . . . . . . # # # # # # # # # # . . . . . . . . . . . . # # # # # # # # # . . . . . . . . . . . . # # # # # # # # # # # # # # # # # # # # # # # # # # . . . . . . . . . . . . # # # # # # # # # . . . . . . . . . . . . . . . . . . . . . . . 
. . . . . . . . . . . . . . . . . . . . . . . . . . . . # # # # # # # # # # # # # # # # # # # # # # # # # # # # # # # # # # # # # # # # # # # # # # # # . . . . . . . . . . . . # # # # # # # # # . . . . . . . . . . . . # # # # # # # # # # . . . . . . . . . . . . # # # # # # # # # # # # # # # # # # # # # # # # . . . . . . . . . . . . # # # # # # # # # # . . . . . . . . . . . . . . . . . . . . . . . 
 . . . . . . . . . . . . . . . . . . . . . . . . . . . # # # # # # # # # # # # # # # # # # # # # # # # # # # # # # # # # # # # # # # # # # # # # # # # # . . . . . . . . . . . . # # # # # # # # # # . . . . . . . . . . . . # # # # # # # # # . . . . . . . . . . . . # # # # # # # # # # # # # # # # # # # # # # # # . . . . . . . . . . . . # # # # # # # # # . . . . . . . . . . . . . . . . . . . . . . . . 
. . . . . . . . . . . . . . . . . . . . . . . . . . . # # # # # # # # # # # # # # # # # # # # # # # # # # # # # # # # # # # # # # # # # # # # # # # # # # . . . . . . . . . . . . # # # # # # # # # . . . . . . . . . . . . # # # # # # # # # # . . . . . . . . . . . . # # # # # # # # # # # # # # # # # # # # # # . . . . . . . . . . . . # # # # # # # # # . . . . . . . . . . . . . . . . . . . . . . . . . 
 . . . . . . . . . . . . . . . . . . . . . . . . . . # # # # # # # # # # # # # # # # # # # # # # # # # # # # # # # # # # # # # # # # # # # # # # # # # # # . . . . . . . . . . . . . # # # # # # # # # . . . . . . . . . . . . # # # # # # # # # . . . . . . . . . . . . # # # # # # # # # # # # # # # # # # # # # . . . . . . . . . . . . # # # # # # # # # # . . . . . . . . . . . . . . . . . . . . . . . . . 
. . . . . . . . . . . . . . . . . . . . . . . . . # # # # # # # # # # . . . . . . . . . . . . . . . . . . . . . . . . . . . . . . . . . . # # # # # # # # # . . . . . . . . . . . . # # # # # # # # # # . . . . . . . . . . . . # # # # # # # # # . . . . . . . . . . . . . . . . . . . . . . . . . . . . . . . . . . . . . . . . . . . . # # # # # # # # # . . . . . . . . . . . . . . . . . . . . . . . . . . 
 . . . . . . . . . . . . . . . . . . . . . . . . . # # # # # # # # # . . . . . . . . . . . . . . . . . . . . . . . . . . . . . . . . . . . # # # # # # # # # # . . . . . . . . . . . . # # # # # # # # # . . . . . . . . . . . . # # # # # # # # # . . . . . . . . . . . . . . . . . . . . . . . . . . . . . . . . . . . . . . . . . . . # # # # # # # # # # . . . . . . . . . . . . . . . . . . . . . . . . . . 
. . . . . . . . . . . . . . . . . . . . . . . . # # # # # # # # # . . . . . . . . . . . . . . . . . . . . . . . . . . . . . . . . . . . . . # # # # # # # # # . . . . . . . . . . . . # # # # # # # # # # . . . . . . . . . . . . # # # # # # # # # . . . . . . . . . . . . . . . . . . . . . . . . . . . . . . . . . . . . . . . . . . # # # # # # # # # . . . . . . . . . . . . . . . . . . . . . . . . . . . 
 . . . . . . . . . . . . . . . . . . . . . . . # # # # # # # # # # . . . . . . . . . . . . . . . . . . . . . . . . . . . . . . . . . . . . . # # # # # # # # # # . . . . . . . . . . . . # # # # # # # # # . . . . . . . . . . . . . # # # # # # # # # . . . . . . . . . . . . . . . . . . . . . . . . . . . . . . . . . . . . . . . . # # # # # # # # # . . . . . . . . . . . . . . . . . . . . . . . . . . . . 
. . . . . . . . . . . . . . . . . . . . . . . # # # # # # # # # . . . . . . . . . . . . . . . . . . . . . . . . . . . . . . . . . . . . . . . # # # # # # # # # . . . . . . . . . . . . # # # # # # # # # # . . . . . . . . . . . . # # # # # # # # # . . . . . . . . . . . . . . . . . . . . . . . . . . . . . . . . . . . . . . . . # # # # # # # # # . . . . . . . . . . . . . . . . . . . . . . . . . . . . 
 . . . . . . . . . . . . . . . . . . . . . . # # # # # # # # # # . . . . . . . . . . . . . . . . . . . . . . . . . . . . . . . . . . . . . . . . # # # # # # # # # . . . . . . . . . . . . # # # # # # # # # . . . . . . . . . . . . . # # # # # # # # # . . . . . . . . . . . . . . . . . . . . . . . . . . . . . . . . . . . . . . # # # # # # # # . . . . . . . . . . . . . . . . . . . . . . . . . . . . . . 
. . . . . . . . . . . . . . . . . . . . . . # # # # # # # # # . . . . . . . . . . . . . . . . . . . . . . . . . . . . . . . . . . . . . . . . . # # # # # # # # # # . . . . . . . . . . . . # # # # # # # # # . . . . . . . . . . . . # # # # # # # # # . . . . . . . . . . . . . . . . . . . . . . . . . . . . . . . . . . . . . # # # # # # # # # # . . . . . . . . . . . . . . . . . . . . . . . . . . . . . 
 . . . . . . . . . . . . . . . . . . . . . # # # # # # # # # # . . . . . . . . . . . . . . . . . . . . . . . . . . . . . . . . . . . . . . . . . . # # # # # # # # # . . . . . . . . . . . . # # # # # # # # # . . . . . . . . . . . . . # # # # # # # # # . . . . . . . . . . . . . . . . . . . . . . . . . . . . . . . . . . . . # # # # # # # # # . . . . . . . . . . . . . . . . . . # # # # . . . . . . . . 
. . . . . . . . . . . . . . . . . . . . . # # # # # # # # # . . . . . . . . . . . . . . . . . . . . . . . . . . . . . . . . . . . . . . . . . . . # # # # # # # # # # . . . . . . . . . . . . # # # # # # # # # . . . . . . . . . . . . # # # # # # # # # # . . . . . . . . . . . . . . . . . . . . . . . . . . . . . . . . . . # # # # # # # # # # . . . . . . # # # # . # # # # # # # # # # # . . . . . . . . 
 . . . . . . . . . . . . . . . . . . . . # # # # # # # # # # . . . . . . . . . . . . . . . . . . . . . . . . . . . . . . . . . . . . . . . . . . . . # # # # # # # # # . . . . . . . . . . . . # # # # # # # # # # . . . . . . . . . . . . # # # # # # # # # . . . . . . . . . . . . . . . . . . . . . . . . . . . . . . . . . . # # # # # # # # # . . . . . . # # . . . . . . . . . . . . . . # # . . . . . . . 
. . . . . . . . . . . . . . . . . . . . # # # # # # # # # . . . . . . . . . . . . # # # # # # # # # # # # # # # # # # # # # . . . . . . . . . . . . . # # # # # # # # # . . . . . . . . . . . . # # # # # # # # # . . . . . . . . . . . . # # # # # # # # # # # # # # # # # # # # # # # # # # # # # # # # # # # # # # # # # # # # # # # # # # # . . . . . . . # # . . . . . . . . . . . . . . . # # . . . . . . 
 . . . . . . . . . . . . . . . . . . . # # # # # # # # # . . . . . . . . . . . . # # # # # # # # # # # # # # # # # # # # # # # . . . . . . . . . . . . # # # # # # # # # . . . . . . . . . . . . . # # # # # # # # # . . . . . . . . . . . . # # # # # # # # # # # # # # # # # # # # # # # # # # # # # # # # # # # # # # # # # # # # # # # # # # . . . . . . # # . . . . . . . . . . . . . . . . . # . . . . . . 
. . . . . . . . . . . . . . . . . . . # # # # # # # # # . . . . . . . . . . . . # # # # # # # # # # # # # # # # # # # # # # # # . . . . . . . . . . . . # # # # # # # # # . . . . . . . . . . . . # # # # # # # # # . . . . . . . . . . . . . # # # # # # # # # # # # # # # # # # # # # # # # # # # # # # # # # # # # # # # # # # # # # # # # . . . . . . . # # . . . . . . . . . . . . . . . . . # # . . . . . 
 . . . . . . . . . . . . . . . . . . # # # # # # # # # . . . . . . . . . . . . # # # # # # # # # # # # # # # # # # # # # # # # # . . . . . . . . . . . . # # # # # # # # # # . . . . . . . . . . . . # # # # # # # # # . . . . . . . . . . . . # # # # # # # # # # # # # # # # # # # # # # # # # # # # # # # # # # # # # # # # # # # # # # # # . . . . . . # # . . . . . # # # # # # # # # . . . . . # # . . . . 
. . . . . . . . . . . . . . . . . # # # # # # # # # # . . . . . . . . . . . . # # # # # # # # # # # # # # # # # # # # # # # # # # . . . . . . . . . . . . # # # # # # # # # . . . . . . . . . . . . # # # # # # # # # # . . . . . . . . . . . . # # # # # # # # # # # # # # # # # # # # # # # # # # # # # # # # # # # # # # # # # # # # # # . . . . . . . # # . . . . # # # # # # # # # # # . . . . . # . . . . 
 . . . . . . . . . . . . . . . . . # # # # # # # # # . . . . . . . . . . . . # # # # # # # # # # # # # # # # # # # # # # # # # # # . . . . . . . . . . . . # # # # # # # # # # . . . . . . . . . . . . # # # # # # # # # . . . . . . . . . . . . # # # # # # # # # # # # # # # # # # # # # # # # # # # # # # # # # # # # # # # # # # # # # . . . . . . . . # . . . . . # . . . . . . . . . # . . . . . # # . . . 
. . . . . . . . . . . . . . . . # # # # # # # # # . . . . . . . . . . . . . # # # # # # # # # # # # # # # # # # # # # # # # # # # # . . . . . . . . . . . . # # # # # # # # # . . . . . . . . . . . . . # # # # # # # # # . . . . . . . . . . . . # # # # # # # # # # # # # # # # # # # # # # # # # # # # # # # # # # # # # # # # # # # # . . . . . . . # # . . . . # # . . . . . . . . . # # . . . . . # # . . 
 . . . . . . . . . . . . . . . . # # # # # # # # # . . . . . . . . . . . . # # # # # # # # # # # # # # # # # # # # # # # # # # # # # . . . . . . . . . . . . # # # # # # # # # # . . . . . . . . . . . . # # # # # # # # # . . . . . . . . . . . . . # # # # # # # # # # # # # # # # # # # # # # # # # # # # # # # # # # # # # # # # # # . . . . . . . # # . . . . . # . . . . . . . . . . . # # . . . . # # . . 
. . . . . . . . . . . . . . . # # # # # # # # # . . . . . . . . . . . . # # # # # # # # # # . . . . . . . . . . c c # # # # # # # # # . . . . . . . . . . . . # # # # # # # # # . . . . . . . . . . . . # # # # # # # # # . . . . . . . . . . . . . . . . . . . . . . . . . . . . . . . . . . . . . . . . . . . . . . . . . . . . . . . . . . . . . . # # . . . . # # . . . . . . . . . . . # . . . . . # # . . 
 . . . . . . . . . . . . . . # # # # # # # # # # . . . . . . . . . . . . # # # # # # # # # . . . . . . . . . . c c c # # # # # # # # # # . . . . . . . . . . . . # # # # # # # # # . . . . . . . . . . . . # # # # # # # # # . . . . . . . . . . . . . . . . . . . . . . . . . . . . . . . . . . . . . . . . . . . . . . . . . . . . . . . . . . . . # # . . . . . # . . . . # # # . . . . # # . . . . . # . . . 
. . . . . . . . . . . . . . # # # # # # # # # . . . . . . . . . . . . # # # # # # # # # # . . . . . . . . . . . c c c # # # # # # # # # . . . . . . . . . . . . # # # # # # # # # # . . . . . . . . . . . . # # # # # # # # # . . . . . . . . . . . . . . . . . . . . . . . . . . . . . . . . . . . . . . . . . . . . . . . . . . . . . . . . . . . # # . . . . # # . . . . # 9 . . . . . # . . . . . # # . . . 
 . . . . . . . . . . . . . # # # # # # # # # # . . . . . . . . . . . . # # # # # # # # # . . . . . . . . . . . . c c c # # # # # # # # # # . . . . . . . . . . . . # # # # # # # # # . . . . . . . . . . . . # # # # # # # # # # . . . . . . . . . . . . . . . . . . . . . . . . . . . . . . . . . . . . . . . . . . . . . . . . . . . . . . . . . . # . . . . . # # . . . . # 9 9 9 9 # # # . . . . . # . . . . 
. . . . . . . . . . . . . # # # # # # # # # . . . . . . . . . . . . # # # # # # # # # # . . . . . . . . . . . . . c # # # # # # # # # # # . . . . . . . . . . . . # # # # # # # # # # . . . . . . . . . . . . # # # # # # # # # . . . . . . . . . . . . . . . . . . . . . . . . . . . . . . . . . . . . . . . . . . . . . . . . . . . . . . . . . . # . . . . . # # . . . . . # # # # # # . . . . . # # . . . . 
 . . . . . . . . . . . . # # # # # # # # # . . . . . . . . . . . . . # # # # # # # # # . . . . . . . . . . . . . # # # # # # # # # # # # # # . . . . . . . . . . . . # # # # # # # # # . . . . . . . . . . . . # # # # # # # # # # . . . . . . . . . . . . . . . . . . . . . . . . . . . . . . . . . . . . . . . . . . . . . . . . . . . . . . . . . # # . . . . . # # . . . . . . . . . . . . . . . # . . . . . 
. . . . . . . . . . . . # # # # # # # # # . . . . . . . . . . . . # # # # # # # # # . . . . . . . . . . . . . # # # # # # # # # # # # # # # # . . . . . . . . . . . . # # # # # # # # # . . . . . . . . . . . . # # # # # # # # # . . . . . . . . . . . . . . . . . . . . . . . . . . . . . . . . . . . . . . . . . . . . . . . . . . . . . . . . . . # # . . . . . # # . . . . . . . . . . . . . # # . . . . . 
 . . . . . . . . . . . # # # # # # # # # . . . . . . . . . . . . # # # # # # # # # # . . . . . . . . . . . . # # # # # # # # # # # # # # # # # . . . . . . . . . . . . # # # # # # # # # # . . . . . . . . . . . . # # # # # # # # # . . . . . . . . . . . . . . . . . . . . . . . . . . . . . . . . . . . . . . . . . . . . . . . . . . . . . . . . . . # . . . . . # # . . . . . . . . . . . . . # . . . . . . 
. . . . . . . . . . # # # # # # # # # # . . . . . . . . . . . . # # # # # # # # # . . . . . . . . . . . . # # # # # # # # # # # # # # # # # # # . . . . . . . . . . . . # # # # # # # # # . . . . . . . . . . . . # # # # # # # # # # . . . . . . . . . . . . . . . . . . . . . . . . . . . . . . . . . . . . . . . . . . . . . . . . . . . . . . . . . # # . . . . . # # . . . . . . . . . . . # # . . . . . . 
 . . . . . . . . . . # # # # # # # # # . . . . . . . . . . . . # # # # # # # # # # . . . . . . . . . . . . # # # # # # # # # # # # # # # # # # # . . . . . . . . . . . . # # # # # # # # # # . . . . . . . . . . . . # # # # # # # # # . . . . . . . . . . . . . . . . . . . . . . . . . . . . . . . . . . . . . . . . . . . . . . . . . . . . . . . . . . # # . . . . . # # # # # # # # # # # # # . . . . . . . 
. . . . . . . . . # # # # # # # # # # . . . . . . . . . . . . # # # # # # # # # . . . . . . . . . . . . # # # # # # # # # # # # # # # # # # # # . . . . . . . . . . . . # # # # # # # # # # . . . . . . . . . . . . . . . . . . . . . . . # # # # # # # # # # # # # # # # # # # # # # # # # # # # # # # # # # # # # # # # # # # # # # # # # # # # . . . . . # . . . . . # # # # # # # # . . . . . . . . . . . . 
 . . . . . . . . . # # # # # # # # # . . . . . . . . . . . . # # # # # # # # # # . . . . . . . . . . . . # # # # # # # # # # # # # # # # # # # # . . . . . . . . . . . . # # # # # # # # # . . . . . . . . . . . . # . . . . . . . . . . # # # # # # # # # # # # # # # # # # # # # # # # # # # # # # # # # # # # # # # # # # # # # # # # # # # # # # . . . . # # . . . . . . . . . . . . . . . . . . . . . . . . 
. . . . . . . . # # # # # # # # # . . . . . . . . . . . . . # # # # # # # # # . . . . . . . . . . . . # # # # # # # # # # # # # # # # # # # # . . . . . . . . . . . . # # # # # # # # # # . . . . . . . . . . . . # . . . . . . . . . # # # # # # # # # # # # # # # # # # # # # # # # # # # # # # # # # # # # # # # # # # # # # # # # # # # # # # # . . . . . # # . . . . . . . . . . . . . . . . . . . . . . . 
 . . . . . . . # # # # # # # # # # . . . . . . . . . . . . # # # # # # # # . . . . . . . . . . . . . # # # # # # # # # # # # # # # # # # # # # . . . . . . . . . . . . # # # # # # # # # . . . . . . . . . . . . # # # . . . . . . . . # # # # # # # # # # # # # # # # # # # # # # # # # # # # # # # # # # # # # # # # # # # # # # # # # # # # # # # # . . . . . # . . . . . . . . . . . . . . . . . . . . . . . 
. . . . . . . # # # # # # # # # . . . . . . . . . . . . # # # # # # # # # # . . . . . . . . . . . . # # # # # # # # # # # # # # # # # # # # . . . . . . . . . . . . # # # # # # # # # . . . . . . . . . . . . # # # # . . . . . . . # # # # # # # # # # # # # # # # # # # # # # # # # # # # # # # # # # # # # # # # # # # # # # # # # # # # # # # # # # . . . . # # . . . . . . . . . . . . . # # # . . . . . . 
 . . . . . . # # # # # # # # # # . . . . . . . . . . . . # # # # # # # # # . . . . . . . . . . . . # # # # # # # # # # # # # # # # # # # # . . . . . . . . . . . . # # # # # # # # # # . . . . . . . . . . . . # # # # # . . . . . . # # # # # # # # # # # # # # # # # # # # # # # # # # # # # # # # # # # # # # # # # # # # # # # # # # # # # # # # # # . . . . . # # # # # # # # # # . . # # # # . . . . . . . 
. . . . . . # # # # # # # # # . . . . . . . . . . . . # # # # # # # # # # . . . . . . . . . . . . # # # # # # # # # # # # # # # # # # # # . . . . . . . . . . . . # # # # # # # # # . . . . . . . . . . . . # # # # # # . . . . . # # # # # # # # # # # # # # # # # # # # # # # # # # # # # # # # # # # # # # # # # # # # # # # # # # # # # # # # # # # # . . . . . # # # . . . . . . . . . . . . . . . . . . . 
 . . . . . # # # # # # # # # # . . . . . . . . . . . . # # # # # # # # # . . . . . . . . . . . . # # # # # # # # # # # # # # # # # # # # . . . . . . . . . . . . # # # # # # # # # # . . . . . . . . . . . . # # # # # # # . . . # # # # # # # # # # # # # # # # # # # # # # # # # # # # # # # # # # # # # # # # # # # # # # # # # # # # # # # # # # # # # . . . . . . . . . . . . . . . . . . . . . . . . . . . 
. . . . . # # # # # # # # # . . . . . . . . . . . . # # # # # # # # # . . . . . . . . . . . . # # # # # # # # # # # # # # # # # # # # # . . . . . . . . . . . . # # # # # # # # # . . . . . . . . . . . . # # # # # # # # # . . # # # # # # # # # # # # # # # # # # # # # # # # # # # # # # # # # # # # # # # # # # # # # # # # # # # # # # # # # # # # # # . . . . . . . . . . . . . . . . . . . . . . . . . . 
 . . . . # # # # # # # # # # . . . . . . . . . . . . # # # # # # # # # . . . . . . . . . . . . # # # # # # # # # # # # # # # # # # # # . . . . . . . . . . . . # # # # # # # # # . . . . . . . . . . . . # # # # # # # # # # . . . . . . . . . . . . . . . . . . . . . . . . . . . . . . . . . . . . . . . . . . . . . . . . . . . . . . . # # # # # # # # # # . . . . . . . . . . . . . . . . . . . . . . . . . 
. . . . . # # # # # # # # # . . . . . . . . . . . . # # # # # # # # # # . . . . . . . . . . . . # # # # # # # # # # # # # # # # # # . . . . . . . . . . . . # # # # # # # # # # . . . . . . . . . . . . # # # # # # # # # . . . . . . . . . . . . . . . . . . . . . . . . . . . . . . . . . . . . . . . . . . . . . . . . . . . . . . . . . # # # # # # # # # . . . . . . . . . . . . . . . . . . . . . . . . . 
 . . . . . # # # # # # # # # # . . . . . . . . . . . . # # # # # # # # # . . . . . . . . . . . . # # # # # # # # # # # # # # # # # # . . . . . . . . . . . . # # # # # # # # # . . . . . . . . . . . . . # # # # # # # # # . . . . . . . . . . . . . . . . . . . . . . . . . . . . . . . . . . . . . . . . . . . . . . . . . . . . . . . . . # # # # # # # # # # . . . . . . . . . . . . . . . . . . . . . . . . 
. . . . . . # # # # # # # # # . . . . . . . . . . . . # # # # # # # # # # . . . . . . . . . . . . # # # # # # # # # # # # # # # # . . . . . . . . . . . . # # # # # # # # # # . . . . . . . . . . . . # # # # # # # # # . . . . . . . . . . . . . . . . . . . . . . . . . . . . . . . . . . . . . . . . . . . . . . . . . . . . . . . . . . . # # # # # # # # # . . . . . . . . . . . . . . . . . . . . . . . . 
 . . . . . . . # # # # # # # # # . . . . . . . . . . . . # # # # # # # # # . . . . . . . . . . . . # # # # # # # # # # # # # # # # . . . . . . . . . . . . # # # # # # # # # . . . . . . . . . . . . # # # # # # # # # # . . . . . . . . . . . . . . . . . . . . . . . . . . . . . . . . . . . . . . . . . . . . . . . . . . . . . . . . . . . # # # # # # # # # # . . . . . . . . . . . . . . . . . . . . . . . 
. . . . . . . # # # # # # # # # . . . . . . . . . . . . . # # # # # # # # # . . . . . . . . . . . . # # # # # # # # # # # # # # . . . . . . . . . . . . # # # # # # # # # # . . . . . . . . . . . . # # # # # # # # # . . . . . . . . . . . . . . . . . . . . . . . . . . . . . . . . . . . . . . . . . . . . . . . . . . . . . . . . . . . . . # # # # # # # # # . . . . . . . . . . . . . . . . . . . . . . . 
 . . . . . . . . # # # # # # # # # . . . . . . . . . . . . # # # # # # # # # # . . . . . . . . . . . . # # # # # # # # # # # # # . . . . . . . . . . . . # # # # # # # # # . . . . . . . . . . . . # # # # # # # # # . . . . . . . . . . . . . . . . . . . . . . . . . . . . . . . . . . . . . . . . . . . . . . . . . . . . . . . . . . . . . . . # # # # # # # # # . . . . . . . . . . . . . . . . . . . . . . 
. . . . . . . . # # # # # # # # # # . . . . . . . . . . . . # # # # # # # # # . . . . . . . . . . . . # # # # # # # # # # # # . . . . . . . . . . . . # # # # # # # # # . . . . . . . . . . . . . # # # # # # # # # . . . . . . . . . . . . . . . . . . . . . . . . . . . . . . . . . . . . . . . . . . . . . . . . . . . . . . . . . . . . . . . # # # # # # # # # . . . . . . . . . . . . . . . . . . . . . . 
 . . . . . . . . . # # # # # # # # # . . . . . . . . . . . . # # # # # # # # # # . . . . . . . . . . . . # # # # # # # # # # . . . . . . . . . . . . . # # # # # # # # # . . . . . . . . . . . . # # # # # # # # # . . . . . . . . . . . . . . . . . . . . . . . . . . . . . . . . . . . . . . . . . . . . . . . . . . . . . . . . . . . . . . . . . # # # # # # # # # . . . . . . . . . . . . . . . . . . . . . 
. . . . . . . . . # # # # # # # # # # . . . . . . . . . . . . # # # # # # # # # . . . . . . . . . . . . . . . . . . . . . . . . . . . . . . . . . . # # # # # # # # # . . . . . . . . . . . . # # # # # # # # # # . . . . . . . . . . . . . . . . . . . . . . . . . . . . . . . . . . . . . . . . . . . . . . . . . . . . . . . . . . . . . . . . . # # # # # # # # # # . . . . . . . . . . . . . . . . . . . . 
 . . . . . . . . . . # # # # # # # # # . . . . . . . . . . . . . # # # # # # # # # . . . . . . . . . . . . . . . . . . . . . . . . . . . . . . . . # # # # # # # # # # . . . . . . . . . . . . # # # # # # # # # . . . . . . . . . . . . # # . . . . . . . . . . . . . . . . . . . . . . . . . . . . . . . . . . . . . . . # # . . . . . . . . . . . . # # # # # # # # # . . . . . . . . . . . . . . . . . . . . 
. . . . . . . . . . . # # # # # # # # # . . . . . . . . . . . . # # # # # # # # # . . . . . . . . . . . . . . . . . . . . . . . . . . . . . . . . # # # # # # # # # . . . . . . . . . . . . # # # # # # # # # . . . . . . . . . . . . . # # # # # # # # # # # # # # # # # # # # # # # # # # # # # # # # # # # # # # # # # # # # . . . . . . . . . . . . # # # # # # # # # . . . . . . . . . . . . . . . . . . . 
 . . . . . . . . . . . # # # # # # # # # . . . . . . . . . . . . . # # # # # # # # # . . . . . . . . . . . . . . . . . . . . . . . . . . . . . . # # # # # # # # # # . . . . . . . . . . . . # # # # # # # # # . . . . . . . . . . . . # # # # # # # # # # # # # # # # # # # # # # # # # # # # # # # # # # # # # # # # # # # # # . . . . . . . . . . . . # # # # # # # # # # . . . . . . . . . . . . . . . . . . 
. . . . . . . . . . . . # # # # # # # # # . . . . . . . . . . . . # # # # # # # # # # . . . . . . . . . . . . . . . . . . . . . . . . . . . . . # # # # # # # # # . . . . . . . . . . . . # # # # # # # # # . . . . . . . . . . . . . # # # # # # # # # # # # # # # # # # # # # # # # # # # # # # # # # # # # # # # # # # # # # # . . . . . . . . . . . . # # # # # # # # # . . . . . . . . . . . . . . . . . . 
 . . . . . . . . . . . . # # # # # # # # # # . . . . . . . . . . . . # # # # # # # # # . . . . . . . . . . . . . . . . . . . . . . . . . . . . # # # # # # # # # . . . . . . . . . . . . # # # # # # # # # # . . . . . . . . . . . . # # # # # # # # # # # # # # # # # # # # # # # # # # # # # # # # # # # # # # # # # # # # # # # . . . . . . . . . . . . # # # # # # # # # # . . . . . . . . . . . . . . . . . 
. . . . . . . . . . . . . # # # # # # # # # . . . . . . . . . . . . # # # # # # # # # # . . . . . . . . . . . . . . . . . . . . . . . . . . # # # # # # # # # # . . . . . . . . . . . . # # # # # # # # # . . . . . . . . . . . . . # # # # # # # # # # # # # # # # # # # # # # # # # # # # # # # # # # # # # # # # # # # # # # # # . . . . . . . . . . . . # # # # # # # # # . . . . . . . . . . . . . . . . . 
 . . . . . . . . . . . . . . # # # # # # # # # . . . . . . . . . . . . # # # # # # # # # . . . . . . . . . . . . . . . . . . . . . . . . . . # # # # # # # # # . . . . . . . . . . . . # # # # # # # # # # . . . . . . . . . . . . # # # # # # # # # # # # # # # # # # # # # # # # # # # # # # # # # # # # # # # # # # # # # # # # # . . . . . . . . . . . . # # # # # # # # # # . . . . . . . . . . . . . . . . 
. . . . . . . . . . . . . . # # # # # # # # # . . . . . . . . . . . . # # # # # # # # # # . . . . . . . . . . . . . . . . . . . . . . . . # # # # # # # # # # . . . . . . . . . . . . # # # # # # # # # . . . . . . . . . . . . # # # # # # # # # # # # # # # # # # # # # # # # # # # # # # # # # # # # # # # # # # # # # # # # # # # . . . . . . . . . . . . # # # # # # # # # . . . . . . . . . . . . . . . . 
 . . . . . . . . . . . . . . . # # # # # # # # # . . . . . . . . . . . . # # # # # # # # # . . . . . . . . . . . . . . . . . . . . . . . . # # # # # # # # # . . . . . . . . . . . . # # # # # # # # # # . . . . . . . . . . . . # # # # # # # # # . . . . . . . . . . . . . . . . . . . . . . . . . . . . . . . . . # # # # # # # # # . . . . . . . . . . . . . # # # # # # # # # . . . . . . . . . . . . . . . 
. . . . . . . . . . . . . . . # # # # # # # # # # . . . . . . . . . . . . # # # # # # # # # # # # # # # # # # # # # # # # # # # # # # # # # # # # # # # # . . . . . . . . . . . . . # # # # # # # # # . . . . . . . . . . . . # # # # # # # # # . . . . . . . . . . . . . . . . . . . . . . . . . . . . . . . . . . . # # # # # # # # # . . . . . . . . . . . . # # # # # # # # # # . . . . . . . . . . . . . . 
 . . . . . . . . . . . . . . . . # # # # # # # # # . . . . . . . . . . . . # # # # # # # # # # # # # # # # # # # # # # # # # # # # # # # # # # # # # # # # . . . . . . . . . . . . # # # # # # # # # . . . . . . . . . . . . # # # # # # # # # # . . . . . . . . . . . . . . . . . . . . . . . . . . . . . . . . . . . # # # # # # # # # # . . . . . . . . . . . . # # # # # # # # # . . . . . . . . . . . . . . 
. . . . . . . . . . . . . . . . # # # # # # # # # # . . . . . . . . . . . . # # # # # # # # # # # # # # # # # # # # # # # # # # # # # # # # # # # # # # . . . . . . . . . . . . # # # # # # # # # # . . . . . . . . . . . . # # # # # # # # # . . . . . . . . . . . . . . . . . . . . . . . . . . . . . . . . . . . . . # # # # # # # # # . . . . . . . . . . . . # # # # # # # # # # . . . . . . . . . . . . . 
 . . . . . . . . . . . . . . . . . # # # # # # # # # . . . . . . . . . . . . # # # # # # # # # # # # # # # # # # # # # # # # # # # # # # # # # # # # # # . . . . . . . . . . . . # # # # # # # # # . . . . . . . . . . . . # # # # # # # # # # . . . . . . . . . . . . . . . . . . . . . . . . . . . . . . . . . . . . . # # # # # # # # # # . . . . . . . . . . . . # # # # # # # # # . . . . . . . . . . . . . 
. . . . . . . . . . . . . . . . . # # # # # # # # # # . . . . . . . . . . . . # # # # # # # # # # # # # # # # # # # # # # # # # # # # # # # # # # # # . . . . . . . . . . . . # # # # # # # # # # . . . . . . . . . . . . # # # # # # # # # . . . . . . . . . . . . . . . . . . . . . . . . . . . . . . . . . . . . . . . # # # # # # # # # . . . . . . . . . . . . # # # # # # # # # # . . . . . . . . . . . . 
 . . . . . . . . . . . . . . . . . . # # # # # # # # # . . . . . . . . . . . . # # # # # # # # # # # # # # # # # # # # # # # # # # # # # # # # # # # # . . . . . . . . . . . . # # # # # # # # # . . . . . . . . . . . . # # # # # # # # # # . . . . . . . . . . . . . . . . . . . . . . . . . . . . . . . . . . . . . . . . # # # # # # # # # . . . . . . . . . . . . # # # # # # # # # . . . . . . . . . . . . 
. . . . . . . . . . . . . . . . . . . # # # # # # # # # . . . . . . . . . . . . # # # # # # # # # # # # # # # # # # # # # # # # # # # # # # # # # # . . . . . . . . . . . . # # # # # # # # # . . . . . . . . . . . . . # # # # # # # # # . . . . . . . . . . . . . . . . . . . . . . . . . . . . . . . . . . . . . . . . . # # # # # # # # # . . . . . . . . . . . . . # # # # # # # # # . . . . . . . . . . . 
 . . . . . . . . . . . . . . . . . . . # # # # # # # # # # . . . . . . . . . . . . # # # # # # # # # # # # # # # # # # # # # # # # # # # # # # # # . . . . . . . . . . . . # # # # # # # # # # . . . . . . . . . . . . # # # # # # # # # . . . . . . . . . . . . . . . . . . . . . . . . . . . . . . . . . . . . . . . . . . . # # # # # # # # # . . . . . . . . . . . . # # # # # # # # # # . . . . . . . . . . 
. . . . . . . . . . . . . . . . . . . . # # # # # # # # # . . . . . . . . . . . . # # . . . . . . . . . . . . . . . . . . . . . . . . . . . . # # . . . . . . . . . . . . # # # # # # # # # . . . . . . . . . . . . # # # # # # # # # # . . . . . . . . . . . . . . . . . . . . . . . . . . . . . . . . . . . . . . . . . . . # # # # # # # # # # . . . . . . . . . . . . # # # # # # # # # . . . . . . . . . . 
 . . . . . . . . . . . . . . . . . . . . # # # # # # # # # # . . . . . . . . . . . . . . . . . . . . . . . . . . . . . . . . . . . . . . . . . . . . . . . . . . . . . . # # # # # # # # # # . . . . . . . . . . . . # # # # # # # # # . . . . . . . . . . . . . . . . . . . . . . . . . . . . . . . . . . . . . . . . . . . . . . # # # # # # # # . . . . . . . . . . . . # # # # # # # # # # . . . . . . . . . 
. . . . . . . . . . . . . . . . . . . . . # # # # # # # # # . . . . . . . . . . . . . . . . . . . . . . . . . . . . . . . . . . . . . . . . . . . . . . . . . . . . . . # # # # # # # # # . . . . . . . . . . . . # # # # # # # # # # . . . . . . . . . . . . # # # # # # # # # # # # # # # # # # # # # . . . . . . . . . . . . # # # # # # # # # # . . . . . . . . . . . . # # # # # # # # # . . . . . . . . . 
 . . . . . . . . . . . . . . . . . . . . . . # # # # # # # # # . . . . . . . . . . . . . . . . . . . . . . . . . . . . . . . . . . . . . . . . . . . . . . . . . . . . # # # # # # # # # # . . . . . . . . . . . . # # # # # # # # # . . . . . . . . . . . . # # # # # # # # # # # # # # # # # # # # # # # . . . . . . . . . . . . # # # # # # # # # . . . . . . . . . . . . # # # # # # # # # # . . . . . . . . 
. . . . . . . . . . . . . . . . . . . . . . # # # # # # # # # # . . . . . . . . . . . . . . . . . . . . . . . . . . . . . . . . . . . . . . . . . . . . . . . . . . . # # # # # # # # # . . . . . . . . . . . . # # # # # # # # # # . . . . . . . . . . . . # # # # # # # # # # # # # # # # # # # # # # # # . . . . . . . . . . . . # # # # # # # # # . . . . . . . . . . . . # # # # # # # # # . . . . . . . . 
 . . . . . . . . . . . . . . . . . . . . . . . # # # # # # # # # . . . . . . . . . . . . . . . . . . . . . . . . . . . . . . . . . . . . . . . . . . . . . . . . . . # # # # # # # # # . . . . . . . . . . . . . # # # # # # # # # . . . . . . . . . . . . # # # # # # # # # # # # # # # # # # # # # # # # # . . . . . . . . . . . . # # # # # # # # # # . . . . . . . . . . . . # # # # # # # # # . . . . . . . 
. . . . . . . . . . . . . . . . . . . . . . . # # # # # # # # # # . . . . . . . . . . . . . . . . . . . . . . . . . . . . . . . . . . . . . . . . . . . . . . . . # # # # # # # # # # . . . . . . . . . . . . # # # # # # # # # . . . . . . . . . . . . # # # # # # # # # # # # # # # # # # # # # # # # # # # . . . . . . . . . . . . # # # # # # # # # . . . . . . . . . . . . # # # # # # # # # # . . . . . . 
 . . . . . . . . . . . . . . . . . . . . . . . . # # # # # # # # # . . . . . . . . . . . . . . . . . . . . . . . . . . . . . . . . . . . . . . . . . . . . . . . . # # # # # # # # # . . . . . . . . . . . . # # # # # # # # # # . . . . . . . . . . . . # # # # # # # # # # # # # # # # # # # # # # # # # # # . . . . . . . . . . . . # # # # # # # # # # . . . . . . . . . . . . # # # # # # # # # . . . . . . 
. . . . . . . . . . . . . . . . . . . . . . . . # # # # # # # # # # . . . . . . . . . . . . . . . . . . . . . . . . . . . . . . . . . . . . . . . . . . . . . . # # # # # # # # # # . . . . . . . . . . . . # # # # # # # # # . . . . . . . . . . . . # # # # # # # # # # # # # # # # # # # # # # # # # # # # # . . . . . . . . . . . . # # # # # # # # # . . . . . . . . . . . . # # # # # # # # # # . . . . . 
 . . . . . . . . . . . . . . . . . . . . . . . . . # # # # # # # # # . . . . . . . . . . . . . . . . . . . . . . . . . . . . . . . . . . . . . . . . . . . . . . # # # # # # # # # . . . . . . . . . . . . # # # # # # # # # # . . . . . . . . . . . . # # # # # # # # # # # # # # # # # # # # # # # # # # # # # . . . . . . . . . . . . . # # # # # # # # # . . . . . . . . . . . . # # # # # # # # # . . . . . 
. . . . . . . . . . . . . . . . . . . . . . . . . # # # # # # # # # # . . . . . . . . . . . . . . . . . . . . . . . . . . . . . . . . . . . . . . . . . . . . # # # # # # # # # # . . . . . . . . . . . . # # # # # # # # # . . . . . . . . . . . . # # # # # # # # # # a # # # # # # # # # # # # # # # # # # # # . . . . . . . . . . . . # # # # # # # # # . . . . . . . . . . . . # # # # # # # # # # . . . . 
 . . . . . . . . . . . . . . . . . . . . . . . . . . # # # # # # # # # # # # # # # # # # # # # # # # # # # # # # # # # # # # # # # # # # # # # # # # # # # # # # # # # # # # # # . . . . . . . . . . . . # # # # # # # # # # . . . . . . . . . . . . # # # # # # # # # a a a # # # # # # # # # # # # # # # # # # . . . . . . . . . . . . . # # # # # # # # # . . . . . . . . . . . . # # # # # # # # # . . . . . 
. . . . . . . . . . . . . . . . . . . . . . . . . . . # # # # # # # # # # # # # # # # # # # # # # # # # # # # # # # # # # # # # # # # # # # # # # # # # # # # # # # # # # # # . . . . . . . . . . . . . # # # # # # # # # . . . . . . . . . . . . # # # # # # # # # a a a a # # # # # # # # # # # # # # # # # # . . . . . . . . . . . . # # # # # # # # # . . . . . . . . . . . . # # # # # # # # # # . . . . . 
 . . . . . . . . . . . . . . . . . . . . . . . . . . . # # # # # # # # # # # # # # # # # # # # # # # # # # # # # # # # # # # # # # # # # # # # # # # # # # # # # # # # # # # # . . . . . . . . . . . . # # # # # # # # # . . . . . . . . . . . . # # # # # # # # # # a a a a # # # # # # # # # # # # # # # # # . . . . . . . . . . . . # # # # # # # # # # . . . . . . . . . . . . # # # # # # # # # . . . . . . 
. . . . . . . . . . . . . . . . . . . . . . . . . . . . # # # # # # # # # # # # # # # # # # # # # # # # # # # # # # # # # # # # # # # # # # # # # # # # # # # # # # # # # # . . . . . . . . . . . . # # # # # # # # # # . . . . . . . . . . . . # # # # # # # # # . . . . . . # # # # # # # # # # # # # # # # . . . . . . . . . . . . # # # # # # # # # . . . . . . . . . . . . # # # # # # # # # . . . . . . . 
 . . . . . . . . . . . . . . . . . . . . . . . . . . . . . # # # # # # # # # # # # # # # # # # # # # # # # # # # # # # # # # # # # # # # # # # # # # # # # # # # # # # # # # . . . . . . . . . . . . # # # # # # # # # . . . . . . . . . . . . # # # # # # # # # # . . . . . . . # # # # # # # # # # # # # # . . . . . . . . . . . . # # # # # # # # # . . . . . . . . . . . . . # # # # # # # # # . . . . . . . 
. . . . . . . . . . . . . . . . . . . . . . . . . . . . . # # # # # # # # # # # # # # # # # # # # # # # # # # # # # # # # # # # # # # # # # # # # # # # # # # # # # # # # . . . . . . . . . . . . # # # # # # # # # . . . . . . . . . . . . . # # # # # # # # # . . . . . . . . . # # # # # # # # # # # # # . . . . . . . . . . . . # # # # # # # # # . . . . . . . . . . . . # # # # # # # # # . . . . . . . . 
 . . . . . . . . . . . . . . . . . . . . . . . . . . . . . . # # # # # # # # # # # # # # # # # # # # # # # # # # # # # # # # # # # # # # # # # # # # # # # # # # # # # # # . . . . . . . . . . . . # # # # # # # # # . . . . . . . . . . . . # # # # # # # # # . . . . . . . . . . . # # # # # # # # # # # . . . . . . . . . . . . # # # # # # # # # . . . . . . . . . . . . # # # # # # # # # # . . . . . . . . 
. . . . . . . . . . . . . . . . . . . . . . . . . . . . . . # # # # # # # # # # # # # # # # # # # # # # # # # # # # # # # # # # # # # # # # # # # # # # # # # # # # # # . . . . . . . . . . . . # # # # # # # # # . . . . . . . . . . . . . # # # # # # # # # . . . . . . . . . . . . # # # # # # # # # . . . . . . . . . . . . # # # # # # # # # # . . . . . . . . . . . . # # # # # # # # # . . . . . . . . . 
 . . . . . . . . . . . . . . . . . . . . . . . . . . . . . . . . . . . . . . . . . . . . . . . . . . . . . . . . . . . . . . . . . . . . . . . . . . . . . . . . . . . . . . . . . . . . . . . # # # # # # # # # # . . . . . . . . . . . . # # # # # # # # # . . . . . . . . . . . . . . . . . . . . . . . . . . . . . . . . . . # # # # # # # # # . . . . . . . . . . . . # # # # # # # # # # . . . . . . . . . 
. . . . . . . . . . . . . . . . . . . . . . . . . . . . . . . . . . . . . . . . . . . . . . . . . . . . . . . . . . . . . . . . . . . . . . . . . . . . . . . . . . . . . . . . . . . . . . . . # # # # # # # # # . . . . . . . . . . . . # # # # # # # # # . . . . . . . . . . . . . . . . . . . . . . . . . . . . . . . . . # # # # # # # # # # . . . . . . . . . . . . # # # # # # # # # . . . . . . . . . . 
 . . . . . . . . . . . . . . . . . . . . . . . . . . . . . . . . . . . . . . . . . . . . . . . . . . . . . . . . . . . . . . . . . . . . . . . . . . . . . . . . . . . . . . . . . . . . . . . . # # # # # # # # # # . . . . . . . . . . . . # # # # # # # # # . . . . . . . . . . . . . . . . . . . . . . . . . . . . . . . . # # # # # # # # # . . . . . . . . . . . . # # # # # # # # # # . . . . . . . . . . 
. . . . . . . . . . . . . . . . . . . . . . . . . . . . . . . . . . . . . . . . . . . . . . . . . . . . . . . . . . . . . . . . . . . . . . . . . . . . . . . . . . . . . . . . . . . . . . . . . # # # # # # # # # . . . . . . . . . . . . # # # # # # # # # # . . . . . . . . . . . . . . . . . . . . . . . . . . . . . . # # # # # # # # # . . . . . . . . . . . . . # # # # # # # # # . . . . . . . . . . . 
 . . . . . . . . . . . . . . . . . . . . . . . . . . . . . . . . . . . . . . . . . . . . . . . . . . . . . . . . . . . . . . . . . . . . . . . . . . . . . . . . . . . . . . . . . . . . . . . . . # # # # # # # # # # . . . . . . . . . . . . # # # # # # # # # . . . . . . . . . . . . . . . . . . . . . . . . . . . . . . # # # # # # # # # . . . . . . . . . . . . # # # # # # # # # . . . . . . . . . . . . 
. . . . . . . . . . . . . . . . . . . . . . . . . . . . . . . . . . . . . . . . . . . . . . . . . . . . . . . . . . . . . . . . . . . . . . . . . . . . # # # # # # # # # # # # # # # # . . . . . . # # # # # # # # # . . . . . . . . . . . . . # # # # # # # # # . . . . . . . . . . . . . . . . . . . . . . . . . . . . # # # # # # # # # . . . . . . . . . . . . # # # # # # # # # # . . . . . . . . . . . . 
 . . . . . . . . . . . . . . . . . . . . . . . . . . . . . . . . . . . . . . . . . . . . . . . . . . . . . . . . . . . . . . . . . . . . . . . . . . . # # # # . # . . . . . . . . . # # . . . . . . . # # # # # # # # # . . . . . . . . . . . . # # # # # # # # # # . . . . . . . . . . . . . . . . . . . . . . . . . . # # # # # # # # # # . . . . . . . . . . . . # # # # # # # # # . . . . . . . . . . . . . 
. . . . . . . . . . . . . . . . . . . . . . . . . . . . . . . . . . . . . . . . . . . . . . . . . . . . . . . . . . . . . . . . . . . . . . . . . . . # . . . . . . . . . . . . . . . # # . . . . . . # # # # # # # # # . . . . . . . . . . . . . # # # # # # # # # . . . . . . . . . . . . . . . . . . . . . . . . . . # # # # # # # # # . . . . . . . . . . . . # # # # # # # # # # . . . . . . . . . . . . . 
 . . . . . . . . . . . . . . . . . . . . . . . . . . . . . . . . . . . . . . . . . . . . . . . . . . . . . . . . . . . . . . . . . . . . . . . . . . # # . . . . . . . . . . . . . . . . # . . . . . . . # # # # # # # # # . . . . . . . . . . . . # # # # # # # # # # . . . . . . . . . . . . . . . . . . . . . . . . # # # # # # # # # # . . . . . . . . . . . . # # # # # # # # # . . . . . . . . . . . . . . 
. . . . . . . . . . . . . . . . . . . . . . . . . . . . . . . . . . . . . . . . . . . . . . . . . . . . . . . . . . . . . . . . . . . . . . . . . . # . . . . . . . . . . . . . . . . . # # . . . . . . # # # # # # # # # # . . . . . . . . . . . . # # # # # # # # # . . . . . . . . . . . . . . . . . . . . . . . . # # # # # # # # # . . . . . . . . . . . . # # # # # # # # # . . . . . . . . . . . . . . . 
 . . . . . . . . . . . . . . . . . . . . . . . . . . . . . . . . . . . . . . . . . . . . . . . . . . . . . . . . . . . . . . . . . . . . . . . . . # # . . . . . . . . . . # # # . . . . . # # . . . . . . # # # # # # # # # . . . . . . . . . . . . # # # # # # # # # # # # . . . . . . . . . . . . . . . . . . . # # # # # # # # # # . . . . . . . . . . . . # # # # # # # # # # . . . . . . . . . . . . . . . 
. . . . . . . . . . . . . . . . . . . . . . . . . . . . . . . . . . . . . . . . . . . . . . . . . . . . . . . . . . . . . . . . . . . . . . . . # # . . . . . # # # # # # # # # # . . . . . # . . . . . . . # # # # # # # # # . . . . . . . . . . . . # # # # # # # # # # # # # # # # # # # # # # # # # # # # # # # # # # # # # # # # . . . . . . . . . . . . # # # # # # # # # . . . . . . . . . . . . . . . . 
 . . . . . . . . . . . . . . . . . . . . . . . . . . . . . . . . . . . . . . . . . . . . . . . . . . . . . . . . . . . . . . . . . . . . . . . . # . . . . . # # . . . . . . . . # # . . . . # # . . . . . . # # # # # # # # # . . . . . . . . . . . . . . # # # # # # # # # # # # # # # # # # # # # # # # # # # # # # # # # # # # # . . . . . . . . . . . . # # # # # # # # # # . . . . . . . . . . . . . . . . 
. . . . . . . . . . . . . . . . . . . . . . . . . . . . . . . . . . . . . . . . . . . . . . . . . . . . . . . . . . . . . . . . . . . . . . . # # . . . . . # . . . . . . . . . # # . . . . . # # . . . . . . # # # # # # # # # . . . . . . . . . . . . # # # # # # # # # # # # # # # # # # # # # # # # # # # # # # # # # # # # # # . . . . . . . . . . . . # # # # # # # # # . . . . . . . . . . . . . . . . . 
 . . . . . . . . . . . . . . . . . . . . . . . . . . . . . . . . . . . . . . . . . . . . . . . . . . . . . . . . . . . . . . . . . . . . . . . # # . . . . # # . . . . . . . . . . # # . . . . # # . . . . . . # # # # # # # # # # . . . . . . . . . . . . # # # # # # # # # # # # # # # # # # # # # # # # # # # # # # # # # # # # . . . . . . . . . . . . # # # # # # # # # # . . . . . . . . . . . . . . . . . 
. . . . . . . . . . . . . . . . . . . . . . . . . . . . . . . . . . . . . . . . . . . . . . . . . . . . . . . . . . . . . . . . . . . . . . # # . . . . . # . . . . . . . . . . . # # . . . . . # # . . . . . . # # # # # # # # # . . . . . . . . . . . . # # # # # # # # # # # # # # # # # # # # # # # # # # # # # # # # # # # . . . . . . . . . . . . . # # # # # # # # # . . . . . . . . . . . . . . . . . . 
 . . . . . . . . . . . . . . . . . . . . . . . . . . . . . . . . . . . . . . . . . . . . . . . . . . . . . . . . . . . . . . . . . . . . . . # . . . . . # # . . . . # # # . . . . . # # . . . . . # . . . . . . # # # # # # # # # # . . . . . . . . . . . . # # # # # # # # # # # # # # # # # # # # # # # # # # # # # # # # # # . . . . . . . . . . . . # # # # # # # # # . . . . . . . . . . . . . . . . . . . 
. . . . . . . . . . . . . . . . . . . . . . . . . . . . . . . . . . . . . . . . . . . . . . . . . . . . . . . . . . . . . . . . . . . . . # # . . . . . # . . . . . # 9 9 # . . . . . # # . . . . # # . . . . . . # # # # # # # # # . . . . . . . . . . . . . # # # # # # # # # # # # # # # # # # # # # # # # # # # # # # # # . . . . . . . . . . . . # # # # # # # # # # . . . . . . . . . . . . . . . . . . . 
 . . . . . . . . . . . . . . . . . . . . . . . . . . . . . . . . . . . . . . . . . . . . . . . . . . . . . . . . . . . . . . . . . . . . . # . . . . . # # . . . . # 9 . . . . . . . . # # . . . . # # . . . . . . . # # # # # # # # # . . . . . . . . . . . . # # # # # # # # # # # # # # # # # # # # # # # # # # # # # # # # . . . . . . . . . . . . # # # # # # # # # . . . . . . . . . . . . . . . . . . . . 
. . . . . . . . . . . . . . . . . . . . . . . . . . . . . . . . . . . . . . . . . . . . . . . . . . . . . . . . . . . . . . . . . . . . . # . . . . . . # . . . . . # 9 . . . . . . # # . . . . . # . . . . . . . . # # # # # # # # # . . . . . . . . . . . . . . . . . . . . . . . . . . . . . . . . . . . . . . . . . . . . . . . . . . . . . . . # # # # # # # # # # . . . . . . . . . . . . . . . . . . . . 
 . . . . . . . . . . . . . . . . . . . . . . . . . . . . . . . . . . . . . . . . . . . . . . . . . . . . . . . . . . . . . . . . . . . . . . # . . . . . # # . . . . # # 9 . . . . . # # . . . . . # . . . . . . . . . # # # # # # # # # . . . . . . . . . . . . . . . . . . . . . . . . . . . . . . . . . . . . . . . . . . . . . . . . . . . . . . # # # # # # # # # . . . . . . . . . . . . . . . . . . . . . 
. . . . . . . . . . . . . . . . . . . . . . . . . . . . . . . . . . . . . . . . . . . . . . . . . . . . . . . . . . . . . . . . . . . . . . # # . . . . . # # . . . . # # . . . . # # . . . . . # . . . . . . . . . . # # # # # # # # # # . . . . . . . . . . . . . . . . . . . . . . . . . . . . . . . . . . . . . . . . . . . . . . . . . . . . # # # # # # # # # # . . . . . . . . . . . . . . . . . . . . . 
 . . . . . . . . . . . . . . . . . . . . . . . . . . . . . . . . . . . . . . . . . . . . . . . . . . . . . . . . . . . . . . . . . . . . . . . # # . . . . # # . . . . . # # # # # . . . . . . # # . . . . . . . . . . . # # # # # # # # # . . . . . . . . . . . . . . . . . . . . . . . . . . . . . . . . . . . . . . . . . . . . . . . . . . . . # # # # # # # # # . . . . . . . . . . . . . . . . . . . . . . 
. . . . . . . . . . . . . . . . . . . . . . . . . . . . . . . . . . . . . . . . . . . . . . . . . . . . . . . . . . . . . . . . . . . . . . . . # . . . . . # # . . . . . . . . . . . . . . . # . . . . . . . . . . . . # # # # # # # # # # . . . . . . . . . . . . . . . . . . . . . . . . . . . . . . . . . . . . . . . . . . . . . . . . . . # # # # # # # # # # . . . . . . . . . . . . . . . . . . . . . . 
 . . . . . . . . . . . . . . . . . . . . . . . . . . . . . . . . . . . . . . . . . . . . . . . . . . . . . . . . . . . . . . . . . . . . . . . . # # . . . . . # . . . . . . . . . . . . . . # # . . . . . . . . . . . . . # # # # # # # # # . . . . . . . . . . . . . . . . . . . . . . . . . . . . . . . . . . . . . . . . . . . . . . . . . . # # # # # # # # # . . . . . . . . . . . . . . . . . . . . . . . 
. . . . . . . . . . . . . . . . . . . . . . . . . . . . . . . . . . . . . . . . . . . . . . . . . . . . . . . . . . . . . . . . . . . . . . . . . # . . . . . # # . . . . . . . . . . . . # # . . . . . . . . . . . . . . . # # # # # # # # # . . . . . . . . . . . . . . . . . . . . . . . . . . . . . . . . . . . . . . . . . . . . . . . . # # # # # # # # # . . . . . . . . . . . . . . . . . . . . . . . . 
 . . . . . . . . . . . . . . . . . . . . . . . . . . . . . . . . . . . . . . . . . . . . . . . . . . . . . . . . . . . . . . . . . . . . . . . . . # # . . . . . # # . . . . . . . . . . . # # . . . . . . . . . . . . . . . # # # # # # # # # # . . . . . . . . . . . . . . . . . . . . . . . . . . . . . . . . . . . . . . . . . . . . . . # # # # # # # # # # . . . . . . . . . . . . . . . . . . . . . . . . 
. . . . . . . . . . . . . . . . . . . . . . . . . . . . . . . . . . . . . . . . . . . . . . . . . . . . . . . . . . . . . . . . . . . . . . . . . . # # . . . . . # # # # # # # # # # # # # . . . . . . . . . . . . . . . . . # # # # # # # # . . . . . . . . . . . . . . . . . . . . . . . . . . . . . . . . . . . . . . . . . . . . . . . # # # # # # # # # . . . . . . . . . . . . . . . . . . . . . . . . . 
 . . . . . . . . . . . . . . . . . . . . . . . . . . . . . . . . . . . . . . . . . . . . . . . . . . . . . . . . . . . . . . . . . . . . . . . . . . . # . . . . . # # # # # # # . . . . . . . . . . . . . . . . . . . . . . . . # # # # # # # # # . . . . . . . . . . . . . . . . . . . . . . . . . . . . . . . . . . . . . . . . . . . . # # # # # # # # # # . . . . . . . . . . . . . . . . . . . . . . . . . 
. . . . . . . . . . . . . . . . . . . . . . . . . . . . . . . . . . . . . . . . . . . . . . . . . . . . . . . . . . . . . . . . . . . . . . . . . . . # # . . . . . . . . . . . . . . . . . . . . . . . . . . . . . . . . . . . # # # # # # # # # # # # # # # # # # # # # # # # # # # # # # # # # # # # # # # # # # # # # # # # # # # # # # # # # # # # # # . . . . . . . . . . . . . . . . . . . . . . . . . . 
 . . . . . . . . . . . . . . . . . . . . . . . . . . . . . . . . . . . . . . . . . . . . . . . . . . . . . . . . . . . . . . . . . . . . . . . . . . . . # # . . . . . . . . . . . . . . . . . . . . . . . . . . . . . . . . . . . # # # # # # # # # # # # # # # # # # # # # # # # # # # # # # # # # # # # # # # # # # # # # # # # # # # # # # # # # # # # . . . . . . . . . . . . . . . . . . . . . . . . . . . 
. . . . . . . . . . . . . . . . . . . . . . . . . . . . . . . . . . . . . . . . . . . . . . . . . . . . . . . . . . . . . . . . . . . . . . . . . . . . # # . . . . . . . . . . . . . . . . . . . . . . . . . . . . . . . . . . . # # # # # # # # # # # # # # # # # # # # # # # # # # # # # # # # # # # # # # # # # # # # # # # # # # # # # # # # # # # # . . . . . . . . . . . . . . . . . . . . . . . . . . . 
 . . . . . . . . . . . . . . . . . . . . . . . . . . . . . . . . . . . . . . . . . . . . . . . . . . . . . . . . . . . . . . . . . . . . . . . . . . . . . . . . . . . . . . . . . . . . . . . . . . . . . . . . . . . . . . . . . . # # # # # # # # # # # # # # # # # # # # # # # # # # # # # # # # # # # # # # # # # # # # # # # # # # # # # # # # # # . . . . . . . . . . . . . . . . . . . . . . . . . . . . 
. . . . . . . . . . . . . . . . . . . . . . . . . . . . . . . . . . . . . . . . . . . . . . . . . . . . . . . . . . . . . . . . . . . . . . . . . . . . . . . . . . . . . . . . . . . . . . . . . . . . . . . . . . . . . . . . . . # # # # # # # # # # # # # # # # # # # # # # # # # # # # # # # # # # # # # # # # # # # # # # # # # # # # # # # # # # . . . . . . . . . . . . . . . . . . . . . . . . . . . . 
 . . . . . . . . . . . . . . . . . . . . . . . . . . . . . . . . . . . . . . . . . . . . . . . . . . . . . . . . . . . . . . . . . . . . . . . . . . . . . . . . . . . . . . . . . . . . . . . . . . . . . . . . . . . . . . . . . . . # # # # # # # # # # # # # # # # # # # # # # # # # # # # # # # # # # # # # # # # # # # # # # # # # # # # # # # # . . . . . . . . . . . . . . . . . . . . . . . . . . . . . 
. . . . . . . . . . . . . . . . . . . . . . . . . . . . . . . . . . . . . . . . . . . . . . . . . . . . . . . . . . . . . . . . . . . . . . . . . . . . . . . . . . . . . . . . . . . . . . . . . . . . . . . . . . . . . . . . . . . # # # # # # # # # # # # # # # # # # # # # # # # # # # # # # # # # # # # # # # # # # # # # # # # # # # # # # # # . . . . . . . . . . . . . . . . . . . . . . . . . . . . . 
 . . . . . . . . . . . . . . . . . . . . . . . . . . . . . . . . . . . . . . . . . . . . . . . . . . . . . . . . . . . . . . . . . . . . . . . . . . . . . . . . . . . . . . . . . . . . . . . . . . . . . . . . . . . . . . . . . . . . # # # # # # # # # # # # # # # # # # # # # # # # # # # # # # # # # # # # # # # # # # # # # # # # # # # # # # . . . . . . . . . . . . . . . . . . . . . . . . . . . . . . 
. . . . . . . . . . . . . . . . . . . . . . . . . . . . . . . . . . . . . . . . . . . . . . . . . . . . . . . . . . . . . . . . . . . . . . . . . . . . . . . . . . . . . . . . . . . . . . . . . . . . . . . . . . . . . . . . . . . . . . . . . . . . . . . . . . . . . . . . . . . . . . . . . . . . . . . . . . . . . . . . . . . . . . . . . . . . . . . . . . . . . . . . . . . . . . . . . . . . . . . . 
 . . . . . . . . . . . . . . . . . . . . . . . . . . . . . . . . . . . . . . . . . . . . . . . . . . . . . . . . . . . . . . . . . . . . . . . . . . . . . . . . . . . . . . . . . . . . . . . . . . . . . . . . . . . . . . . . . . . . . . . . . . . . . . . . . . . . . . . . . . . . . . . . . . . . . . . . . . . . . . . . . . . . . . . . . . . . . . . . . . . . . . . . . . . . . . . . . . . . . . . . 
. . . . . . . . . . . . . . . . . . . . . . . . . . . . . . . . . . . . . . . . . . . . . . . . . . . . . . . . . . . . . . . . . . . . . . . . . . . . . . . . . . . . . . . . . . . . . . . . . . . . . . . . . . . . . . . . . . . . . . . . . . . . . . . . . . . . . . . . . . . . . . . . . . . . . . . . . . . . . . . . . . . . . . . . . . . . . . . . . . . . . . . . . . . . . . . . . . . . . . . . 
 . . . . . . . . . . . . . . . . . . . . . . . . . . . . . . . . . . . . . . . . . . . . . . . . . . . . . . . . . . . . . . . . . . . . . . . . . . . . . . . . . . . . . . . . . . . . . . . . . . . . . . . . . . . . . . . . . . . . . . . . . . . . . . . . . . . . . . . . . . . . . . . . . . . . . . . . . . . . . . . . . . . . . . . . . . . . . . . . . . . . . . . . . . . . . . . . . . . . . . . . 
. . . . . . . . . . . . . . . . . . . . . . . . . . . . . . . . . . . . . . . . . . . . . . . . . . . . . . . . . . . . . . . . . . . . . . . . . . . . . . . . . . . . . . . . . . . . . . . . . . . . . . . . . . . . . . . . . . . . . . . . . . . . . . . . . . . . . . . . . . . . . . . . . . . . . . . . . . . . . . . . . . . . . . . . . . . . . . . . . . . . . . . . . . . . . . . . . . . . . . . . 
 . . . . . . . . . . . . . . . . . . . . . . . . . . . . . . . . . . . . . . . . . . . . . . . . . . . . . . . . . . . . . . . . . . . . . . . . . . . . . . . . . . . . . . . . . . . . . . . . . . . . . . . . . . . . . . . . . . . . . . . . . . . . . . . . . . . . . . . . . . . . . . . . . . . . . . . . . . . . . . . . . . . . . . . . . . . . . . . . . . . . . . . . . . . . . . . . . . . . . . . . 
. . . . . . . . . . . . . . . . . . . . . . . . . . . . . . . . . . . . . . . . . . . . . . . . . . . . . . . . . . . . . . . . . . . . . . . . . . . . . . . . . . . . . . . . . . . . . . . . . . . . . . . . . . . . . . . . . . . . . . . . . . . . . . . . . . . . . . . . . . . . . . . . . . . . . . . . . . . . . . . . . . . . . . . . . . . . . . . . . . . . . . . . . . . . . . . . . . . . . . . . 
 . . . . . . . . . . . . . . . . . . . . . . . . . . . . . . . . . . . . . . . . . . . . . . . . . . . . . . . . . . . . . . . . . . . . . . . . . . . . . . . . . . . . . . . . . . . . . . . . . . . . . . . . . . . . . . . . . . . . . . . . . . . . . . . . . . . . . . . . . . . . . . . . . . . . . . . . . . . . . . . . . . . . . . . . . . . . . . . . . . . . . . . . . . . . . . . . . . . . . . . . 
