70
70
.....................................................................$
......................................................................
.....................................................................$
......................................................................
.....................................................................$
......................................................................
.....................................................................$
..................aaaaaaaaaa..........................................
.....................................................................$
......................................................................
.....................................................................$
......................................................................
.....................................................................$
......................................................................
.....................................................................$
......................................................................
.....................................................................$
......................................................................
.....................................................................$
......................................................................
.....................................................................$
......................................................................
.....................................................................$
......................................................................
.....................................................................$
......................................................................
.....................................................................$
......................................................................
.....................................................................$
......................................................................
.....................................................................$
......................................................................
.................................4...................................$
......................................................................
.....................................................................$
......................................................................
.....................................................................$
......................................................................
.....................................................................$
......................................................................
.....................................................................$
......................................................................
.....................................................................$
......................................................................
.....................................................................$
......................................................................
.....................................................................$
......................................................................
.....................................................................$
......................................................................
.....................................................................$
......................................................................
.....................................................................$
......................................................................
.....................................................................$
......................................................................
.....................................................................$
..................bbbbbbbbbb..........................................
.....................................................................$
......................................................................
.....................................................................$
......................................................................
.....................................................................$
......................................................................
.....................................................................$
......................................................................
.....................................................................$
......................................................................
.....................................................................$
......................................................................