44
44
a a . . # . . . . 2 2 . . . . . . . . . . . a . . . 4 . . . 2 2 2 2 . . . . 3 3 . . . . 
 . . . . 4 . . . . 2 2 . . . . 3 3 3 3 . . . . . . . . . . . . . . . . . . . 3 3 . . . . 
. . . . . . . . . . . . . . . . . . . . . . . . . . . 8 8 . . . . . . . . 4 4 . . . . . 
 . . . . . 2 2 . . . . . . . . 4 4 . . . . . . . & . . . . . . . . . 7 . . . . . . . . . 
. . . . . . . . . . . . . . . . . . 1 1 . . . . . 8 . . . . . . . . . . . . . 1 1 1 1 . 
 . . 8 # 8 . . . b b . . . . . . . . 1 1 . . . . . 8 . . . . b . . . . . . . . . . . . . 
. . . . . . . . . . . . . . . . . . . . . . . . . . . 4 4 . . . . . . . . . . . . . . . 
 . . . . 4 4 4 4 . . . . . . 4 4 . . . . . . . . . . . 4 4 . . . . . . 4 4 4 4 . . . . . 
. . . . . . . . . . . . . . 4 4 . . . . . . . . . . . . . . . . . . . . . . . . . . . . 
 . . . 3 . . . . . . . . . . . . # # . . . . . . 3 3 3 . . . . . . . . . . # # # # . . . 
. . . 3 . . . . . . . . . . . . # # . . . . . . . . . . . . . . . . . . . . . . . . . . 
 a a . . # . . . . 2 2 . . . . . . . . . . . a . . . 4 . . . 2 2 2 2 . . . . 3 3 . . . . 
. . . . 4 . . . . 2 2 . . . . 3 3 3 3 . . . . . . . . . . . . . . . . . . . 3 3 . . . . 
 . . . . . . . . . . . . . . . . . . . . . . . . . . . 8 8 . . . . . . . . 4 4 . . . . . 
. . . . . 2 2 . . . . . . . . 4 4 . . . . . . . & . . . . . . . . . 7 . . . . . . . . . 
 . . . . . . . . . . . . . . . . . . 1 1 . . . . . 8 . . . . . . . . . . . . . 1 1 1 1 . 
. . 8 # 8 . . . b b . . . . . . . . 1 1 . . . . . 8 . . . . b . . . . . . . . . . . . . 
 . . . . . . . . . . . . . . . . . . . . . . . . . . . 4 4 . . . . . . . . . . . . . . . 
. . . . 4 4 4 4 . . . . . . 4 4 . . . . . . . . . . . 4 4 . . . . . . 4 4 4 4 . . . . . 
 . . . . . . . . . . . . . . 4 4 . . . . . . . . . . . . . . . . . . . . . . . . . . . . 
. . . 3 . . . . . . . . . . . . # # . . . . . . 3 3 3 . . . . . . . . . . # # # # . . . 
 . . . 3 . . . . . . . . . . . . # # . . . . . . . . . . . . . . . . . . . . . . . . . . 
a a . . # . . . . 2 2 . . . . . . . . . . . a . . . 4 . . . 2 2 2 2 . . . . 3 3 . . . . 
 . . . . 4 . . . . 2 2 . . . . 3 3 3 3 . . . . . . . . . . . . . . . . . . . 3 3 . . . . 
. . . . . . . . . . . . . . . . . . . . . . . . . . . 8 8 . . . . . . . . 4 4 . . . . . 
 . . . . . 2 2 . . . . . . . . 4 4 . . . . . . . & . . . . . . . . . 7 . . . . . . . . . 
. . . . . . . . . . . . . . . . . . 1 1 . . . . . 8 . . . . . . . . . . . . . 1 1 1 1 . 
 . . 8 # 8 . . . b b . . . . . . . . 1 1 . . . . . 8 . . . . b . . . . . . . . . . . . . 
. . . . . . . . . . . . . . . . . . . . . . . . . . . 4 4 . . . . . . . . . . . . . . . 
 . . . . 4 4 4 4 . . . . . . 4 4 . . . . . . . . . . . 4 4 . . . . . . 4 4 4 4 . . . . . 
. . . . . . . . . . . . . . 4 4 . . . . . . . . . . . . . . . . . . . . . . . . . . . . 
 . . . 3 . . . . . . . . . . . . # # . . . . . . 3 3 3 . . . . . . . . . . # # # # . . . 
. . . 3 . . . . . . . . . . . . # # . . . . . . . . . . . . . . . . . . . . . . . . . . 
 a a . . # . . . . 2 2 . . . . . . . . . . . a . . . 4 . . . 2 2 2 2 . . . . 3 3 . . . . 
. . . . 4 . . . . 2 2 . . . . 3 3 3 3 . . . . . . . . . . . . . . . . . . . 3 3 . . . . 
 . . . . . . . . . . . . . . . . . . . . . . . . . . . 8 8 . . . . . . . . 4 4 . . . . . 
. . . . . 2 2 . . . . . . . . 4 4 . . . . . . . & . . . . . . . . . 7 . . . . . . . . . 
 . . . . . . . . . . . . . . . . . . 1 1 . . . . . 8 . . . . . . . . . . . . . 1 1 1 1 . 
. . 8 # 8 . . . b b . . . . . . . . 1 1 . . . . . 8 . . . . b . . . . . . . . . . . . . 
 . . . . . . . . . . . . . . . . . . . . . . . . . . . 4 4 . . . . . . . . . . . . . . . 
. . . . 4 4 4 4 . . . . . . 4 4 . . . . . . . . . . . 4 4 . . . . . . 4 4 4 4 . . . . . 
 . . . . . . . . . . . . . . 4 4 . . . . . . . . . . . . . . . . . . . . . . . . . . . . 
. . . 3 . . . . . . . . . . . . # # . . . . . . 3 3 3 . . . . . . . . . . # # # # . . . 
 . . . 3 . . . . . . . . . . . . # # . . . . . . . . . . . . . . . . . . . . . . . . . . 
