126
126
. . . . . . . . . . . . . . . . . . . . . . . . . . . . . . . . . . . . . . . . . . . . . . . . . . . . . . . . . . . . . . . . . . . . . . . $ # # . . . . . . . . . . . . . # # # # # # # # # # . . . . . . . . . . . . . . . . . . . . # # # # # $ # # . 
 . . . . . . . . . . . . . . . . . . . . . . . . . . . . . . . . . . . . . . . . . . . . . . . . . . . . . . . . . . . . . . . . . . . . . . # # # . . . . . . . . . . . . . # # # # # # # # # # # . . . . . . . . . . . . . . . . . . . # # # # # # # # # . 
. . . . . . . . . . . . . . . . . . . . . . . . . . . . . . . . . . . . . . . . . . . . . . . . . . . . . . . . . . . . . . . . . . . . . . # # # . . . . . . . . . . . . # # # # # # # # # . . # . . . . . . . . . . . . . . . . . . # # # # # # # # # # . 
 . . . . . . . . . . . . . . . . . . . . . . . . . . . . . . . . . . . . . . . . . . . . . . . . . . . . . . . . . . . . . . . . . . . . . # # # . . . . . . . . . . . . . # # # # # # # # . . . # . . . . . . . . . . . . . . . # $ # # # # # # # # # # . . 
. . . . . . . . . . . . . . . . . . . . . . . . . . . . . . . . . . . . . . . . . . . . . . . . . . . . . . . . . . . . . . . . . . . # $ # # # . . . . . . . . . . . . . # # # # # # # # # . . # # . . . . . . . . . . . # # # # # # # # # # # # # # # # . 
 . . . . . . . . . . . . . . . . . . . . . . . . . . . . . . . . . . . . . . . . . . . . . . . . . . . . . . . . . . . . . . . . . . $ # # . . . . . . . . . . . . . . # # # # # # # # # # $ # # # # . . . . . . # $ # # # # # # # # $ # . . . # # # # # # . 
. . . . . . . . . . . . . . . . . . . . . . . . . . . . . . . . . . . . . . . . . . . . . . . . . . . . . . . . . . . . . . . # # # # # # . . . . . . . . . . . . . . . # # # # # # # # # # # # # # . . . . . . # # # # # $ # # # # . . . . . . . # # # # . 
 . . . . . . . . . . . . . . . . . . . . . . . . . . . . . . . . . . . . . . . . . . . . . . . . . . . . . . . . . . . . . . # # # # # # # . . . . . . . . . . . . . . . # $ # # # # # # # # # # # . . . . . . # . . $ $ . . . . # . . . . . . . . # # # . . 
. . . . . . . . . . . . . . . . . . . . . . . . . . . . . . . . . . . . . . . . # . . . . . . . . . . . . . . . . . . . . . . # # # # # # . . . . . . . . . . . . . . . # . . # $ # $ # # # # # $ . . . . . . . . . . . . . . . . . . . . . . . . # # # . . 
 . . . . . . . . . . . . . . . . . . . . . . . . . . . . . . . . . . . . . . . . # # . . . . . . . . . . . . . . . . . . . . . # # # # # . . . . . . . . . . . . . . . . . . . # . . # # # # # # # . . . . . . . . . . . . . . . . . . . . . . . . . # # . . 
. . . . . . . . . . . . . . . . . . . . . . . . . . . . . . . . . . . . . . . . . # . . . . . . . . . . . . . . . . . . . . . # # # # # . . . . . . . . . . . . . . . . . . . # . . . $ # # # # # # . . . . . . . . . . . . . . . . . . . . . . . . . # # . 
 . . . . . . . . . . . . . . . . . . . . . . . . . . . . . # # . . . . . . . . . # . . . . . . . . . . . . . . . . . . . . . # # # # $ . . . . . . . . . . . . . . . . . . . # $ . . . $ # # # # # # . . . . . . . . . . . . . . . . . . . . . . . . . # # . 
. . . . . . . . . . . . . . . . . . . . . . . . . . . . . # # # . . . . . . . . # . . . . . . . . . . . . # $ . . . . . . . . . # # # # . . . . . . . . . . . . . . . . . # # # # . . # # # # # # # $ . . . . . . . . . . . . . . . . . . . . . . . . . # # 
 . . . . . . . . . . . . . . . . . . . . . . . . . . . . . # # # . . . . . . . . # . . . . . . . . . . . . # # . . . . . . . . . # # # # . . . . . . . . . . . . . . . . . # # # # # # # # # # # # # # . . . . . . . . . . . . . . . . . . . . . . . . # $ # 
. . . . . . . . . . . . . . . . . . . . . . . . . . . . . . # # # . . . . . . . . # . . . . . . . . . . . . # # # . . . . . . . . # # # # . . . . . . . . . . . . . . . . $ # # # # # # # # # # # # . . . . . . . . . . . . . . . . . . . . . . . . . . # . 
 . . . . . . . . . . . . . . . . . . . . . . . . . . . . . . # # # . . . . . . . . # . . . . . . . . . . . . # # . . . # # . . . . # # # $ . . . . . . . . . . . . . . . . # # # # # # # # # # # # . . . . . . . . . . . . . . . . . . . . . . . . . . . . . 
. . . . . . . . . . . . . . . . . . . . . . . . . . . . . . . # # # . . # # . . . $ # # . . . . . . . . . . # # . . . . # # . . . . # # # . . . . . . . . . . . . . . . . # # # # # # # # # # # # . . . . . . . . . . . . . . . . . . . . . . . . . . . . . 
 . . . . . . . . . . . . . . . . . . . . . . . . . . . . . . . # # # # # # $ # # # # # # . . . . . . . . # # # $ . . . # # # . . . # # # . . . . . . . . . . . . . . . . # # # # # # # # # # # # . . . . . . . . . . . . . . . . . . . . . . . . . . . . . . 
. . . . . . . . . . . . . . . . . . . . . . . . . . . . . . . # # # # # # # # # # # # # . . . . . . . . . # # # # # $ # # # # # # # # # # . . . . . . . . . . . . . # # # # # # # # # # # # # # # . . . . . . . . . . . . . . . . . . . . . . . . . . . . . 
 . . . . . . . . . . . . . . . . . . . . . . . . . . . . . . # # # # # # # # . . . . . . . . . . . . . . # # # # # # # # # # # # # # # # . . . . . . . . . . . . . # # # # # # # # # # # # # # # . . . . . . . . . . . . . . . . . . . . . . . . . . . . . . 
. . . . . . . . . . . . . . . . . . . . . . . . . . . . . . . . # # . . . # . . . . . . . . . . . . . . . # # # # # # # # # # # # # . . . . . . . . . . . . . . . . # # # # # # # # # # # # # # # . . . . . . . . . . . . . . . . . . . . . . . . . . . . . 
 . . . . . . . . . . . . . . . . . . . . . . . . . . . . . . . . # . . . . . . . . . . . . . . . . . . . . . . # # # # # # # # # $ . . . . . . . . . . . . . . . . . $ # # # # # # $ $ # # # # # # . . . . . . . . . . . . . . . . . . . . . . . . . . . . . 
. . . . . . . . . . . . . . . . . . . . . . . . . . . . . . . . . . . . . . . . . . . # # # # # # # . . . . . . # # # . . # # . . # . . . . . . . . . . # # . . . . # # # $ # . . # . . # # # # # . . . . . . . . . . . . . . . . . . . . . . . . . . . . . 
 . . . . . . . . . . . . . . . . . . . . . . . . . . . . . . . . . . . . . . . . . . # # # . . . # $ . . . . . . # # . . . . . . . # . . . . . . . . . # # # # $ # # # # # . . . . . . . $ # # # . . . . . . . . . . . . . . . . . . . . . . . . . . . . . . 
. . . . . . . . . . . . . . . . . . . . . . . . . . . . . . . . . . . . . . . . . . . # # . . . . # . . . . . . . . . . # # . . . # . . . . . . . . . # # # # # # # # # . . . . . . . . . # # # . . . . . . . . . . . . . . . . . . . . . . . . . . . . . . 
 . . . . . . . . . . . . . . . . . . . . . . . . . . . . . . . . . . . . . . . . . . . . . . . . # $ . . . . . . . . . # # # . . # $ . . . . . . . . # # # # # # # # # . . . . . . . . . . . # # . . . . . . . . . . . . . . . . . . . . . . . . . . . . . . 
. . . . . . . . . . . . . . . . . . . . . . . . . . . . . . . . . . . . . . . . . . . . . . . . . # # . . . . . . . # # # . . . # # $ . . . . . . . . . # # # # # # . . . . . . . . . . . . . # # . . . . . . . . . . . . . . . . . . . . . . . . . . . . . 
 . . . . . . . . . . . . . . . . . . . . . . . . . . . . . . . . . . . . . . . . . . . . . . . . # # $ # . . . . . . # $ . . . . $ $ . . . . . . . . . . . # . . # . . . . . . . . . . . . . . # . . . . . . . . . . . . . . . . . . . . . . . . . . . . . . 
. . . . . . . . . . . . . . . . . . . . . . . . . . . . . . . . . . . . . . . . . . . . . . . . # # # # $ . . . . . # # # . . . . . . . . . . . . . . . . . . . . . . . . . . . . . . . . . . . . . . . . . . . . . . . . . . . . . . . . . . . . . . . . . 
 . . . . . . . . . . . . . . . . . . . . . . . . . . . . . . . . . . . . . . . . . . . . . . . # # # # # # $ . . . # # # # # . . . . . . . . . . . . . . . . . . . . . . . . . . . . . . . . . . . . . . . . . . . . . . . . . . . . . . . . . . . . . . . . 
. . . . . . . . . . . . . . . . . . . . . . . . . . . . . . . . . . . . . . . . . . . . . . . # # # # # # # # # # # # # # # . . . . . . . . . . . . . . . . . . . . . . . . . . . . . . . . . . . . . . . . . . . . . . . . . . . . . . . . . . . . . . . . 
 . . . . . . . . . . . . . . . . . . . . . . . . . . . . . . . . . . . . . . . . . . . . . . . # # # # # # # # # # # # # # # . . . . . . . . . . . . . . . . . . . . . . . . . . . . . . . . . . . . . . . . . . . . . . . . . . . . . . . . . . . . . . . . 
. . . . . . . . . . . . . . . . . . . . . . . . . . . . . . . . . . . . . . . . . . . . . . . . # # $ # # # # # # # # # # # . . . . . . . . . . . . . . . . . . . . . . . . . . . . . . . . . . . . . . . . . . . . . . . . . . . . . . . . . . . . . . . . 
 . . . . . . . . . . . . . . . . . . . . . . . . . . . . . . . . . . . . . . . . . . . . . . . # # . . . # # # # # # # . . . . . . . . . . . . . . . . . . . . . . . . . . . . . . . . . . . . . . . . . . . . . . . . # # # # # $ # . . . . . . . . . . . . 
. . . . . . . . . . . . . . . . . . . . . . . . . . . . . . . . . . . . . . . . . . . . . . . $ # . . . . # # # # # # . . . . . . . . . . . . . . . . . . . . . . . . . . . . . . . . . . . . . . . . . . . . . # # # # # # # # # # # . . . . . . . . . . . 
 . . . . . . . . . . . . . . . . . . . . . . . . . . . . . . . . . . . . . . . . . . . . . . # # . . . . . . # # # # # . . . . . . . . . . . . . . . . . . . . . . . . . . . . . . . . . . . . . . . . . . . # # # # # # # # # # # # # # . . . . . . . . . . 
. . . . . . . . . . . . . . . . . . . . . . . . . . . . . . . . . . . . . . . . . . . . . . . $ # . . . . . . # # # # . . . . . . . . . . . . . . . . . . . . . . . . . . . . . . . . . . . . . . . . . . . . # # # # # # # # # # # # # # # # . . . . . . . 
 . . . . . . . . . . . . . . . . . . . . . . . . . . . . . . . . . . . . . . . . . . . . . . . . . . . . . . . # # # . . . . . . . . . . . . . . . . . . . . . . . . . . . . . . . . . . . . . . . . . . . . # # # # # # # # # # # # # # # # # . . . . . . . 
. . . . . . . . . . . . . . . . . . . . . # # . . . . . . . . . . . . . . . . . . . . . . . . . . . . . . . . # # # . . . . . . . . . . . . . . . . . . . . . . . . . . . . . . . . . . . . . . . . . . . # # # # # # # # # # # . . . # # # # . . . . . . . 
 . . . . . . . . . . . . . . . . . . . # # # # . . . . . . . . . . . . . . . . . . . . . . . . . . . . . . . . . # # . . . . . . . . . . . . . . . . . . . . . . . . . . . . . . . . . . . . . . . . . . # # # # # # # # # # . . . . . # # # # . . . . . . . 
. . . . . . . . . . . . . . . . . . . # # # # $ # . . . . . . . . . . . . . . . . . . . . . . . . . . . . . . . . . . . . . . . . . . . . . . . . . . . . . . . . . . . . . . . . . . . . . . . . . . . # # # # # . . . . . . . . . . . # $ $ . . . . . . . 
 . . . . . . . . . . . . . . . . . . . # # # # # # . . . . . . . . . . . . . . . . . . . . . . . . . . . . . . . . . . . . . . . . . . . . . . . . . . . . . . . . . . . . . . . . . . . . . . . . . . . . $ $ # . . . . . . . . . . . . . . . . . . . . . . 
. . . . . . . . . . . . . . . . . . . # # # # # $ # $ . . . . . . . . . . . . . . . . . . . . . . . . . . . . . . . . . . . . . . . . . . . . . . . . . . . . . . . . . . . . . . . . . . . . . # # # . . . . # # . . . . . . . . . . . . . . . . . . . . . 
 . . . . . . . . . . . . . . . . # # # # # . . . $ # . . . . . . . . . . . . . . . . . . . . . . . . . . . . . . . . . . . . . . . . . . . . . . . . . . . . . . . . . . . . . . . . . . . . # # # # # . . . . . . . . . . . . . . . . . . . . . . . . . . . 
. . . . . . . . . . . . . . . . . $ # # # . . . . # . . . . . . . . . . . . . . . . . . . . . . . . . . . . . . . . . . . . . . . . . . . . . . . . . . . . . . . . . . . . . . . . . . . . # # # # # # . . . . . . . . . . . . . . . . . . . . . . . . . . 
 . . . . . . . . . . . . . . . . # . . # . . . . # # . . . . . . . . . . . . . . . . . . . . . . . . . . . . . . . . . . . . . . . . . . . . . . . . . . . . . . . . . . . . . . . . . . . # # # # # # # # . . . . . . . . . . . . . . . . . . . . . . . . . 
. . . . . . . . . . . . . . . . # . . . . . . . . # # . . . . . . . . . . . . . . . . . . . . . . . . . . . . . . . # # . . . . . . . . . . . . . . . . . . . . . . . . . . . . . . . . . . # # # # # # # # . . . . . . . . . . . . . . . . . . . . . . . . 
 . . . . . . . . . . . . . . . # # . . . . . . . . . . . . . . . . . . . . . . . . . . . . . . . . . . . . . . . # $ # # . . . . . . . . . . . . . . . . . . . . . . . . . . . . . . . . . . # # # # # # # # # . . . . . . . . . . . . . . . . . . . . . . . 
. . . . . . . . . . . . . # # # # . . . . . . . . . . . . . . . . . . . . . . . . . . . . . . . . . . . . . . . # # # # # # . . . . . . . . . . . . . . . . . . . . . . . . . . . . . . . . # # # # # # # # # . . . . . . . . . . . . . . . . . . . . . . . 
 . . . . . . . . . . . # # # # # $ . . . . . . . . . . . . . . . . . . . . . . . . . . . . . . . . . . . . . # $ # # # # # # . . . . . . . . . . . . . . . . . . . . . . . . . . . . . . . . # # # # # # # # # . . . . . . . . . . . . . . . . . . . . . . . 
. . . . . . . . . . . . # # # # $ . . . . . . . . . . . . . . . . . . . . . . . . . . . . . . . . . . . . . $ # # # # # # # . . . . # # # . . . . . . . . . . . . . . . . . . . . . . . . . . # # # # # # # # . . . . . . . . . . . . . . . . . # . . . . . 
 . . . . . . . . . . . # # # # # . . . . . . . . . . . . . . . . . # # . . . . . . . . . . . . . . . . . . . # # # # # # . . . . . # # $ . . . . . . . . . . . . . . . . . . . . . . . . . . . $ . . . . . . . . . . . . . . . . . . . # # . . # # # . . . . 
. . . . . . . . . . . # # # # # . . . . . . . . . . . . . . . . . # # # # . . . . . . . . . . . . . . . . . . # # # # . . . . . . . $ # # . . . . . . . . . . . . . . . . . . . . . . . . . . . . . . . . . . . . . . . . . . . . . . # # # # # # # . . . . 
 . . . . . . . . . . # # # # # . . . . . . . . . . . . . . . . . $ # # # . . . . . . . . . . . . . . . . . . . . . . . . . . . . . # # # # # # # # # . . . . . . . . . . . . . . . . . . . . . . . . . . . . . . . . . . . . . . # # # # # # # # # # . . . . 
. . . . . . . . . . . # # # # . . . . . . . . . . . . . . . . $ # # # # # . . . . . . . . . . . . . . # . . . . . . . . . . . # # # # # # # # # # # # . . . # . . . . . . . . . . . . . . . . . . . . . . . . . . . . . . . . . # # # # # # # # # # # . . . 
 . . . . . . . . . . # # # # . . . . . . . . . . . . . . . . # # # # # # # # # . . . . . . . . . . # # $ # . . . . . . . . . . # # # # # # # # # # # # # $ # . . . . . . . . . . . . . . . . . . . . . . . . . . . . . . . . . . . # . . $ # # # # # # # . . 
. . . . . . . . $ # # # # # . . . . . . . . . . . . . . . . # # # # # # # # # . . . . . . . . . $ # # # # . . . . . . . . . . # # # # # # # # # # # # # # # . . . . . . . . . . . . . . . . . . . . . . . . . . . . . . . . . . . . . . . # # # # # # # $ . 
 . . . . . . . # # # # # # . . . . . . . . . . . . . . . . # # # # # # # # # # . . . . . . . . # # # # # . . . . . . . . . . # # # # # # # # # # # # # # # . . . . . . . . . . . . . . . . . . . . . . . . . . . . . . . . . . . . . . . . $ # # # # # # # . 
. . . . . . . . # # # # . . . . . . . . . . . . . . . # # # # # # # # # # # # # . . . . . . # # # # # # . . . . . . . . . . # # . . . . . . # # # # # # # . . . . . . . . . . . . . . . . . . . . . . . . . . . . . . . . . . . . . . . . # # # # # # # . . 
 . . . . . . . . # # # . . . . . . . . . . . . . . . # # # # # # # # # # # # # . . . . . . . . # # # # # . . . . . . . . . . . . . . . . . . $ # # . . . . . . . . . . . . . . . . . . . . . . . . . . . . . . . . . . . . . . . . . . . . # # # # # # . . . 
. . . . . . . . . . # . . . . . . . . . . . . . . # # # # # # # # # $ $ # # # $ . . . . . . . . # # # . . . . . . . . . . . . . . . . . . . $ # # . . . . . . . . . . . . . . . . . . . . . . . . . . . . . . . . . . . . . . . . . . . . $ # . . . . . . . 
 . . . . . . . . . . . . . . . . . . . . . . . . . . . . . $ $ # . . . . . # # . . . . . . . . . # # . . . . . . . . . . . . . . . . . . . . # $ . . . . . . . . . . . . . . . . . . . . . . . . . . . . . . . . . . . . . . . . . . . . . . . . . . . . . . 
. . . . . . . . . . . . . . . . . . . . . . . . . . . . . . . . . . . . . . # # . . . . . . . . . $ . . . . . . . . . . . . . . . . . . . . . # # . . . . . . . . . . . . . . . . . . . . . . . . . . . . . . . . . . . . . . . . . . . . . . . . . . . . . 
 . . . . . . . . . . . . . . . . . . . . . . . . . . . a . . . . . . . . . # # # . . . . . . . . . . . . . . . . . . . . . . . . . . . . . . . . . . . . . . . . . . . . . . . . . . . . . . . . . . . . . . . . . . . . . . . . . . . . . . . . . . . . . . 
. . . . . . . . . . . . . . . . . . . . . . . . . . . . . . . . . . . . . . $ # . . . . . . . . . . . . . . . . . . . . . . . . . . . . . . . . . . . . . . . . . . . . . . . . . . . . . . . . . . . . . . . . . . . . . . . . . . . . . . . . . . . . . . 
 . . . . . . . . . . . . . . . . . . . . . . . . . . . . . . . . . . . . . . . . . . . . . . . . . . . . . . . . . . . . . . . . . . . . . . . . . . . . . . . . . . . . . . . . . . . . . . . . . . . . . . . . . . . . . . . . . . . . . . . . . . . . . . 
. . . . . . . . . . . . . . . . . . . . . . . . . . . . . . . . . . . . . . . . . . . . . . . . . . . . . . . . . . . . . . . . . . . . . . . . . . . . . . . . . . . . . . . . . . . . . . . . . . . . . . . . . . . . . . . . . . . . . . . . . . . . . . 
 . . . . . . . . . . . . . . . . . . . . . . . . . . . . . . . . . . . . . . . . . . . . . . . . . . . . . . . . . . . . . . . . . . . . . . . . . . . . . . . . . . . . . . . . . . . . . . . . . . . . . . . . . . . . . . . . . . . . . . . . . . . . . . 
. . . . . . . . . . . . . . . . . . . . . . . . . . . . . . . . . . . . . . . . . . . . . . . . . . . . . . . . . . . . . . . . . . . . . . . . . . . . . . . . . . . . . . . . . . . . . . . . . . . . . . . . . . . . . . . . . . . . . . . . . . . . . . 
 . . . . . . . . . . . . . . . . . . . . . . . . . . . . . . . . . . . . . . . . . . . . . . . . . . . . . . . . . . . . . . . . . . . . . . . . . . . . . . . . . . . . . . . . . . . . . . . . . . . . . . . . . . . . . . . . . . . . . . . . . . . . . . 
. . . . . $ . . . . . . . . . . . . . . . . . . . . . . . . . . . . . . . . . . . . . . . . . . . . . . . . . . . . . . . . . . . . . . . . . . . . . . . . . . . . . . . . . . . . . . . . . . . . . . . . . . . . . . . . . . . . . . . . . . . . . . . . 
 . . . . # # # . . . . . . . . . . . . . . . . . . . . . . . . . . . . . . . . . . . . . . . . . . . . . . . . . . . . . . . . . . . . . . . . . . . . . . . . . . . . . . . . . . . . . . . . . . . . . . . . . . . . . . . . . . . . . . . . . . . . . . . 
. . . . # # # # . . . . . . . . . . . . . . . . . . . . . . . . . . . . . . . . . . . . . . . . . . . . . . . . . . . . . . . . . . . . . . . . . . . . . . . . . . . . . . . . . . . . . . . . $ . . . . . . . . . . . . . . . . . . . . . . . . . . . . . 
 . # # # # # # # # . . . . . . . . . . . . . . . . . . . . . . . . . . . . . . . . . . . . . . . . . . . . . . . . . . . . . . . . . . . . . . . . . . . . . . . . . . . . . . . . . . . . . # # $ # . . . . . . . . . . . . . . . . . . . . . . . . . . . . 
$ # # # # # # # # . . . . . . . . . . . . . . . . . . . . . . . . . . . . . . . . . . . . . . . . . . . . . . . . . . . . . . . . . . . . . . . . . . . . . . . . . . . . . . . . . . # # # # # # # # . . . . . . . . . . . . . . . . . . . . . . . . . . . 
 # # # # # # # # . . . . . . . . . . . . . . . . . . . . . . . . . . . . . . . . . . . . . . . . . . . . . . . . . . . . . . . . . . . . . . . . . . . . . . . . . . . . . . . . # # # # # # . . # # # # # # # # . . . . . . . . . . . . . . . . . . . . . . 
. # # # # # . . . . . . . . . . . . . . . . . . . . . . . . . . . . . . . . . . . . . . . . . . . . . . . . . . . . . . . . . . . . . . . . . . . . . . . . . . . . . . . . . . . # # # # # . . . # # # # # # # # . . . . . . . . . . . . . . # # # . . . . 
 . # # # . . . . . . . . . . . . . . . . . . . . . . . . . . . . . . . . . . . . . . . . . . . . . . . . . . . . . . . . . . . . . . . . . . . . . . . . . . . . . . . . . . . . . # # # # . . . . # # # # # # # . . . . . . . . . . . . . . . # # # . . . . 
. # # # . . . . . . . . . . . . . . . . . . . . . . . . . . . . . . . . . . . . . . . . . . . . . . . . . . . . . . . . . . . . . . . . . . . . . . . . . . . . . . . . . . . . . . # # # . . . . . # # # # # # . . . . . . . . . . . . . . . . # $ . . . . 
 # # # . . . . . . . . . . . . . . . # . . . . . . . . . . . . . . . . . . . . . . . . . . . . . . . . . . . . . . . . . . . . . . . . . . . . . . . . . . . . . . . . . . . . . . . . # . . . . . . . # # # # # . . . . . . . . . . . . . . . . # . . . . # 
# # # # . . . . . . . . . . . . . $ # # # . . . . . . . . . . . . . . . . . . . . . . . . . . . . . . . . . . . . . . . . . . . . . . . . . . . . . . . . . . . . . . . . . . . . . . . . . . . . . . . . . . # # # # . . . . . . . . . . . . . . $ . . . . 
 # # # $ . . . . . . . . . . . . # # # # # . . . . . . . . . . . . . . . . . . . . . . . . . . . . . . . . . . . . . . . . . . . . . . . . . . . . . . . . . . . . . . . . . . . . . . . . . . . . . . . . . . # # # . . . . . . . . . . . . . . # # . . . # 
# # # # . . . . . . . . . . . . . # # # # . . . . . . . . . . . . . . . . . . . . . . . . . . . . . . . . . . . . . . . . . . . . . . . . . . . . . . . . . . . . . . . . . . . . . . . . . . . . . . . . . . . # # # . . . . . . . . . . . . . # # # # # # 
 # . . . . . . . . . . . . . . . . # # # . . . . . . . . . . . . . . . . . . . . . . . . . . . . . . . . . . . . . . . . . . . . . . . . . . . . . . . . . . . . . . . . . . . . . . . . . . . . . . . . . . . . # # # . . . . . . . . . . . . . # # # # # # 
. . . . . . . . . . . . . . . . . $ # # . . . . . . . . . . . . . . . . . . . . . . . . . . . . . . . . . . . . . . . . . . . . . . . . . . . . . . . . . . . . . . . . . . . . . . . . . . . . . . . . . . . . . # # . . . . . . . . . . . . . # # # # # # 
 . . . . . . . . . . . . . . . # # # . . . . . . . . . . . . . . . . . . . . . . . . . . . . . . . . . . . . . . . . . . . . . . . . . . . . . . . . . . . . . . . . . . . . . . . . . . . . . . . . . . . . . . # # # . . . . . . . . . . . . . . . . . . . 
. . . . . . . . . $ # . . . . . # # . . . . . . . . . . . . . . . . . . . . . . . . . . . . . . . . . . . . . . . . . . . . . . . . . . . . . . . . . . . . . . . . . . . . . . . . . . . . . . . . . . . . . . # # # # # . . . . . . . . . . . . . . . . . 
 . . . . . . . . # # . . . . . # . . . . . . . . . . . . . . . . . . . . . . . . . . . . . . . . . . . . . . . . . . . . . . . . . . . . . . . . . . . . . . . . . . . . . . . . . . . . . . . . . . . . . . . . . # # # . . . . . . . . . . . . . . . . . . 
. . . . . . . . . # . . . . . # . . . . . . . . . . . . . . . . . . . . . . . . . . . . . . . . . . . . . . . . . . . . . . . . . . . . . . . . . . . . . . . . . . . . . . . . . . . . . . . . . . . . . . . . . . . # . . . . . . . . . . . . . . . . . . 
 . . . . . . . . # # . . . # # # . . . . . . . . . . . . . . . . . . . . . . . . . . . . . . . . . . . . . . . . . . . . . . . . . . . . . . . . . . . . . . . . . . . . . . . . . . . . . . . . . . . . . . . . . . . . . . . . . . . . . . . . . . . . . . 
. . . . . . . . $ # $ # # $ # # # . . . . . . . . . . . . . . . . . . . . . . . . . . . . . . . . . . . . . . . . . . . . . . . . . . . . . . . . . . . . . . . . . . . . . . . . . . . . . . . . . . . . . . . . . . . . . . . . . . . . . . . . . . . . . 
 . . . . . . # # # # # # # # # . . . . . . . . . . . . . . . . . . . . . . . . . . . . . . . . . . . . . . . . . . . . . . . . . . . . . . . . . . . . . . . . . . . . . . . . . . . . . . . . . . . . . . # # . . . . . . . . . . . . . . . . . . . . . . . 
. . . . . . . # # # # # # . . . . . . . . . . . . . . . . . . . . . . . . . . . . . . . . . . . . . . . . . . . . . . . . . . . . . . . . . . . . . . . . . . . . . . . . . . . . . . . . . . . . . . . . # # # # . . . . . . . . . . . . . . . . . . . . . 
 . . . . . . # # # # # # . . . . . . . . . . . . . . . . . . . . . . . . . . . . . . . . . . . . . . . . . . . . . . . . . . . . . . . . . . . . . . . . . . . . . . . . . . . . . . . . . . . . . . . . . # # # # # # # . . . . . . . . . . . . . . . . . . 
. . . . . . # # # # # # # . . . . . . . . . . . . . . . . . . . . . . . . . . . . . . . . . . . . . . . . . . . . . . . . . . . . . . . . . . . . . . . . . . . . . . . . . . . . . . . . . . . . . . . . . # # # # # # # # # . . . . . . . . . . . . . . . 
 . . . . . . # # # # # # . . . . . . . . . . . . . . . . . . . . . . . . . . . . . . . . . . . . . . . . . . . . . . . . . . . . . . . . . . . . . . . . . . . . . . . . . . . . . . . . . . . . . . . . . . . # # # # # # # # . . . . . . . . . . . . . . . 
. . . . . . # # $ . . # . . . . . . . . . . . . . . . . . . . . . . . . . . . . . . . . . . . . . . . . . . . . . . . . . . . . . . . . . . . . . . . . . . . . . . . . . . . . . . . . . . . . . . . . . . . . . # # # # # # . . . . . . . . . . . . . . . 
 . . . . . $ # # . . . . . . . . . . . . . . . . . . . . . . . . . . . . . . . . . . . . . . . . . . . . . . . . . . . . . . . . . . . . . . . . . . . . . . . . . . . . . . . . . . . . . . . . . . . . . . . . . . . . . . . . . . . . . . . . . . . . . . 
. . . . . # # $ . . . . . . . . . . . . . . . . . . . . . . . . . . . . . . . . . . . . . . . . . . . . . . . . . . . . . . . . . . . . . . . . . . . . . . . . . . . . . . . . . . . . . . . . . . . . . . . . . . . . . . . . . . . . . . . . . . . . . . 
 . . . . $ # # . . . . . . . . . . . . . . . . . . . . . . . . . . . . . . . . . . . . . . . . . . . . . . . . . . . . . . . . . . . . . . . . . . . . . . . . . . . . . . . . . . . . . . . . . . . . . . . . . . . . . . . . . . . . . . . . . . . . . . . 
. . . . . $ # # . . . . . . . . . . . . . . . . . . . . . . . . . . . . . . # # # . . . . . . . . . . . . . . . . . . . . . . . . . . . . . . . . . . . . . . . . . . . . . . . . . . . # # . . . . . . . . . . . . . . . . . . . . . . . . . . . . . . . . 
 . . . . . . # . . . . . . . . . . . . . . . . . . . . . . . . . . . . . # # # # # # . . . . . . . . . . . . . . . . . . . . . . . . . . . . . . . . . . . . . . . . . . . . . . . . . . # # # . . . . . . . . . . . . . . . . . . . . . . . . . . . . . . . 
. . . . . . . . . . . . . . . . . . . . . . . . . . . . . . . . . . . . # # # # # # $ . . . . . . . . . . . . . . . . . . . . . . . . . . . . . . . . . . . . . . . . . . . . . . . . . # # # . . . . . . . . . . . . . . . . . . . . . . . . . . . . . . . 
 . . . . . . . . . . . . . . . . . . . . . . . . . . . . . . . . . . . # # # # # # # # . . . . . . . . . . . . . . . . . . . . . . . . . . . . . . . . . . . . . . . . . . . . . . . . . # # # . . . . . . . . . . . . . . . . . . . . . . . . . . . . . . . 
. . . . . . . . . . . . . . . . . . . . . . . . . . . . . . . . . . . # # # # # # # # . . . . . . . . . . . . . . . . . . . . . . . . . . . . . . . . . . . . . . . . . . . . . . . . . # # # # . . . . . . . . . . . . . . . . . . . . . . . . . . . . . . 
 . . . . . . . . . . . . . . . . . . . . . . . . . . . . . . . . . . # # # # # # # . . . . . . . . . . . . . . . . . . . . . . . . . . . . . . . . . . . . . . . . . . . . . . . . . . . # # # # # . . . . . . . . . . . . . . . . . . . . . . . . . . . . . 
. . . . . . . . . . . . . . . . . . . . . . . . . . . . . . . . . . # # # # # # . . . . . . . . . . . . . . . . . . . . . . . . . . . . . . . . . . . . . . . . . . . . . . . . . . . . . $ # # # . . . . . . . . . . . . . . . . . . . . . . . . . . . . . 
 . . . . . . . . . . . . . . . . . . . . . . . . . . . . . . . . . . # # # # # . . . . . . . . . . . . . . . . . . . . . . . . . . . . . . . . . . . . . . . . . . . . . . . . . . . . . . # # $ . . . . . . . . . . . . . . . . . . . . . . . . . . . . . . 
. . . . . . . . . . . . . . . . . . . . . . . . . . . . . . . . . . # # # # # . . . . . . . . . . . . . . . . . . . . . . . . . . . . . . . . . . . . . . . . . . . . . . . . . . . . . . . # # # . . . . . . . . . . . . . . . . . . . . . . . . . . . . . 
 . . . . . . . . . . . . . . . . . . . . . . . . . . . . . . . . . # # # # # # . . . . . . . . . . . . . . . . . . . . . . . . . . . . . . . . . . . . . . . . . . . . . . . . . . . . . . . $ # # . . . . . . . . . . . . . . . . . . . . . . . . . . . . . 
. . . . . . . . . . . . . . . . . . . . . . . . . . . . . . . . . $ # # # # # . . . . . . . . . . . . . . . . . . . . . . . . . . . . . . . . . . . . . . . . . . . . . . . . . . . . . . . . . # $ . . . . . . . . . . . . . . . . . . . . . . . . . . . . 
 . . . . . . . . . . . . . . . . . . . . . . . . . . . . . . . . . # # # # # . . . . . . . . . . . . . . . . . . . . . . . . . . . . . . . . . . . . . . . . . . . . . . . . . . . . . . . . . . . . . . . . . . . . . . . . . . . . . . . . . . . . . . . . 
. . . . . . . . . . . . . . . . . . . . . . . . . . . . . . . . . # # # # # . . . . . . . . . . . . . . . . # # . . . . . . . . . . . . . . . . . . . . . . . . . . . . . . . . . . . . . . . . . . . . . . . . . . . . . . . . . . . . . . . . . . . . . . 
 . . . . . . . . . . . . . . . . . . . . . . . . . . . . . . . . . # # # # # . . . . . . . . . . . . . . # # # . . . . . . . . . . . . . . . . . . . . . . . . . . . . . . . . . . . . . . . . . . . . . . . . . . . . . . . . . . . . . . . . . . . . . . . 
. . . . . . . . . . . . . . . . . . . . . . . . . . . . . . . . . . # # # # . . . . . . . . . . . . . . . # # # . . . . . . . . . . . . . . . . . . . . . . . . . . . . . . . . . . . . . . . . . . . . . . . . . . . . . . . . . . . . . . . . . . . . . . 
 . . . . . . . . . . . . . . . . . . . . . . . . . . . . . . . . . . # # # # . . . . . . . . . . . . . . # # # # . . . . . . . . . . . . . . . . . . . . . . . . . . . . . . . . . . . . . . . . . . . . . . . . . . . . . . . . . . . . . . . . . # . . . . 
. . . . . . . . . . . . . . . . . . . . . . . . . . . . . . . . . . . # # # # # . . . . . . . . . . . . # # # # # . . . . . . . . . . . . . . . . . . . . . . . . . . . . . # # # # # . . . . . . . . . . . . . . . . . . . . . . . . . . . . . . . . . . . 
 . . . . . . . . . . . . . . . . . . . . . . . . . . . . . . . . . . . . $ # # # . . . . . . . . . . . . # # # # # # # # . . . . . . . . . . . . . . . . . . . . . . . . . # # # # # # . . . . . . . . . . . . . . . . . . . . . . . . . . . . . # . # . . . 
. # # . . . . . . . . . . . . . . . . . . . . . . . . . . . . . . . . . . . # # # . . . . . . . . . . . # # # # # # # # . . . . . . . . . . . . . . . . . . . . . . . . . # # # # # # . . . . . . . . . . . . . . . . . . . . . . . . . . . . . . . # $ . . 
 # # # # . . . . . . . . . . . . . . . . . . . . . . . . . . . . . . . . . . . # . . . . . . . . . . . # # # # # # # # $ . . . . . . . . . . . . . . . . . . . . . . . . . $ # # # # # . . . . . . . . . . . . . . . . . . . . . . . . . . . . . . . . . # $ 
# # # # . . . . . . . . . . . . . . . . . . . . . . . . . . . . . . . . . . . . . . . . . . . . . . . # # # # # # # # # . . . . . . . . . . . . . . . . . . . . . . . . . . # # # . . . . . . . . . . . . . . . . . . . . . . . . . . . # . . . . . . . # # 
 # # # . . . . . . . . . . . . . . . . . . . . . . . . . . . . . . . . . . . . . . . . . . . . . . . . # # # # # # # # . . . . . . . . . . . . . . . . . . . . . . . . . . . # # . . . . . . . . . . . . . . . . . . . . . . . . . . . # # # . . . . . . . # 
# # # . . . . . . . . . . . . . . . . . . . . . . . . . . . . . . . . . . . . . . . . . . . . . . . . . # # # # # # # . . . . . . . . . . . . . . . . . . . . . . . . . . . . # # . . . . # # . . . . . . . . . . . . . . . . . . . . # $ . . . . . . . . . 
 # # # . . . . . . . . . . . . . . . . . . . . . . . . . . . . . . . . . . . . . . . . . . . . . . . . . . . # # # # # . . . . . . . . . . . # . . . . . . . . . . . . . . . # # # $ # # # # # . . . . . . . . . . . . . . . . . . . . . . . # . . . . . . . 
# # . . . . . . . . . . . . . . . . . . . . . . . . . . . . . . . . . . . . . . . . . . . . . . . . . . . . . . $ # # . . . . . . . . . . . # # # # . . . . . . . . . . . . . $ # # # # # # # # . . . . . . . . . . . . . . . . . . . . . . # $ # # . . . . 
 . . . . . . . . . . . . . . . . . . . . . . . . . . . . . . . . . . . . . . . . . . . . . . . . . . . . . . . . # # . . . . . . . . . . . . # # # # . . . . . . . . . . . . . # # # # # # # # # . . . . . . . . . . . . . . . . . . . . . # # # # # . . . . 
